<html>
<body>
<pre>
<h1>µVision Build Log</h1>
<h2>Tool Versions:</h2>
IDE-Version: ¦ÌVision V5.23.0.0
Copyright (C) 2017 ARM Ltd and ARM Germany GmbH. All rights reserved.
License Information: Microsoft, Microsoft, LIC=D0DTG-V164K-V1NP8-3FC2P-BNK0Y-B5AVJ
 
Tool Versions:
Toolchain:       MDK-ARM Plus  Version: 5.23
Toolchain Path:  C:\Keil_v5\ARM\ARMCC\Bin
C Compiler:      Armcc.exe V5.06 update 4 (build 422)
Assembler:       Armasm.exe V5.06 update 4 (build 422)
Linker/Locator:  ArmLink.exe V5.06 update 4 (build 422)
Library Manager: ArmAr.exe V5.06 update 4 (build 422)
Hex Converter:   FromElf.exe V5.06 update 4 (build 422)
CPU DLL:         SARMCM3.DLL V5.23
Dialog DLL:      DCM.DLL V1.15.0.0
Target DLL:      STLink\ST-LINKIII-KEIL_SWO.dll V2.0.18.0
Dialog DLL:      TCM.DLL V1.27.0.0
 
<h2>Project:</h2>
D:\Desktop\H750\H750Àý³Ì-HAL¿â\Àý41 SD¿¨ÊµÑé\USER\TEST.uvprojx
Project File Date:  08/29/2019

<h2>Output:</h2>
*** Using Compiler 'V5.06 update 4 (build 422)', folder: 'C:\Keil_v5\ARM\ARMCC\Bin'
Rebuild target 'TEST'
compiling system_stm32h7xx.c...
compiling stm32h7xx_it.c...
assembling startup_stm32h750xx.s...
compiling main.c...
compiling stm32h7xx_hal_msp.c...
compiling delay.c...
compiling sys.c...
compiling usart.c...
compiling stm32h7xx_hal.c...
compiling stm32h7xx_hal_cortex.c...
compiling stm32h7xx_hal_dma2d.c...
compiling stm32h7xx_hal_dma.c...
compiling stm32h7xx_hal_dma_ex.c...
compiling stm32h7xx_hal_pwr.c...
compiling stm32h7xx_hal_gpio.c...
compiling stm32h7xx_hal_pwr_ex.c...
compiling stm32h7xx_hal_rcc.c...
compiling stm32h7xx_hal_uart.c...
compiling stm32h7xx_hal_rcc_ex.c...
compiling stm32h7xx_hal_uart_ex.c...
compiling stm32h7xx_hal_tim.c...
compiling stm32h7xx_hal_usart.c...
compiling stm32h7xx_hal_tim_ex.c...
compiling stm32h7xx_hal_sram.c...
compiling stm32h7xx_ll_fmc.c...
compiling stm32h7xx_hal_ltdc.c...
compiling stm32h7xx_hal_mdma.c...
compiling stm32h7xx_hal_sdram.c...
compiling stm32h7xx_hal_sd_ex.c...
compiling stm32h7xx_ll_sdmmc.c...
compiling stm32h7xx_hal_sd.c...
compiling led.c...
compiling key.c...
compiling mpu.c...
compiling lcd.c...
compiling sdram.c...
compiling ltdc.c...
compiling sdmmc_sdcard.c...
compiling malloc.c...
linking...
Program Size: Code=31042 RO-data=19090 RW-data=124 ZI-data=2853352  
FromELF: creating hex file...
"..\OBJ\Template.axf" - 0 Error(s), 0 Warning(s).

<h2>Collection of Component include folders:</h2>
  .\RTE\_TEST
  C:\Keil_v5\ARM\PACK\Keil\STM32H7xx_DFP\2.3.0\Drivers\CMSIS\Device\ST\STM32H7xx\Include

<h2>Collection of Component Files used:</h2>
Build Time Elapsed:  00:04:11
</pre>
</body>
</html>
