Component: ARM Compiler 5.06 update 4 (build 422) Tool: armlink [4d35d2]

==============================================================================

Section Cross References

    main.o(i.main) refers to sys.o(i.Cache_Enable) for Cache_Enable
    main.o(i.main) refers to sys.o(i.Stm32_Clock_Init) for Stm32_Clock_Init
    main.o(i.main) refers to stm32h7xx_hal.o(i.HAL_Init) for HAL_Init
    main.o(i.main) refers to delay.o(i.delay_init) for delay_init
    main.o(i.main) refers to usart.o(i.uart_init) for uart_init
    main.o(i.main) refers to led.o(i.LED_Init) for LED_Init
    main.o(i.main) refers to key.o(i.KEY_Init) for KEY_Init
    main.o(i.main) refers to mpu.o(i.MPU_Memory_Protection) for MPU_Memory_Protection
    main.o(i.main) refers to lcd.o(i.LCD_Init) for LCD_Init
    main.o(i.main) refers to gbk_libdrive.o(i.GBK_Lib_Init) for GBK_Lib_Init
    main.o(i.main) refers to lcd.o(i.LCD_Clear) for LCD_Clear
    main.o(i.main) refers to dma.o(i.MYDMA_Config) for MYDMA_Config
    main.o(i.main) refers to text.o(i.Draw_Font16B) for Draw_Font16B
    main.o(i.main) refers to text.o(i.Draw_Font24B) for Draw_Font24B
    main.o(i.main) refers to key.o(i.KEY_Scan) for KEY_Scan
    main.o(i.main) refers to printfa.o(i.__0printf) for __2printf
    main.o(i.main) refers to stm32h7xx_hal_uart.o(i.HAL_UART_Transmit_DMA) for HAL_UART_Transmit_DMA
    main.o(i.main) refers to stm32h7xx_hal_uart.o(i.HAL_UART_DMAStop) for HAL_UART_DMAStop
    main.o(i.main) refers to delay.o(i.delay_ms) for delay_ms
    main.o(i.main) refers to stm32h7xx_hal_gpio.o(i.HAL_GPIO_TogglePin) for HAL_GPIO_TogglePin
    main.o(i.main) refers to printfa.o(i.__0sprintf) for __2sprintf
    main.o(i.main) refers to main.o(.data) for .data
    main.o(i.main) refers to main.o(.bss) for .bss
    main.o(i.main) refers to main.o(.constdata) for .constdata
    main.o(i.main) refers to lcd.o(.data) for POINT_COLOR
    main.o(i.main) refers to usart.o(.bss) for UART1_Handler
    main.o(i.main) refers to dma.o(.bss) for UART1TxDMA_Handler
    stm32h7xx_it.o(i.SysTick_Handler) refers to stm32h7xx_hal.o(i.HAL_IncTick) for HAL_IncTick
    system_stm32h7xx.o(i.SystemCoreClockUpdate) refers to system_stm32h7xx.o(.data) for .data
    system_stm32h7xx.o(i.SystemCoreClockUpdate) refers to system_stm32h7xx.o(.constdata) for .constdata
    startup_stm32h750xx.o(RESET) refers to startup_stm32h750xx.o(STACK) for __initial_sp
    startup_stm32h750xx.o(RESET) refers to startup_stm32h750xx.o(.text) for Reset_Handler
    startup_stm32h750xx.o(RESET) refers to stm32h7xx_it.o(i.NMI_Handler) for NMI_Handler
    startup_stm32h750xx.o(RESET) refers to stm32h7xx_it.o(i.HardFault_Handler) for HardFault_Handler
    startup_stm32h750xx.o(RESET) refers to stm32h7xx_it.o(i.BusFault_Handler) for BusFault_Handler
    startup_stm32h750xx.o(RESET) refers to stm32h7xx_it.o(i.UsageFault_Handler) for UsageFault_Handler
    startup_stm32h750xx.o(RESET) refers to stm32h7xx_it.o(i.SVC_Handler) for SVC_Handler
    startup_stm32h750xx.o(RESET) refers to stm32h7xx_it.o(i.DebugMon_Handler) for DebugMon_Handler
    startup_stm32h750xx.o(RESET) refers to stm32h7xx_it.o(i.PendSV_Handler) for PendSV_Handler
    startup_stm32h750xx.o(RESET) refers to stm32h7xx_it.o(i.SysTick_Handler) for SysTick_Handler
    startup_stm32h750xx.o(RESET) refers to usart.o(i.USART1_IRQHandler) for USART1_IRQHandler
    startup_stm32h750xx.o(.text) refers to system_stm32h7xx.o(i.SystemInit) for SystemInit
    startup_stm32h750xx.o(.text) refers to entry.o(.ARM.Collect$$$$00000000) for __main
    delay.o(i.delay_init) refers to stm32h7xx_hal_cortex.o(i.HAL_SYSTICK_CLKSourceConfig) for HAL_SYSTICK_CLKSourceConfig
    delay.o(i.delay_init) refers to delay.o(.data) for .data
    delay.o(i.delay_ms) refers to delay.o(i.delay_us) for delay_us
    delay.o(i.delay_us) refers to delay.o(.data) for .data
    sys.o(i.QSPI_Enable_Memmapmode) refers to stm32h7xx_hal_gpio.o(i.HAL_GPIO_Init) for HAL_GPIO_Init
    sys.o(i.Stm32_Clock_Init) refers to stm32h7xx_hal_rcc.o(i.HAL_RCC_OscConfig) for HAL_RCC_OscConfig
    sys.o(i.Stm32_Clock_Init) refers to stm32h7xx_hal_rcc.o(i.HAL_RCC_ClockConfig) for HAL_RCC_ClockConfig
    sys.o(i.Stm32_Clock_Init) refers to stm32h7xx_hal.o(i.HAL_EnableCompensationCell) for HAL_EnableCompensationCell
    usart.o(i.HAL_UART_MspInit) refers to stm32h7xx_hal_gpio.o(i.HAL_GPIO_Init) for HAL_GPIO_Init
    usart.o(i.HAL_UART_MspInit) refers to stm32h7xx_hal_cortex.o(i.HAL_NVIC_EnableIRQ) for HAL_NVIC_EnableIRQ
    usart.o(i.HAL_UART_MspInit) refers to stm32h7xx_hal_cortex.o(i.HAL_NVIC_SetPriority) for HAL_NVIC_SetPriority
    usart.o(i.HAL_UART_RxCpltCallback) refers to usart.o(.data) for .data
    usart.o(i.HAL_UART_RxCpltCallback) refers to usart.o(.bss) for .bss
    usart.o(i.USART1_IRQHandler) refers to stm32h7xx_hal_uart.o(i.HAL_UART_IRQHandler) for HAL_UART_IRQHandler
    usart.o(i.USART1_IRQHandler) refers to stm32h7xx_hal_uart.o(i.HAL_UART_GetState) for HAL_UART_GetState
[...]
    ..\HARDWARE\LCD200H\FONT.c               0x00000000   Number         0  font.o ABSOLUTE
    ..\HARDWARE\LCD200H\Picture.c            0x00000000   Number         0  picture.o ABSOLUTE
    ..\HARDWARE\LCD200H\Text.c               0x00000000   Number         0  text.o ABSOLUTE
    ..\HARDWARE\LCD200H\lcd.c                0x00000000   Number         0  lcd.o ABSOLUTE
    ..\HARDWARE\LED\led.c                    0x00000000   Number         0  led.o ABSOLUTE
    ..\HARDWARE\MPU\mpu.c                    0x00000000   Number         0  mpu.o ABSOLUTE
    ..\HARDWARE\SPI\spi.c                    0x00000000   Number         0  spi.o ABSOLUTE
    ..\SYSTEM\delay\delay.c                  0x00000000   Number         0  delay.o ABSOLUTE
    ..\SYSTEM\sys\sys.c                      0x00000000   Number         0  sys.o ABSOLUTE
    ..\SYSTEM\usart\usart.c                  0x00000000   Number         0  usart.o ABSOLUTE
    ..\\HALLIB\\STM32H7xx_HAL_Driver\\Src\\stm32h7xx_hal.c 0x00000000   Number         0  stm32h7xx_hal.o ABSOLUTE
    ..\\HALLIB\\STM32H7xx_HAL_Driver\\Src\\stm32h7xx_hal_cortex.c 0x00000000   Number         0  stm32h7xx_hal_cortex.o ABSOLUTE
    ..\\HALLIB\\STM32H7xx_HAL_Driver\\Src\\stm32h7xx_hal_dma.c 0x00000000   Number         0  stm32h7xx_hal_dma.o ABSOLUTE
    ..\\HALLIB\\STM32H7xx_HAL_Driver\\Src\\stm32h7xx_hal_dma_ex.c 0x00000000   Number         0  stm32h7xx_hal_dma_ex.o ABSOLUTE
    ..\\HALLIB\\STM32H7xx_HAL_Driver\\Src\\stm32h7xx_hal_gpio.c 0x00000000   Number         0  stm32h7xx_hal_gpio.o ABSOLUTE
    ..\\HALLIB\\STM32H7xx_HAL_Driver\\Src\\stm32h7xx_hal_ltdc.c 0x00000000   Number         0  stm32h7xx_hal_ltdc.o ABSOLUTE
    ..\\HALLIB\\STM32H7xx_HAL_Driver\\Src\\stm32h7xx_hal_mdma.c 0x00000000   Number         0  stm32h7xx_hal_mdma.o ABSOLUTE
    ..\\HALLIB\\STM32H7xx_HAL_Driver\\Src\\stm32h7xx_hal_pwr.c 0x00000000   Number         0  stm32h7xx_hal_pwr.o ABSOLUTE
    ..\\HALLIB\\STM32H7xx_HAL_Driver\\Src\\stm32h7xx_hal_pwr_ex.c 0x00000000   Number         0  stm32h7xx_hal_pwr_ex.o ABSOLUTE
    ..\\HALLIB\\STM32H7xx_HAL_Driver\\Src\\stm32h7xx_hal_rcc.c 0x00000000   Number         0  stm32h7xx_hal_rcc.o ABSOLUTE
    ..\\HALLIB\\STM32H7xx_HAL_Driver\\Src\\stm32h7xx_hal_rcc_ex.c 0x00000000   Number         0  stm32h7xx_hal_rcc_ex.o ABSOLUTE
    ..\\HALLIB\\STM32H7xx_HAL_Driver\\Src\\stm32h7xx_hal_sdram.c 0x00000000   Number         0  stm32h7xx_hal_sdram.o ABSOLUTE
    ..\\HALLIB\\STM32H7xx_HAL_Driver\\Src\\stm32h7xx_hal_spi.c 0x00000000   Number         0  stm32h7xx_hal_spi.o ABSOLUTE
    ..\\HALLIB\\STM32H7xx_HAL_Driver\\Src\\stm32h7xx_hal_sram.c 0x00000000   Number         0  stm32h7xx_hal_sram.o ABSOLUTE
    ..\\HALLIB\\STM32H7xx_HAL_Driver\\Src\\stm32h7xx_hal_uart.c 0x00000000   Number         0  stm32h7xx_hal_uart.o ABSOLUTE
    ..\\HALLIB\\STM32H7xx_HAL_Driver\\Src\\stm32h7xx_hal_uart_ex.c 0x00000000   Number         0  stm32h7xx_hal_uart_ex.o ABSOLUTE
    ..\\HALLIB\\STM32H7xx_HAL_Driver\\Src\\stm32h7xx_hal_usart.c 0x00000000   Number         0  stm32h7xx_hal_usart.o ABSOLUTE
    ..\\HALLIB\\STM32H7xx_HAL_Driver\\Src\\stm32h7xx_ll_fmc.c 0x00000000   Number         0  stm32h7xx_ll_fmc.o ABSOLUTE
    ..\\HARDWARE\\DMA\\dma.c                 0x00000000   Number         0  dma.o ABSOLUTE
    ..\\HARDWARE\\GBK_LibDrive\\GBK_LibDrive.c 0x00000000   Number         0  gbk_libdrive.o ABSOLUTE
    ..\\HARDWARE\\KEY\\key.c                 0x00000000   Number         0  key.o ABSOLUTE
    ..\\HARDWARE\\LCD200H\\Dis_Picture.c     0x00000000   Number         0  dis_picture.o ABSOLUTE
    ..\\HARDWARE\\LCD200H\\Picture.c         0x00000000   Number         0  picture.o ABSOLUTE
    ..\\HARDWARE\\LCD200H\\Text.c            0x00000000   Number         0  text.o ABSOLUTE
    ..\\HARDWARE\\LCD200H\\lcd.c             0x00000000   Number         0  lcd.o ABSOLUTE
    ..\\HARDWARE\\LED\\led.c                 0x00000000   Number         0  led.o ABSOLUTE
    ..\\HARDWARE\\MPU\\mpu.c                 0x00000000   Number         0  mpu.o ABSOLUTE
    ..\\HARDWARE\\SPI\\spi.c                 0x00000000   Number         0  spi.o ABSOLUTE
    ..\\SYSTEM\\delay\\delay.c               0x00000000   Number         0  delay.o ABSOLUTE
    ..\\SYSTEM\\sys\\sys.c                   0x00000000   Number         0  sys.o ABSOLUTE
    ..\\SYSTEM\\usart\\usart.c               0x00000000   Number         0  usart.o ABSOLUTE
    cdrcmple.s                               0x00000000   Number         0  cdrcmple.o ABSOLUTE
    dc.s                                     0x00000000   Number         0  dc.o ABSOLUTE
    handlers.s                               0x00000000   Number         0  handlers.o ABSOLUTE
    init.s                                   0x00000000   Number         0  init.o ABSOLUTE
    main.c                                   0x00000000   Number         0  main.o ABSOLUTE
    main.c                                   0x00000000   Number         0  main.o ABSOLUTE
    stm32h7xx_hal_msp.c                      0x00000000   Number         0  stm32h7xx_hal_msp.o ABSOLUTE
    stm32h7xx_hal_msp.c                      0x00000000   Number         0  stm32h7xx_hal_msp.o ABSOLUTE
    stm32h7xx_it.c                           0x00000000   Number         0  stm32h7xx_it.o ABSOLUTE
    stm32h7xx_it.c                           0x00000000   Number         0  stm32h7xx_it.o ABSOLUTE
    system_stm32h7xx.c                       0x00000000   Number         0  system_stm32h7xx.o ABSOLUTE
    system_stm32h7xx.c                       0x00000000   Number         0  system_stm32h7xx.o ABSOLUTE
    RESET                                    0x08000000   Section      664  startup_stm32h750xx.o(RESET)
    .ARM.Collect$$$$00000000                 0x08000298   Section        0  entry.o(.ARM.Collect$$$$00000000)
    .ARM.Collect$$$$00000001                 0x08000298   Section        4  entry2.o(.ARM.Collect$$$$00000001)
    .ARM.Collect$$$$00000004                 0x0800029c   Section        4  entry5.o(.ARM.Collect$$$$00000004)
    .ARM.Collect$$$$00000008                 0x080002a0   Section        0  entry7b.o(.ARM.Collect$$$$00000008)
    .ARM.Collect$$$$0000000A                 0x080002a0   Section        0  entry8b.o(.ARM.Collect$$$$0000000A)
    .ARM.Collect$$$$0000000B                 0x080002a0   Section        8  entry9a.o(.ARM.Collect$$$$0000000B)
    .ARM.Collect$$$$0000000D                 0x080002a8   Section        0  entry10a.o(.ARM.Collect$$$$0000000D)
    .ARM.Collect$$$$0000000F                 0x080002a8   Section        0  entry11a.o(.ARM.Collect$$$$0000000F)
    .ARM.Collect$$$$00002712                 0x080002a8   Section        4  entry2.o(.ARM.Collect$$$$00002712)
    __lit__00000000                          0x080002a8   Data           4  entry2.o(.ARM.Collect$$$$00002712)
    .text                                    0x080002ac   Section       36  startup_stm32h750xx.o(.text)
    $v0                                      0x080002ac   Number         0  startup_stm32h750xx.o(.text)
    .text                                    0x080002d0   Section        0  uldiv.o(.text)
    .text                                    0x08000332   Section        0  uidiv.o(.text)
    .text                                    0x0800035e   Section        0  llshl.o(.text)
    .text                                    0x0800037c   Section        0  llushr.o(.text)
    .text                                    0x0800039c   Section        0  iusefp.o(.text)
    .text                                    0x0800039c   Section        0  dadd.o(.text)
    .text                                    0x080004ea   Section        0  dmul.o(.text)
    .text                                    0x080005ce   Section        0  ddiv.o(.text)
    .text                                    0x080006ac   Section        0  dfixul.o(.text)
    .text                                    0x080006dc   Section       48  cdrcmple.o(.text)
    .text                                    0x0800070c   Section       36  init.o(.text)
    .text                                    0x08000730   Section        0  llsshr.o(.text)
    .text                                    0x08000754   Section        0  depilogue.o(.text)
    i.BusFault_Handler                       0x0800080e   Section        0  stm32h7xx_it.o(i.BusFault_Handler)
    i.Cache_Enable                           0x08000810   Section        0  sys.o(i.Cache_Enable)
    i.Copy_HZK16                             0x08000898   Section        0  text.o(i.Copy_HZK16)
    i.Copy_HZK24                             0x080008d8   Section        0  text.o(i.Copy_HZK24)
    i.Copy_Mem                               0x0800091c   Section        0  text.o(i.Copy_Mem)
    i.DMA_CalcBaseAndBitshift                0x08000934   Section        0  stm32h7xx_hal_dma.o(i.DMA_CalcBaseAndBitshift)
    DMA_CalcBaseAndBitshift                  0x08000935   Thumb Code    34  stm32h7xx_hal_dma.o(i.DMA_CalcBaseAndBitshift)
    i.DMA_CalcDMAMUXChannelBaseAndMask       0x0800095c   Section        0  stm32h7xx_hal_dma.o(i.DMA_CalcDMAMUXChannelBaseAndMask)
    DMA_CalcDMAMUXChannelBaseAndMask         0x0800095d   Thumb Code    76  stm32h7xx_hal_dma.o(i.DMA_CalcDMAMUXChannelBaseAndMask)
    i.DMA_CalcDMAMUXRequestGenBaseAndMask    0x080009b8   Section        0  stm32h7xx_hal_dma.o(i.DMA_CalcDMAMUXRequestGenBaseAndMask)
    DMA_CalcDMAMUXRequestGenBaseAndMask      0x080009b9   Thumb Code    56  stm32h7xx_hal_dma.o(i.DMA_CalcDMAMUXRequestGenBaseAndMask)
    i.DMA_CheckFifoParam                     0x080009fc   Section        0  stm32h7xx_hal_dma.o(i.DMA_CheckFifoParam)
    DMA_CheckFifoParam                       0x080009fd   Thumb Code    84  stm32h7xx_hal_dma.o(i.DMA_CheckFifoParam)
    i.DMA_SetConfig                          0x08000a50   Section        0  stm32h7xx_hal_dma.o(i.DMA_SetConfig)
    DMA_SetConfig                            0x08000a51   Thumb Code   106  stm32h7xx_hal_dma.o(i.DMA_SetConfig)
    i.DebugMon_Handler                       0x08000ac8   Section        0  stm32h7xx_it.o(i.DebugMon_Handler)
    i.DrawFont_GBK16B                        0x08000acc   Section        0  gbk_libdrive.o(i.DrawFont_GBK16B)
    i.Draw_Font16B                           0x08000b00   Section        0  text.o(i.Draw_Font16B)
    i.Draw_Font24B                           0x08000b2c   Section        0  text.o(i.Draw_Font24B)
    i.FontLib_Read                           0x08000b58   Section        0  gbk_libdrive.o(i.FontLib_Read)
    i.GBK_GetASC_Point                       0x08000bc0   Section        0  gbk_libdrive.o(i.GBK_GetASC_Point)
    i.GBK_Lib_GetHz                          0x08000c20   Section        0  gbk_libdrive.o(i.GBK_Lib_GetHz)
    i.GBK_Lib_Init                           0x08000ca8   Section        0  gbk_libdrive.o(i.GBK_Lib_Init)
    i.GBK_ReadID                             0x08000cac   Section        0  gbk_libdrive.o(i.GBK_ReadID)
    i.GBK_ShowASCII                          0x08000d32   Section        0  gbk_libdrive.o(i.GBK_ShowASCII)
    i.GBK_Show_Font                          0x08000dd2   Section        0  gbk_libdrive.o(i.GBK_Show_Font)
    i.GBK_Show_Str                           0x08000e68   Section        0  gbk_libdrive.o(i.GBK_Show_Str)
    i.GBK_delay                              0x08000f24   Section        0  gbk_libdrive.o(i.GBK_delay)
    i.Get_HzMat                              0x08000f3c   Section        0  text.o(i.Get_HzMat)
    i.HAL_DMA_Abort                          0x08000f90   Section        0  stm32h7xx_hal_dma.o(i.HAL_DMA_Abort)
    i.HAL_DMA_Abort_IT                       0x08001070   Section        0  stm32h7xx_hal_dma.o(i.HAL_DMA_Abort_IT)
    i.HAL_DMA_DeInit                         0x08001104   Section        0  stm32h7xx_hal_dma.o(i.HAL_DMA_DeInit)
    i.HAL_DMA_GetError                       0x080011cc   Section        0  stm32h7xx_hal_dma.o(i.HAL_DMA_GetError)
    i.HAL_DMA_Init                           0x080011d0   Section        0  stm32h7xx_hal_dma.o(i.HAL_DMA_Init)
    i.HAL_DMA_Start_IT                       0x08001364   Section        0  stm32h7xx_hal_dma.o(i.HAL_DMA_Start_IT)
    i.HAL_EnableCompensationCell             0x08001434   Section        0  stm32h7xx_hal.o(i.HAL_EnableCompensationCell)
    i.HAL_GPIO_Init                          0x08001444   Section        0  stm32h7xx_hal_gpio.o(i.HAL_GPIO_Init)
    i.HAL_GPIO_ReadPin                       0x0800162c   Section        0  stm32h7xx_hal_gpio.o(i.HAL_GPIO_ReadPin)
    i.HAL_GPIO_TogglePin                     0x08001636   Section        0  stm32h7xx_hal_gpio.o(i.HAL_GPIO_TogglePin)
    i.HAL_GPIO_WritePin                      0x0800163e   Section        0  stm32h7xx_hal_gpio.o(i.HAL_GPIO_WritePin)
    i.HAL_GetTick                            0x08001648   Section        0  stm32h7xx_hal.o(i.HAL_GetTick)
    i.HAL_IncTick                            0x08001654   Section        0  stm32h7xx_hal.o(i.HAL_IncTick)
    i.HAL_Init                               0x08001664   Section        0  stm32h7xx_hal.o(i.HAL_Init)
    i.HAL_InitTick                           0x08001680   Section        0  stm32h7xx_hal.o(i.HAL_InitTick)
    i.HAL_MPU_ConfigRegion                   0x080016c0   Section        0  stm32h7xx_hal_cortex.o(i.HAL_MPU_ConfigRegion)
    i.HAL_MPU_Disable                        0x08001714   Section        0  stm32h7xx_hal_cortex.o(i.HAL_MPU_Disable)
    i.HAL_MPU_Enable                         0x08001730   Section        0  stm32h7xx_hal_cortex.o(i.HAL_MPU_Enable)
    i.HAL_MspInit                            0x08001754   Section        0  stm32h7xx_hal_msp.o(i.HAL_MspInit)
    i.HAL_NVIC_EnableIRQ                     0x08001756   Section        0  stm32h7xx_hal_cortex.o(i.HAL_NVIC_EnableIRQ)
    i.HAL_NVIC_SetPriority                   0x08001770   Section        0  stm32h7xx_hal_cortex.o(i.HAL_NVIC_SetPriority)
    i.HAL_NVIC_SetPriorityGrouping           0x080017b0   Section        0  stm32h7xx_hal_cortex.o(i.HAL_NVIC_SetPriorityGrouping)
    i.HAL_RCCEx_GetD1SysClockFreq            0x080017d4   Section        0  stm32h7xx_hal_rcc_ex.o(i.HAL_RCCEx_GetD1SysClockFreq)
    i.HAL_RCCEx_GetD3PCLK1Freq               0x08001808   Section        0  stm32h7xx_hal_rcc_ex.o(i.HAL_RCCEx_GetD3PCLK1Freq)
    i.HAL_RCCEx_GetPLL2ClockFreq             0x08001834   Section        0  stm32h7xx_hal_rcc_ex.o(i.HAL_RCCEx_GetPLL2ClockFreq)
    i.HAL_RCCEx_GetPLL3ClockFreq             0x08001930   Section        0  stm32h7xx_hal_rcc_ex.o(i.HAL_RCCEx_GetPLL3ClockFreq)
    i.HAL_RCCEx_PeriphCLKConfig              0x08001a2c   Section        0  stm32h7xx_hal_rcc_ex.o(i.HAL_RCCEx_PeriphCLKConfig)
    i.HAL_RCC_ClockConfig                    0x080022dc   Section        0  stm32h7xx_hal_rcc.o(i.HAL_RCC_ClockConfig)
    i.HAL_RCC_GetHCLKFreq                    0x080024b4   Section        0  stm32h7xx_hal_rcc.o(i.HAL_RCC_GetHCLKFreq)
    i.HAL_RCC_GetPCLK1Freq                   0x080024e8   Section        0  stm32h7xx_hal_rcc.o(i.HAL_RCC_GetPCLK1Freq)
    i.HAL_RCC_GetPCLK2Freq                   0x08002514   Section        0  stm32h7xx_hal_rcc.o(i.HAL_RCC_GetPCLK2Freq)
    i.HAL_RCC_GetSysClockFreq                0x08002540   Section        0  stm32h7xx_hal_rcc.o(i.HAL_RCC_GetSysClockFreq)
    i.HAL_RCC_OscConfig                      0x08002638   Section        0  stm32h7xx_hal_rcc.o(i.HAL_RCC_OscConfig)
    i.HAL_SPI_Init                           0x08002ad4   Section        0  stm32h7xx_hal_spi.o(i.HAL_SPI_Init)
    i.HAL_SPI_MspInit                        0x08002cb4   Section        0  spi.o(i.HAL_SPI_MspInit)
    i.HAL_SPI_TransmitReceive                0x08002d18   Section        0  stm32h7xx_hal_spi.o(i.HAL_SPI_TransmitReceive)
    i.HAL_SYSTICK_CLKSourceConfig            0x08003030   Section        0  stm32h7xx_hal_cortex.o(i.HAL_SYSTICK_CLKSourceConfig)
    i.HAL_SYSTICK_Config                     0x08003048   Section        0  stm32h7xx_hal_cortex.o(i.HAL_SYSTICK_Config)
    i.HAL_UARTEx_WakeupCallback              0x08003070   Section        0  stm32h7xx_hal_uart_ex.o(i.HAL_UARTEx_WakeupCallback)
    i.HAL_UART_DMAStop                       0x08003072   Section        0  stm32h7xx_hal_uart.o(i.HAL_UART_DMAStop)
    i.HAL_UART_ErrorCallback                 0x080030c6   Section        0  stm32h7xx_hal_uart.o(i.HAL_UART_ErrorCallback)
    i.HAL_UART_GetState                      0x080030c8   Section        0  stm32h7xx_hal_uart.o(i.HAL_UART_GetState)
    i.HAL_UART_IRQHandler                    0x080030d4   Section        0  stm32h7xx_hal_uart.o(i.HAL_UART_IRQHandler)
    i.HAL_UART_Init                          0x08003254   Section        0  stm32h7xx_hal_uart.o(i.HAL_UART_Init)
    i.HAL_UART_MspInit                       0x080032c0   Section        0  usart.o(i.HAL_UART_MspInit)
    i.HAL_UART_Receive_IT                    0x08003340   Section        0  stm32h7xx_hal_uart.o(i.HAL_UART_Receive_IT)
    i.HAL_UART_RxCpltCallback                0x080033e8   Section        0  usart.o(i.HAL_UART_RxCpltCallback)
    i.HAL_UART_Transmit_DMA                  0x08003440   Section        0  stm32h7xx_hal_uart.o(i.HAL_UART_Transmit_DMA)
    i.HAL_UART_TxCpltCallback                0x080034cc   Section        0  stm32h7xx_hal_uart.o(i.HAL_UART_TxCpltCallback)
    i.HAL_UART_TxHalfCpltCallback            0x080034ce   Section        0  stm32h7xx_hal_uart.o(i.HAL_UART_TxHalfCpltCallback)
    i.HardFault_Handler                      0x080034d0   Section        0  stm32h7xx_it.o(i.HardFault_Handler)
    i.KEY_Init                               0x080034d4   Section        0  key.o(i.KEY_Init)
    i.KEY_Scan                               0x08003534   Section        0  key.o(i.KEY_Scan)
    i.LCD_Clear                              0x080035b8   Section        0  lcd.o(i.LCD_Clear)
    i.LCD_Display_Dir                        0x080035f8   Section        0  lcd.o(i.LCD_Display_Dir)
    i.LCD_Fast_DrawPoint                     0x0800367c   Section        0  lcd.o(i.LCD_Fast_DrawPoint)
    i.LCD_GPIO_Init                          0x080036b4   Section        0  lcd.o(i.LCD_GPIO_Init)
    i.LCD_HardwareRest                       0x08003728   Section        0  lcd.o(i.LCD_HardwareRest)
    i.LCD_Init                               0x08003758   Section        0  lcd.o(i.LCD_Init)
    i.LCD_Scan_Dir                           0x080038fc   Section        0  lcd.o(i.LCD_Scan_Dir)
    i.LCD_SetCursor                          0x08003920   Section        0  lcd.o(i.LCD_SetCursor)
    i.LCD_Set_Window                         0x08003948   Section        0  lcd.o(i.LCD_Set_Window)
    i.LCD_ShowChar                           0x0800398c   Section        0  lcd.o(i.LCD_ShowChar)
    i.LCD_SoftRest                           0x08003a58   Section        0  lcd.o(i.LCD_SoftRest)
    i.LCD_WR_DATA16                          0x08003a6c   Section        0  lcd.o(i.LCD_WR_DATA16)
    i.LCD_WR_DATA8                           0x08003aa8   Section        0  lcd.o(i.LCD_WR_DATA8)
    i.LCD_WR_REG                             0x08003ae0   Section        0  lcd.o(i.LCD_WR_REG)
    i.LCD_WriteRAM_Prepare                   0x08003b18   Section        0  lcd.o(i.LCD_WriteRAM_Prepare)
    i.LCD_WriteReg                           0x08003b24   Section        0  lcd.o(i.LCD_WriteReg)
    i.LED_Init                               0x08003b38   Section        0  led.o(i.LED_Init)
    i.MPU_Memory_Protection                  0x08003b7c   Section        0  mpu.o(i.MPU_Memory_Protection)
    i.MPU_Set_Protection                     0x08003b96   Section        0  mpu.o(i.MPU_Set_Protection)
    i.MYDMA_Config                           0x08003bf0   Section        0  dma.o(i.MYDMA_Config)
    i.NMI_Handler                            0x08003c68   Section        0  stm32h7xx_it.o(i.NMI_Handler)
    i.PendSV_Handler                         0x08003c6a   Section        0  stm32h7xx_it.o(i.PendSV_Handler)
    i.RCCEx_PLL2_Config                      0x08003c6c   Section        0  stm32h7xx_hal_rcc_ex.o(i.RCCEx_PLL2_Config)
    RCCEx_PLL2_Config                        0x08003c6d   Thumb Code   234  stm32h7xx_hal_rcc_ex.o(i.RCCEx_PLL2_Config)
    i.RCCEx_PLL3_Config                      0x08003d5c   Section        0  stm32h7xx_hal_rcc_ex.o(i.RCCEx_PLL3_Config)
    RCCEx_PLL3_Config                        0x08003d5d   Thumb Code   234  stm32h7xx_hal_rcc_ex.o(i.RCCEx_PLL3_Config)
    i.SPI2_Init                              0x08003e4c   Section        0  spi.o(i.SPI2_Init)
    i.SPI2_ReadWriteByte                     0x08003ea8   Section        0  spi.o(i.SPI2_ReadWriteByte)
    i.SPI2_SetSpeed                          0x08003ec8   Section        0  spi.o(i.SPI2_SetSpeed)
    i.SPI_CloseTransfer                      0x08003ef8   Section        0  stm32h7xx_hal_spi.o(i.SPI_CloseTransfer)
    SPI_CloseTransfer                        0x08003ef9   Thumb Code   222  stm32h7xx_hal_spi.o(i.SPI_CloseTransfer)
    i.SPI_WaitOnFlagUntilTimeout             0x08003fd6   Section        0  stm32h7xx_hal_spi.o(i.SPI_WaitOnFlagUntilTimeout)
    SPI_WaitOnFlagUntilTimeout               0x08003fd7   Thumb Code    64  stm32h7xx_hal_spi.o(i.SPI_WaitOnFlagUntilTimeout)
    i.SVC_Handler                            0x08004016   Section        0  stm32h7xx_it.o(i.SVC_Handler)
    i.Show_Font                              0x08004018   Section        0  text.o(i.Show_Font)
    i.Show_Str                               0x080040b0   Section        0  text.o(i.Show_Str)
    i.Stm32_Clock_Init                       0x08004168   Section        0  sys.o(i.Stm32_Clock_Init)
    i.SysTick_Handler                        0x08004214   Section        0  stm32h7xx_it.o(i.SysTick_Handler)
    i.SystemInit                             0x08004218   Section        0  system_stm32h7xx.o(i.SystemInit)
    i.UART_AdvFeatureConfig                  0x0800429c   Section        0  stm32h7xx_hal_uart.o(i.UART_AdvFeatureConfig)
    i.UART_CheckIdleState                    0x08004364   Section        0  stm32h7xx_hal_uart.o(i.UART_CheckIdleState)
    i.UART_DMAAbortOnError                   0x080043c0   Section        0  stm32h7xx_hal_uart.o(i.UART_DMAAbortOnError)
    UART_DMAAbortOnError                     0x080043c1   Thumb Code    20  stm32h7xx_hal_uart.o(i.UART_DMAAbortOnError)
    i.UART_DMAError                          0x080043d4   Section        0  stm32h7xx_hal_uart.o(i.UART_DMAError)
    UART_DMAError                            0x080043d5   Thumb Code    82  stm32h7xx_hal_uart.o(i.UART_DMAError)
    i.UART_DMATransmitCplt                   0x08004426   Section        0  stm32h7xx_hal_uart.o(i.UART_DMATransmitCplt)
    UART_DMATransmitCplt                     0x08004427   Thumb Code    48  stm32h7xx_hal_uart.o(i.UART_DMATransmitCplt)
    i.UART_DMATxHalfCplt                     0x08004456   Section        0  stm32h7xx_hal_uart.o(i.UART_DMATxHalfCplt)
    UART_DMATxHalfCplt                       0x08004457   Thumb Code    10  stm32h7xx_hal_uart.o(i.UART_DMATxHalfCplt)
    i.UART_EndRxTransfer                     0x08004460   Section        0  stm32h7xx_hal_uart.o(i.UART_EndRxTransfer)
    UART_EndRxTransfer                       0x08004461   Thumb Code    28  stm32h7xx_hal_uart.o(i.UART_EndRxTransfer)
    i.UART_EndTxTransfer                     0x0800447c   Section        0  stm32h7xx_hal_uart.o(i.UART_EndTxTransfer)
    UART_EndTxTransfer                       0x0800447d   Thumb Code    18  stm32h7xx_hal_uart.o(i.UART_EndTxTransfer)
    i.UART_Receive_IT                        0x0800448e   Section        0  stm32h7xx_hal_uart.o(i.UART_Receive_IT)
    UART_Receive_IT                          0x0800448f   Thumb Code   118  stm32h7xx_hal_uart.o(i.UART_Receive_IT)
    i.UART_SetConfig                         0x08004504   Section        0  stm32h7xx_hal_uart.o(i.UART_SetConfig)
    i.UART_Transmit_IT                       0x080049ac   Section        0  stm32h7xx_hal_uart.o(i.UART_Transmit_IT)
    UART_Transmit_IT                         0x080049ad   Thumb Code   116  stm32h7xx_hal_uart.o(i.UART_Transmit_IT)
    i.UART_WaitOnFlagUntilTimeout            0x08004a20   Section        0  stm32h7xx_hal_uart.o(i.UART_WaitOnFlagUntilTimeout)
    i.USART1_IRQHandler                      0x08004a84   Section        0  usart.o(i.USART1_IRQHandler)
    i.UsageFault_Handler                     0x08004ac8   Section        0  stm32h7xx_it.o(i.UsageFault_Handler)
    i.__0printf                              0x08004acc   Section        0  printfa.o(i.__0printf)
    i.__0sprintf                             0x08004aec   Section        0  printfa.o(i.__0sprintf)
    i.__NVIC_SetPriority                     0x08004b14   Section        0  stm32h7xx_hal_cortex.o(i.__NVIC_SetPriority)
    __NVIC_SetPriority                       0x08004b15   Thumb Code    32  stm32h7xx_hal_cortex.o(i.__NVIC_SetPriority)
    i.__scatterload_copy                     0x08004b34   Section       14  handlers.o(i.__scatterload_copy)
    i.__scatterload_null                     0x08004b42   Section        2  handlers.o(i.__scatterload_null)
    i.__scatterload_zeroinit                 0x08004b44   Section       14  handlers.o(i.__scatterload_zeroinit)
    i._fp_digits                             0x08004b54   Section        0  printfa.o(i._fp_digits)
    _fp_digits                               0x08004b55   Thumb Code   366  printfa.o(i._fp_digits)
    i._printf_core                           0x08004cd8   Section        0  printfa.o(i._printf_core)
    _printf_core                             0x08004cd9   Thumb Code  1744  printfa.o(i._printf_core)
    i._printf_post_padding                   0x080053b4   Section        0  printfa.o(i._printf_post_padding)
    _printf_post_padding                     0x080053b5   Thumb Code    36  printfa.o(i._printf_post_padding)
    i._printf_pre_padding                    0x080053d8   Section        0  printfa.o(i._printf_pre_padding)
    _printf_pre_padding                      0x080053d9   Thumb Code    46  printfa.o(i._printf_pre_padding)
    i._sputc                                 0x08005406   Section        0  printfa.o(i._sputc)
    _sputc                                   0x08005407   Thumb Code    10  printfa.o(i._sputc)
    i.delay_init                             0x08005410   Section        0  delay.o(i.delay_init)
    i.delay_ms                               0x08005424   Section        0  delay.o(i.delay_ms)
    i.delay_us                               0x08005440   Section        0  delay.o(i.delay_us)
    i.fputc                                  0x08005474   Section        0  usart.o(i.fputc)
    i.main                                   0x08005488   Section        0  main.o(i.main)
    i.uart_init                              0x08005778   Section        0  usart.o(i.uart_init)
    .constdata                               0x080057b0   Section       45  main.o(.constdata)
    .constdata                               0x080057dd   Section       16  system_stm32h7xx.o(.constdata)
    .constdata                               0x080057ed   Section        8  stm32h7xx_hal_dma.o(.constdata)
    flagBitshiftOffset                       0x080057ed   Data           8  stm32h7xx_hal_dma.o(.constdata)
    .constdata                               0x080057f6   Section       24  stm32h7xx_hal_uart.o(.constdata)
    UARTPrescTable                           0x080057f6   Data          24  stm32h7xx_hal_uart.o(.constdata)
    .constdata                               0x0800580e   Section     1140  font.o(.constdata)
    .constdata                               0x08005c82   Section     1520  font.o(.constdata)
    .constdata                               0x08006272   Section     3420  font.o(.constdata)
    .constdata                               0x08006fce   Section     2006  font.o(.constdata)
    .constdata                               0x080077a4   Section      740  font.o(.constdata)
    .data                                    0x24000000   Section       12  main.o(.data)
    .data                                    0x2400000c   Section        4  system_stm32h7xx.o(.data)
    .data                                    0x24000010   Section        4  system_stm32h7xx.o(.data)
    .data                                    0x24000014   Section        4  delay.o(.data)
    fac_us                                   0x24000014   Data           4  delay.o(.data)
    .data                                    0x24000018   Section        4  usart.o(.data)
    .data                                    0x2400001c   Section        4  usart.o(.data)
    .data                                    0x24000020   Section       12  stm32h7xx_hal.o(.data)
    uwTickFreq                               0x24000020   Data           1  stm32h7xx_hal.o(.data)
    uwTickPrio                               0x24000024   Data           4  stm32h7xx_hal.o(.data)
    uwTick                                   0x24000028   Data           4  stm32h7xx_hal.o(.data)
    .data                                    0x2400002c   Section        1  key.o(.data)
    key_up                                   0x2400002c   Data           1  key.o(.data)
    .data                                    0x2400002e   Section        4  lcd.o(.data)
    .bss                                     0x24000034   Section     7832  main.o(.bss)
    .bss                                     0x24001ecc   Section      328  usart.o(.bss)
    .bss                                     0x24002014   Section      120  dma.o(.bss)
    .bss                                     0x2400208c   Section      136  spi.o(.bss)
    .bss                                     0x24002114   Section       14  lcd.o(.bss)
    STACK                                    0x24002128   Section     2560  startup_stm32h750xx.o(STACK)

    Global Symbols

    Symbol Name                              Value     Ov Type        Size  Object(Section)

    BuildAttributes$$THM_ISAv4$E$P$D$K$B$S$7EM$VFPv5_D16$PE$PLD8$A:L22UL41UL21$X:L11$S22US41US21$IEEE1$IW$USESV6$~STKCKD$USESV7$~SHL$OSPACE$ROPI$EBA8$MICROLIB$REQ8$PRES8$EABIv2 0x00000000   Number         0  anon$$obj.o ABSOLUTE
    __ARM_use_no_argv                        0x00000000   Number         0  main.o ABSOLUTE
    __use_no_errno                           0x00000000   Number         0  useno.o ABSOLUTE
    __use_no_exception_handling              0x00000000   Number         0  useno.o ABSOLUTE
    __use_no_fp                              0x00000000   Number         0  useno.o ABSOLUTE
    __use_no_heap                            0x00000000   Number         0  useno.o ABSOLUTE
    __use_no_heap_region                     0x00000000   Number         0  useno.o ABSOLUTE
    __use_no_semihosting                     0x00000000   Number         0  useno.o ABSOLUTE
    __use_no_semihosting_swi                 0x00000000   Number         0  useno.o ABSOLUTE
    __use_no_signal_handling                 0x00000000   Number         0  useno.o ABSOLUTE
    _printf_a                                0x00000000   Number         0  stubs.o ABSOLUTE
    _printf_c                                0x00000000   Number         0  stubs.o ABSOLUTE
    _printf_charcount                        0x00000000   Number         0  stubs.o ABSOLUTE
    _printf_d                                0x00000000   Number         0  stubs.o ABSOLUTE
    _printf_e                                0x00000000   Number         0  stubs.o ABSOLUTE
    _printf_f                                0x00000000   Number         0  stubs.o ABSOLUTE
    _printf_flags                            0x00000000   Number         0  stubs.o ABSOLUTE
    _printf_fp_dec                           0x00000000   Number         0  stubs.o ABSOLUTE
    _printf_fp_hex                           0x00000000   Number         0  stubs.o ABSOLUTE
    _printf_g                                0x00000000   Number         0  stubs.o ABSOLUTE
    _printf_i                                0x00000000   Number         0  stubs.o ABSOLUTE
    _printf_int_dec                          0x00000000   Number         0  stubs.o ABSOLUTE
    _printf_l                                0x00000000   Number         0  stubs.o ABSOLUTE
    _printf_lc                               0x00000000   Number         0  stubs.o ABSOLUTE
    _printf_ll                               0x00000000   Number         0  stubs.o ABSOLUTE
    _printf_lld                              0x00000000   Number         0  stubs.o ABSOLUTE
    _printf_lli                              0x00000000   Number         0  stubs.o ABSOLUTE
    _printf_llo                              0x00000000   Number         0  stubs.o ABSOLUTE
    _printf_llu                              0x00000000   Number         0  stubs.o ABSOLUTE
    _printf_llx                              0x00000000   Number         0  stubs.o ABSOLUTE
    _printf_longlong_dec                     0x00000000   Number         0  stubs.o ABSOLUTE
    _printf_longlong_hex                     0x00000000   Number         0  stubs.o ABSOLUTE
    _printf_longlong_oct                     0x00000000   Number         0  stubs.o ABSOLUTE
    _printf_ls                               0x00000000   Number         0  stubs.o ABSOLUTE
    _printf_mbtowc                           0x00000000   Number         0  stubs.o ABSOLUTE
    _printf_n                                0x00000000   Number         0  stubs.o ABSOLUTE
    _printf_o                                0x00000000   Number         0  stubs.o ABSOLUTE
    _printf_p                                0x00000000   Number         0  stubs.o ABSOLUTE
    _printf_percent                          0x00000000   Number         0  stubs.o ABSOLUTE
    _printf_pre_padding                      0x00000000   Number         0  stubs.o ABSOLUTE
    _printf_return_value                     0x00000000   Number         0  stubs.o ABSOLUTE
    _printf_s                                0x00000000   Number         0  stubs.o ABSOLUTE
    _printf_sizespec                         0x00000000   Number         0  stubs.o ABSOLUTE
    _printf_str                              0x00000000   Number         0  stubs.o ABSOLUTE
    _printf_truncate_signed                  0x00000000   Number         0  stubs.o ABSOLUTE
    _printf_truncate_unsigned                0x00000000   Number         0  stubs.o ABSOLUTE
    _printf_u                                0x00000000   Number         0  stubs.o ABSOLUTE
    _printf_wc                               0x00000000   Number         0  stubs.o ABSOLUTE
    _printf_wctomb                           0x00000000   Number         0  stubs.o ABSOLUTE
    _printf_widthprec                        0x00000000   Number         0  stubs.o ABSOLUTE
    _printf_x                                0x00000000   Number         0  stubs.o ABSOLUTE
    __cpp_initialize__aeabi_                  - Undefined Weak Reference
    __cxa_finalize                            - Undefined Weak Reference
    __decompress                              - Undefined Weak Reference
    _clock_init                               - Undefined Weak Reference
    _microlib_exit                            - Undefined Weak Reference
    __Vectors_Size                           0x00000298   Number         0  startup_stm32h750xx.o ABSOLUTE
    __Vectors                                0x08000000   Data           4  startup_stm32h750xx.o(RESET)
    __Vectors_End                            0x08000298   Data           0  startup_stm32h750xx.o(RESET)
    __main                                   0x08000299   Thumb Code     0  entry.o(.ARM.Collect$$$$00000000)
    _main_stk                                0x08000299   Thumb Code     0  entry2.o(.ARM.Collect$$$$00000001)
    _main_scatterload                        0x0800029d   Thumb Code     0  entry5.o(.ARM.Collect$$$$00000004)
    __main_after_scatterload                 0x080002a1   Thumb Code     0  entry5.o(.ARM.Collect$$$$00000004)
    _main_clock                              0x080002a1   Thumb Code     0  entry7b.o(.ARM.Collect$$$$00000008)
    _main_cpp_init                           0x080002a1   Thumb Code     0  entry8b.o(.ARM.Collect$$$$0000000A)
    _main_init                               0x080002a1   Thumb Code     0  entry9a.o(.ARM.Collect$$$$0000000B)
    __rt_final_cpp                           0x080002a9   Thumb Code     0  entry10a.o(.ARM.Collect$$$$0000000D)
    __rt_final_exit                          0x080002a9   Thumb Code     0  entry11a.o(.ARM.Collect$$$$0000000F)
    Reset_Handler                            0x080002ad   Thumb Code     8  startup_stm32h750xx.o(.text)
    MemManage_Handler                        0x080002b9   Thumb Code     2  startup_stm32h750xx.o(.text)
    ADC3_IRQHandler                          0x080002c7   Thumb Code     0  startup_stm32h750xx.o(.text)
    ADC_IRQHandler                           0x080002c7   Thumb Code     0  startup_stm32h750xx.o(.text)
    BDMA_Channel0_IRQHandler                 0x080002c7   Thumb Code     0  startup_stm32h750xx.o(.text)
    BDMA_Channel1_IRQHandler                 0x080002c7   Thumb Code     0  startup_stm32h750xx.o(.text)
    BDMA_Channel2_IRQHandler                 0x080002c7   Thumb Code     0  startup_stm32h750xx.o(.text)
    BDMA_Channel3_IRQHandler                 0x080002c7   Thumb Code     0  startup_stm32h750xx.o(.text)
    BDMA_Channel4_IRQHandler                 0x080002c7   Thumb Code     0  startup_stm32h750xx.o(.text)
    BDMA_Channel5_IRQHandler                 0x080002c7   Thumb Code     0  startup_stm32h750xx.o(.text)
    BDMA_Channel6_IRQHandler                 0x080002c7   Thumb Code     0  startup_stm32h750xx.o(.text)
    BDMA_Channel7_IRQHandler                 0x080002c7   Thumb Code     0  startup_stm32h750xx.o(.text)
    CEC_IRQHandler                           0x080002c7   Thumb Code     0  startup_stm32h750xx.o(.text)
    COMP1_IRQHandler                         0x080002c7   Thumb Code     0  startup_stm32h750xx.o(.text)
    CRS_IRQHandler                           0x080002c7   Thumb Code     0  startup_stm32h750xx.o(.text)
    CRYP_IRQHandler                          0x080002c7   Thumb Code     0  startup_stm32h750xx.o(.text)
    DCMI_IRQHandler                          0x080002c7   Thumb Code     0  startup_stm32h750xx.o(.text)
    DFSDM1_FLT0_IRQHandler                   0x080002c7   Thumb Code     0  startup_stm32h750xx.o(.text)
    DFSDM1_FLT1_IRQHandler                   0x080002c7   Thumb Code     0  startup_stm32h750xx.o(.text)
    DFSDM1_FLT2_IRQHandler                   0x080002c7   Thumb Code     0  startup_stm32h750xx.o(.text)
    DFSDM1_FLT3_IRQHandler                   0x080002c7   Thumb Code     0  startup_stm32h750xx.o(.text)
    DMA1_Stream0_IRQHandler                  0x080002c7   Thumb Code     0  startup_stm32h750xx.o(.text)
    DMA1_Stream1_IRQHandler                  0x080002c7   Thumb Code     0  startup_stm32h750xx.o(.text)
    DMA1_Stream2_IRQHandler                  0x080002c7   Thumb Code     0  startup_stm32h750xx.o(.text)
    DMA1_Stream3_IRQHandler                  0x080002c7   Thumb Code     0  startup_stm32h750xx.o(.text)
    DMA1_Stream4_IRQHandler                  0x080002c7   Thumb Code     0  startup_stm32h750xx.o(.text)
    DMA1_Stream5_IRQHandler                  0x080002c7   Thumb Code     0  startup_stm32h750xx.o(.text)
    DMA1_Stream6_IRQHandler                  0x080002c7   Thumb Code     0  startup_stm32h750xx.o(.text)
    DMA1_Stream7_IRQHandler                  0x080002c7   Thumb Code     0  startup_stm32h750xx.o(.text)
    DMA2D_IRQHandler                         0x080002c7   Thumb Code     0  startup_stm32h750xx.o(.text)
    DMA2_Stream0_IRQHandler                  0x080002c7   Thumb Code     0  startup_stm32h750xx.o(.text)
    DMA2_Stream1_IRQHandler                  0x080002c7   Thumb Code     0  startup_stm32h750xx.o(.text)
    DMA2_Stream2_IRQHandler                  0x080002c7   Thumb Code     0  startup_stm32h750xx.o(.text)
    DMA2_Stream3_IRQHandler                  0x080002c7   Thumb Code     0  startup_stm32h750xx.o(.text)
    DMA2_Stream4_IRQHandler                  0x080002c7   Thumb Code     0  startup_stm32h750xx.o(.text)
    DMA2_Stream5_IRQHandler                  0x080002c7   Thumb Code     0  startup_stm32h750xx.o(.text)
    DMA2_Stream6_IRQHandler                  0x080002c7   Thumb Code     0  startup_stm32h750xx.o(.text)
    DMA2_Stream7_IRQHandler                  0x080002c7   Thumb Code     0  startup_stm32h750xx.o(.text)
    DMAMUX1_OVR_IRQHandler                   0x080002c7   Thumb Code     0  startup_stm32h750xx.o(.text)
    DMAMUX2_OVR_IRQHandler                   0x080002c7   Thumb Code     0  startup_stm32h750xx.o(.text)
    ETH_IRQHandler                           0x080002c7   Thumb Code     0  startup_stm32h750xx.o(.text)
    ETH_WKUP_IRQHandler                      0x080002c7   Thumb Code     0  startup_stm32h750xx.o(.text)
    EXTI0_IRQHandler                         0x080002c7   Thumb Code     0  startup_stm32h750xx.o(.text)
    EXTI15_10_IRQHandler                     0x080002c7   Thumb Code     0  startup_stm32h750xx.o(.text)
    EXTI1_IRQHandler                         0x080002c7   Thumb Code     0  startup_stm32h750xx.o(.text)
    EXTI2_IRQHandler                         0x080002c7   Thumb Code     0  startup_stm32h750xx.o(.text)
    EXTI3_IRQHandler                         0x080002c7   Thumb Code     0  startup_stm32h750xx.o(.text)
    EXTI4_IRQHandler                         0x080002c7   Thumb Code     0  startup_stm32h750xx.o(.text)
    EXTI9_5_IRQHandler                       0x080002c7   Thumb Code     0  startup_stm32h750xx.o(.text)
    FDCAN1_IT0_IRQHandler                    0x080002c7   Thumb Code     0  startup_stm32h750xx.o(.text)
    FDCAN1_IT1_IRQHandler                    0x080002c7   Thumb Code     0  startup_stm32h750xx.o(.text)
    FDCAN2_IT0_IRQHandler                    0x080002c7   Thumb Code     0  startup_stm32h750xx.o(.text)
    FDCAN2_IT1_IRQHandler                    0x080002c7   Thumb Code     0  startup_stm32h750xx.o(.text)
    FDCAN_CAL_IRQHandler                     0x080002c7   Thumb Code     0  startup_stm32h750xx.o(.text)
    FLASH_IRQHandler                         0x080002c7   Thumb Code     0  startup_stm32h750xx.o(.text)
    FMC_IRQHandler                           0x080002c7   Thumb Code     0  startup_stm32h750xx.o(.text)
    FPU_IRQHandler                           0x080002c7   Thumb Code     0  startup_stm32h750xx.o(.text)
    HASH_RNG_IRQHandler                      0x080002c7   Thumb Code     0  startup_stm32h750xx.o(.text)
    HRTIM1_FLT_IRQHandler                    0x080002c7   Thumb Code     0  startup_stm32h750xx.o(.text)
    HRTIM1_Master_IRQHandler                 0x080002c7   Thumb Code     0  startup_stm32h750xx.o(.text)
    HRTIM1_TIMA_IRQHandler                   0x080002c7   Thumb Code     0  startup_stm32h750xx.o(.text)
    HRTIM1_TIMB_IRQHandler                   0x080002c7   Thumb Code     0  startup_stm32h750xx.o(.text)
    HRTIM1_TIMC_IRQHandler                   0x080002c7   Thumb Code     0  startup_stm32h750xx.o(.text)
    HRTIM1_TIMD_IRQHandler                   0x080002c7   Thumb Code     0  startup_stm32h750xx.o(.text)
    HRTIM1_TIME_IRQHandler                   0x080002c7   Thumb Code     0  startup_stm32h750xx.o(.text)
    HSEM1_IRQHandler                         0x080002c7   Thumb Code     0  startup_stm32h750xx.o(.text)
    I2C1_ER_IRQHandler                       0x080002c7   Thumb Code     0  startup_stm32h750xx.o(.text)
    I2C1_EV_IRQHandler                       0x080002c7   Thumb Code     0  startup_stm32h750xx.o(.text)
    I2C2_ER_IRQHandler                       0x080002c7   Thumb Code     0  startup_stm32h750xx.o(.text)
    I2C2_EV_IRQHandler                       0x080002c7   Thumb Code     0  startup_stm32h750xx.o(.text)
    I2C3_ER_IRQHandler                       0x080002c7   Thumb Code     0  startup_stm32h750xx.o(.text)
    I2C3_EV_IRQHandler                       0x080002c7   Thumb Code     0  startup_stm32h750xx.o(.text)
    I2C4_ER_IRQHandler                       0x080002c7   Thumb Code     0  startup_stm32h750xx.o(.text)
    I2C4_EV_IRQHandler                       0x080002c7   Thumb Code     0  startup_stm32h750xx.o(.text)
    JPEG_IRQHandler                          0x080002c7   Thumb Code     0  startup_stm32h750xx.o(.text)
    LPTIM1_IRQHandler                        0x080002c7   Thumb Code     0  startup_stm32h750xx.o(.text)
    LPTIM2_IRQHandler                        0x080002c7   Thumb Code     0  startup_stm32h750xx.o(.text)
    LPTIM3_IRQHandler                        0x080002c7   Thumb Code     0  startup_stm32h750xx.o(.text)
    LPTIM4_IRQHandler                        0x080002c7   Thumb Code     0  startup_stm32h750xx.o(.text)
    LPTIM5_IRQHandler                        0x080002c7   Thumb Code     0  startup_stm32h750xx.o(.text)
    LPUART1_IRQHandler                       0x080002c7   Thumb Code     0  startup_stm32h750xx.o(.text)
    LTDC_ER_IRQHandler                       0x080002c7   Thumb Code     0  startup_stm32h750xx.o(.text)
    LTDC_IRQHandler                          0x080002c7   Thumb Code     0  startup_stm32h750xx.o(.text)
    MDIOS_IRQHandler                         0x080002c7   Thumb Code     0  startup_stm32h750xx.o(.text)
    MDIOS_WKUP_IRQHandler                    0x080002c7   Thumb Code     0  startup_stm32h750xx.o(.text)
    MDMA_IRQHandler                          0x080002c7   Thumb Code     0  startup_stm32h750xx.o(.text)
    OTG_FS_EP1_IN_IRQHandler                 0x080002c7   Thumb Code     0  startup_stm32h750xx.o(.text)
    OTG_FS_EP1_OUT_IRQHandler                0x080002c7   Thumb Code     0  startup_stm32h750xx.o(.text)
    OTG_FS_IRQHandler                        0x080002c7   Thumb Code     0  startup_stm32h750xx.o(.text)
    OTG_FS_WKUP_IRQHandler                   0x080002c7   Thumb Code     0  startup_stm32h750xx.o(.text)
    OTG_HS_EP1_IN_IRQHandler                 0x080002c7   Thumb Code     0  startup_stm32h750xx.o(.text)
    OTG_HS_EP1_OUT_IRQHandler                0x080002c7   Thumb Code     0  startup_stm32h750xx.o(.text)
    OTG_HS_IRQHandler                        0x080002c7   Thumb Code     0  startup_stm32h750xx.o(.text)
    OTG_HS_WKUP_IRQHandler                   0x080002c7   Thumb Code     0  startup_stm32h750xx.o(.text)
    PVD_AVD_IRQHandler                       0x080002c7   Thumb Code     0  startup_stm32h750xx.o(.text)
    QUADSPI_IRQHandler                       0x080002c7   Thumb Code     0  startup_stm32h750xx.o(.text)
    RCC_IRQHandler                           0x080002c7   Thumb Code     0  startup_stm32h750xx.o(.text)
    RTC_Alarm_IRQHandler                     0x080002c7   Thumb Code     0  startup_stm32h750xx.o(.text)
    RTC_WKUP_IRQHandler                      0x080002c7   Thumb Code     0  startup_stm32h750xx.o(.text)
    SAI1_IRQHandler                          0x080002c7   Thumb Code     0  startup_stm32h750xx.o(.text)
    SAI2_IRQHandler                          0x080002c7   Thumb Code     0  startup_stm32h750xx.o(.text)
    SAI3_IRQHandler                          0x080002c7   Thumb Code     0  startup_stm32h750xx.o(.text)
    SAI4_IRQHandler                          0x080002c7   Thumb Code     0  startup_stm32h750xx.o(.text)
    SDMMC1_IRQHandler                        0x080002c7   Thumb Code     0  startup_stm32h750xx.o(.text)
    SDMMC2_IRQHandler                        0x080002c7   Thumb Code     0  startup_stm32h750xx.o(.text)
    SPDIF_RX_IRQHandler                      0x080002c7   Thumb Code     0  startup_stm32h750xx.o(.text)
    SPI1_IRQHandler                          0x080002c7   Thumb Code     0  startup_stm32h750xx.o(.text)
    SPI2_IRQHandler                          0x080002c7   Thumb Code     0  startup_stm32h750xx.o(.text)
    SPI3_IRQHandler                          0x080002c7   Thumb Code     0  startup_stm32h750xx.o(.text)
    SPI4_IRQHandler                          0x080002c7   Thumb Code     0  startup_stm32h750xx.o(.text)
    SPI5_IRQHandler                          0x080002c7   Thumb Code     0  startup_stm32h750xx.o(.text)
    SPI6_IRQHandler                          0x080002c7   Thumb Code     0  startup_stm32h750xx.o(.text)
    SWPMI1_IRQHandler                        0x080002c7   Thumb Code     0  startup_stm32h750xx.o(.text)
    TAMP_STAMP_IRQHandler                    0x080002c7   Thumb Code     0  startup_stm32h750xx.o(.text)
    TIM15_IRQHandler                         0x080002c7   Thumb Code     0  startup_stm32h750xx.o(.text)
    TIM16_IRQHandler                         0x080002c7   Thumb Code     0  startup_stm32h750xx.o(.text)
    TIM17_IRQHandler                         0x080002c7   Thumb Code     0  startup_stm32h750xx.o(.text)
    TIM1_BRK_IRQHandler                      0x080002c7   Thumb Code     0  startup_stm32h750xx.o(.text)
    TIM1_CC_IRQHandler                       0x080002c7   Thumb Code     0  startup_stm32h750xx.o(.text)
    TIM1_TRG_COM_IRQHandler                  0x080002c7   Thumb Code     0  startup_stm32h750xx.o(.text)
    TIM1_UP_IRQHandler                       0x080002c7   Thumb Code     0  startup_stm32h750xx.o(.text)
    TIM2_IRQHandler                          0x080002c7   Thumb Code     0  startup_stm32h750xx.o(.text)
    TIM3_IRQHandler                          0x080002c7   Thumb Code     0  startup_stm32h750xx.o(.text)
    TIM4_IRQHandler                          0x080002c7   Thumb Code     0  startup_stm32h750xx.o(.text)
    TIM5_IRQHandler                          0x080002c7   Thumb Code     0  startup_stm32h750xx.o(.text)
    TIM6_DAC_IRQHandler                      0x080002c7   Thumb Code     0  startup_stm32h750xx.o(.text)
    TIM7_IRQHandler                          0x080002c7   Thumb Code     0  startup_stm32h750xx.o(.text)
    TIM8_BRK_TIM12_IRQHandler                0x080002c7   Thumb Code     0  startup_stm32h750xx.o(.text)
    TIM8_CC_IRQHandler                       0x080002c7   Thumb Code     0  startup_stm32h750xx.o(.text)
    TIM8_TRG_COM_TIM14_IRQHandler            0x080002c7   Thumb Code     0  startup_stm32h750xx.o(.text)
    TIM8_UP_TIM13_IRQHandler                 0x080002c7   Thumb Code     0  startup_stm32h750xx.o(.text)
    UART4_IRQHandler                         0x080002c7   Thumb Code     0  startup_stm32h750xx.o(.text)
    UART5_IRQHandler                         0x080002c7   Thumb Code     0  startup_stm32h750xx.o(.text)
    UART7_IRQHandler                         0x080002c7   Thumb Code     0  startup_stm32h750xx.o(.text)
    UART8_IRQHandler                         0x080002c7   Thumb Code     0  startup_stm32h750xx.o(.text)
    USART2_IRQHandler                        0x080002c7   Thumb Code     0  startup_stm32h750xx.o(.text)
    USART3_IRQHandler                        0x080002c7   Thumb Code     0  startup_stm32h750xx.o(.text)
    USART6_IRQHandler                        0x080002c7   Thumb Code     0  startup_stm32h750xx.o(.text)
    WAKEUP_PIN_IRQHandler                    0x080002c7   Thumb Code     0  startup_stm32h750xx.o(.text)
    WWDG_IRQHandler                          0x080002c7   Thumb Code     0  startup_stm32h750xx.o(.text)
    __aeabi_uldivmod                         0x080002d1   Thumb Code    98  uldiv.o(.text)
    __aeabi_uidiv                            0x08000333   Thumb Code     0  uidiv.o(.text)
    __aeabi_uidivmod                         0x08000333   Thumb Code    44  uidiv.o(.text)
    __aeabi_llsl                             0x0800035f   Thumb Code    30  llshl.o(.text)
    _ll_shift_l                              0x0800035f   Thumb Code     0  llshl.o(.text)
    __aeabi_llsr                             0x0800037d   Thumb Code    32  llushr.o(.text)
    _ll_ushift_r                             0x0800037d   Thumb Code     0  llushr.o(.text)
    __I$use$fp                               0x0800039d   Thumb Code     0  iusefp.o(.text)
    __aeabi_dadd                             0x0800039d   Thumb Code   322  dadd.o(.text)
    __aeabi_dsub                             0x080004df   Thumb Code     6  dadd.o(.text)
    __aeabi_drsub                            0x080004e5   Thumb Code     6  dadd.o(.text)
    __aeabi_dmul                             0x080004eb   Thumb Code   228  dmul.o(.text)
    __aeabi_ddiv                             0x080005cf   Thumb Code   222  ddiv.o(.text)
    __aeabi_d2ulz                            0x080006ad   Thumb Code    48  dfixul.o(.text)
    __aeabi_cdrcmple                         0x080006dd   Thumb Code    48  cdrcmple.o(.text)
    __scatterload                            0x0800070d   Thumb Code    28  init.o(.text)
    __scatterload_rt2                        0x0800070d   Thumb Code     0  init.o(.text)
    __aeabi_lasr                             0x08000731   Thumb Code    36  llsshr.o(.text)
    _ll_sshift_r                             0x08000731   Thumb Code     0  llsshr.o(.text)
    _double_round                            0x08000755   Thumb Code    30  depilogue.o(.text)
    _double_epilogue                         0x08000773   Thumb Code   156  depilogue.o(.text)
    BusFault_Handler                         0x0800080f   Thumb Code     2  stm32h7xx_it.o(i.BusFault_Handler)
    Cache_Enable                             0x08000811   Thumb Code   126  sys.o(i.Cache_Enable)
    Copy_HZK16                               0x08000899   Thumb Code    60  text.o(i.Copy_HZK16)
    Copy_HZK24                               0x080008d9   Thumb Code    64  text.o(i.Copy_HZK24)
    Copy_Mem                                 0x0800091d   Thumb Code    22  text.o(i.Copy_Mem)
    DebugMon_Handler                         0x08000ac9   Thumb Code     2  stm32h7xx_it.o(i.DebugMon_Handler)
    DrawFont_GBK16B                          0x08000acd   Thumb Code    44  gbk_libdrive.o(i.DrawFont_GBK16B)
    Draw_Font16B                             0x08000b01   Thumb Code    38  text.o(i.Draw_Font16B)
    Draw_Font24B                             0x08000b2d   Thumb Code    38  text.o(i.Draw_Font24B)
    FontLib_Read                             0x08000b59   Thumb Code   100  gbk_libdrive.o(i.FontLib_Read)
    GBK_GetASC_Point                         0x08000bc1   Thumb Code    76  gbk_libdrive.o(i.GBK_GetASC_Point)
    GBK_Lib_GetHz                            0x08000c21   Thumb Code   126  gbk_libdrive.o(i.GBK_Lib_GetHz)
    GBK_Lib_Init                             0x08000ca9   Thumb Code     4  gbk_libdrive.o(i.GBK_Lib_Init)
    GBK_ReadID                               0x08000cad   Thumb Code   134  gbk_libdrive.o(i.GBK_ReadID)
    GBK_ShowASCII                            0x08000d33   Thumb Code   160  gbk_libdrive.o(i.GBK_ShowASCII)
    GBK_Show_Font                            0x08000dd3   Thumb Code   150  gbk_libdrive.o(i.GBK_Show_Font)
    GBK_Show_Str                             0x08000e69   Thumb Code   188  gbk_libdrive.o(i.GBK_Show_Str)
    GBK_delay                                0x08000f25   Thumb Code    24  gbk_libdrive.o(i.GBK_delay)
    Get_HzMat                                0x08000f3d   Thumb Code    82  text.o(i.Get_HzMat)
    HAL_DMA_Abort                            0x08000f91   Thumb Code   214  stm32h7xx_hal_dma.o(i.HAL_DMA_Abort)
    HAL_DMA_Abort_IT                         0x08001071   Thumb Code   138  stm32h7xx_hal_dma.o(i.HAL_DMA_Abort_IT)
    HAL_DMA_DeInit                           0x08001105   Thumb Code   188  stm32h7xx_hal_dma.o(i.HAL_DMA_DeInit)
    HAL_DMA_GetError                         0x080011cd   Thumb Code     4  stm32h7xx_hal_dma.o(i.HAL_DMA_GetError)
    HAL_DMA_Init                             0x080011d1   Thumb Code   390  stm32h7xx_hal_dma.o(i.HAL_DMA_Init)
    HAL_DMA_Start_IT                         0x08001365   Thumb Code   204  stm32h7xx_hal_dma.o(i.HAL_DMA_Start_IT)
    HAL_EnableCompensationCell               0x08001435   Thumb Code    12  stm32h7xx_hal.o(i.HAL_EnableCompensationCell)
    HAL_GPIO_Init                            0x08001445   Thumb Code   438  stm32h7xx_hal_gpio.o(i.HAL_GPIO_Init)
    HAL_GPIO_ReadPin                         0x0800162d   Thumb Code    10  stm32h7xx_hal_gpio.o(i.HAL_GPIO_ReadPin)
    HAL_GPIO_TogglePin                       0x08001637   Thumb Code     8  stm32h7xx_hal_gpio.o(i.HAL_GPIO_TogglePin)
    HAL_GPIO_WritePin                        0x0800163f   Thumb Code    10  stm32h7xx_hal_gpio.o(i.HAL_GPIO_WritePin)
    HAL_GetTick                              0x08001649   Thumb Code     6  stm32h7xx_hal.o(i.HAL_GetTick)
    HAL_IncTick                              0x08001655   Thumb Code    12  stm32h7xx_hal.o(i.HAL_IncTick)
    HAL_Init                                 0x08001665   Thumb Code    28  stm32h7xx_hal.o(i.HAL_Init)
    HAL_InitTick                             0x08001681   Thumb Code    54  stm32h7xx_hal.o(i.HAL_InitTick)
    HAL_MPU_ConfigRegion                     0x080016c1   Thumb Code    80  stm32h7xx_hal_cortex.o(i.HAL_MPU_ConfigRegion)
    HAL_MPU_Disable                          0x08001715   Thumb Code    24  stm32h7xx_hal_cortex.o(i.HAL_MPU_Disable)
    HAL_MPU_Enable                           0x08001731   Thumb Code    30  stm32h7xx_hal_cortex.o(i.HAL_MPU_Enable)
    HAL_MspInit                              0x08001755   Thumb Code     2  stm32h7xx_hal_msp.o(i.HAL_MspInit)
    HAL_NVIC_EnableIRQ                       0x08001757   Thumb Code    26  stm32h7xx_hal_cortex.o(i.HAL_NVIC_EnableIRQ)
    HAL_NVIC_SetPriority                     0x08001771   Thumb Code    60  stm32h7xx_hal_cortex.o(i.HAL_NVIC_SetPriority)
    HAL_NVIC_SetPriorityGrouping             0x080017b1   Thumb Code    26  stm32h7xx_hal_cortex.o(i.HAL_NVIC_SetPriorityGrouping)
    HAL_RCCEx_GetD1SysClockFreq              0x080017d5   Thumb Code    40  stm32h7xx_hal_rcc_ex.o(i.HAL_RCCEx_GetD1SysClockFreq)
    HAL_RCCEx_GetD3PCLK1Freq                 0x08001809   Thumb Code    34  stm32h7xx_hal_rcc_ex.o(i.HAL_RCCEx_GetD3PCLK1Freq)
    HAL_RCCEx_GetPLL2ClockFreq               0x08001835   Thumb Code   220  stm32h7xx_hal_rcc_ex.o(i.HAL_RCCEx_GetPLL2ClockFreq)
    HAL_RCCEx_GetPLL3ClockFreq               0x08001931   Thumb Code   220  stm32h7xx_hal_rcc_ex.o(i.HAL_RCCEx_GetPLL3ClockFreq)
    HAL_RCCEx_PeriphCLKConfig                0x08001a2d   Thumb Code  2220  stm32h7xx_hal_rcc_ex.o(i.HAL_RCCEx_PeriphCLKConfig)
    HAL_RCC_ClockConfig                      0x080022dd   Thumb Code   450  stm32h7xx_hal_rcc.o(i.HAL_RCC_ClockConfig)
    HAL_RCC_GetHCLKFreq                      0x080024b5   Thumb Code    38  stm32h7xx_hal_rcc.o(i.HAL_RCC_GetHCLKFreq)
    HAL_RCC_GetPCLK1Freq                     0x080024e9   Thumb Code    34  stm32h7xx_hal_rcc.o(i.HAL_RCC_GetPCLK1Freq)
    HAL_RCC_GetPCLK2Freq                     0x08002515   Thumb Code    36  stm32h7xx_hal_rcc.o(i.HAL_RCC_GetPCLK2Freq)
    HAL_RCC_GetSysClockFreq                  0x08002541   Thumb Code   214  stm32h7xx_hal_rcc.o(i.HAL_RCC_GetSysClockFreq)
    HAL_RCC_OscConfig                        0x08002639   Thumb Code  1180  stm32h7xx_hal_rcc.o(i.HAL_RCC_OscConfig)
    HAL_SPI_Init                             0x08002ad5   Thumb Code   466  stm32h7xx_hal_spi.o(i.HAL_SPI_Init)
    HAL_SPI_MspInit                          0x08002cb5   Thumb Code    92  spi.o(i.HAL_SPI_MspInit)
    HAL_SPI_TransmitReceive                  0x08002d19   Thumb Code   792  stm32h7xx_hal_spi.o(i.HAL_SPI_TransmitReceive)
    HAL_SYSTICK_CLKSourceConfig              0x08003031   Thumb Code    24  stm32h7xx_hal_cortex.o(i.HAL_SYSTICK_CLKSourceConfig)
    HAL_SYSTICK_Config                       0x08003049   Thumb Code    40  stm32h7xx_hal_cortex.o(i.HAL_SYSTICK_Config)
    HAL_UARTEx_WakeupCallback                0x08003071   Thumb Code     2  stm32h7xx_hal_uart_ex.o(i.HAL_UARTEx_WakeupCallback)
    HAL_UART_DMAStop                         0x08003073   Thumb Code    84  stm32h7xx_hal_uart.o(i.HAL_UART_DMAStop)
    HAL_UART_ErrorCallback                   0x080030c7   Thumb Code     2  stm32h7xx_hal_uart.o(i.HAL_UART_ErrorCallback)
    HAL_UART_GetState                        0x080030c9   Thumb Code    12  stm32h7xx_hal_uart.o(i.HAL_UART_GetState)
    HAL_UART_IRQHandler                      0x080030d5   Thumb Code   374  stm32h7xx_hal_uart.o(i.HAL_UART_IRQHandler)
    HAL_UART_Init                            0x08003255   Thumb Code   106  stm32h7xx_hal_uart.o(i.HAL_UART_Init)
    HAL_UART_MspInit                         0x080032c1   Thumb Code   114  usart.o(i.HAL_UART_MspInit)
    HAL_UART_Receive_IT                      0x08003341   Thumb Code   166  stm32h7xx_hal_uart.o(i.HAL_UART_Receive_IT)
    HAL_UART_RxCpltCallback                  0x080033e9   Thumb Code    76  usart.o(i.HAL_UART_RxCpltCallback)
    HAL_UART_Transmit_DMA                    0x08003441   Thumb Code   126  stm32h7xx_hal_uart.o(i.HAL_UART_Transmit_DMA)
    HAL_UART_TxCpltCallback                  0x080034cd   Thumb Code     2  stm32h7xx_hal_uart.o(i.HAL_UART_TxCpltCallback)
    HAL_UART_TxHalfCpltCallback              0x080034cf   Thumb Code     2  stm32h7xx_hal_uart.o(i.HAL_UART_TxHalfCpltCallback)
    HardFault_Handler                        0x080034d1   Thumb Code     2  stm32h7xx_it.o(i.HardFault_Handler)
    KEY_Init                                 0x080034d5   Thumb Code    84  key.o(i.KEY_Init)
    KEY_Scan                                 0x08003535   Thumb Code   118  key.o(i.KEY_Scan)
    LCD_Clear                                0x080035b9   Thumb Code    58  lcd.o(i.LCD_Clear)
    LCD_Display_Dir                          0x080035f9   Thumb Code   126  lcd.o(i.LCD_Display_Dir)
    LCD_Fast_DrawPoint                       0x0800367d   Thumb Code    52  lcd.o(i.LCD_Fast_DrawPoint)
    LCD_GPIO_Init                            0x080036b5   Thumb Code   106  lcd.o(i.LCD_GPIO_Init)
    LCD_HardwareRest                         0x08003729   Thumb Code    44  lcd.o(i.LCD_HardwareRest)
    LCD_Init                                 0x08003759   Thumb Code   416  lcd.o(i.LCD_Init)
    LCD_Scan_Dir                             0x080038fd   Thumb Code    34  lcd.o(i.LCD_Scan_Dir)
    LCD_SetCursor                            0x08003921   Thumb Code    36  lcd.o(i.LCD_SetCursor)
    LCD_Set_Window                           0x08003949   Thumb Code    62  lcd.o(i.LCD_Set_Window)
    LCD_ShowChar                             0x0800398d   Thumb Code   182  lcd.o(i.LCD_ShowChar)
    LCD_SoftRest                             0x08003a59   Thumb Code    18  lcd.o(i.LCD_SoftRest)
    LCD_WR_DATA16                            0x08003a6d   Thumb Code    56  lcd.o(i.LCD_WR_DATA16)
    LCD_WR_DATA8                             0x08003aa9   Thumb Code    50  lcd.o(i.LCD_WR_DATA8)
    LCD_WR_REG                               0x08003ae1   Thumb Code    50  lcd.o(i.LCD_WR_REG)
    LCD_WriteRAM_Prepare                     0x08003b19   Thumb Code     8  lcd.o(i.LCD_WriteRAM_Prepare)
    LCD_WriteReg                             0x08003b25   Thumb Code    18  lcd.o(i.LCD_WriteReg)
    LED_Init                                 0x08003b39   Thumb Code    60  led.o(i.LED_Init)
    MPU_Memory_Protection                    0x08003b7d   Thumb Code    26  mpu.o(i.MPU_Memory_Protection)
    MPU_Set_Protection                       0x08003b97   Thumb Code    88  mpu.o(i.MPU_Set_Protection)
    MYDMA_Config                             0x08003bf1   Thumb Code   104  dma.o(i.MYDMA_Config)
    NMI_Handler                              0x08003c69   Thumb Code     2  stm32h7xx_it.o(i.NMI_Handler)
    PendSV_Handler                           0x08003c6b   Thumb Code     2  stm32h7xx_it.o(i.PendSV_Handler)
    SPI2_Init                                0x08003e4d   Thumb Code    82  spi.o(i.SPI2_Init)
    SPI2_ReadWriteByte                       0x08003ea9   Thumb Code    28  spi.o(i.SPI2_ReadWriteByte)
    SPI2_SetSpeed                            0x08003ec9   Thumb Code    42  spi.o(i.SPI2_SetSpeed)
    SVC_Handler                              0x08004017   Thumb Code     2  stm32h7xx_it.o(i.SVC_Handler)
    Show_Font                                0x08004019   Thumb Code   148  text.o(i.Show_Font)
    Show_Str                                 0x080040b1   Thumb Code   182  text.o(i.Show_Str)
    Stm32_Clock_Init                         0x08004169   Thumb Code   162  sys.o(i.Stm32_Clock_Init)
    SysTick_Handler                          0x08004215   Thumb Code     4  stm32h7xx_it.o(i.SysTick_Handler)
    SystemInit                               0x08004219   Thumb Code   116  system_stm32h7xx.o(i.SystemInit)
    UART_AdvFeatureConfig                    0x0800429d   Thumb Code   200  stm32h7xx_hal_uart.o(i.UART_AdvFeatureConfig)
    UART_CheckIdleState                      0x08004365   Thumb Code    92  stm32h7xx_hal_uart.o(i.UART_CheckIdleState)
    UART_SetConfig                           0x08004505   Thumb Code  1186  stm32h7xx_hal_uart.o(i.UART_SetConfig)
    UART_WaitOnFlagUntilTimeout              0x08004a21   Thumb Code    98  stm32h7xx_hal_uart.o(i.UART_WaitOnFlagUntilTimeout)
    USART1_IRQHandler                        0x08004a85   Thumb Code    56  usart.o(i.USART1_IRQHandler)
    UsageFault_Handler                       0x08004ac9   Thumb Code     2  stm32h7xx_it.o(i.UsageFault_Handler)
    __0printf                                0x08004acd   Thumb Code    22  printfa.o(i.__0printf)
    __1printf                                0x08004acd   Thumb Code     0  printfa.o(i.__0printf)
    __2printf                                0x08004acd   Thumb Code     0  printfa.o(i.__0printf)
    __c89printf                              0x08004acd   Thumb Code     0  printfa.o(i.__0printf)
    printf                                   0x08004acd   Thumb Code     0  printfa.o(i.__0printf)
    __0sprintf                               0x08004aed   Thumb Code    34  printfa.o(i.__0sprintf)
    __1sprintf                               0x08004aed   Thumb Code     0  printfa.o(i.__0sprintf)
    __2sprintf                               0x08004aed   Thumb Code     0  printfa.o(i.__0sprintf)
    __c89sprintf                             0x08004aed   Thumb Code     0  printfa.o(i.__0sprintf)
    sprintf                                  0x08004aed   Thumb Code     0  printfa.o(i.__0sprintf)
    __scatterload_copy                       0x08004b35   Thumb Code    14  handlers.o(i.__scatterload_copy)
    __scatterload_null                       0x08004b43   Thumb Code     2  handlers.o(i.__scatterload_null)
    __scatterload_zeroinit                   0x08004b45   Thumb Code    14  handlers.o(i.__scatterload_zeroinit)
    delay_init                               0x08005411   Thumb Code    16  delay.o(i.delay_init)
    delay_ms                                 0x08005425   Thumb Code    26  delay.o(i.delay_ms)
    delay_us                                 0x08005441   Thumb Code    48  delay.o(i.delay_us)
    fputc                                    0x08005475   Thumb Code    14  usart.o(i.fputc)
    main                                     0x08005489   Thumb Code   518  main.o(i.main)
    uart_init                                0x08005779   Thumb Code    44  usart.o(i.uart_init)
    TEXT_TO_SEND                             0x080057b0   Data          45  main.o(.constdata)
    D1CorePrescTable                         0x080057dd   Data          16  system_stm32h7xx.o(.constdata)
    asc2_1206                                0x0800580e   Data        1140  font.o(.constdata)
    asc2_1608                                0x08005c82   Data        1520  font.o(.constdata)
    asc2_2412                                0x08006272   Data        3420  font.o(.constdata)
    hz16                                     0x08006fce   Data        2006  font.o(.constdata)
    hz24                                     0x080077a4   Data         740  font.o(.constdata)
    Region$$Table$$Base                      0x08007a88   Number         0  anon$$obj.o(Region$$Table)
    Region$$Table$$Limit                     0x08007aa8   Number         0  anon$$obj.o(Region$$Table)
    t                                        0x24000000   Data           1  main.o(.data)
    mask                                     0x24000001   Data           1  main.o(.data)
    j                                        0x24000002   Data           1  main.o(.data)
    i                                        0x24000004   Data           2  main.o(.data)
    pro                                      0x24000008   Data           4  main.o(.data)
    SystemCoreClock                          0x2400000c   Data           4  system_stm32h7xx.o(.data)
    SystemD2Clock                            0x24000010   Data           4  system_stm32h7xx.o(.data)
    aRxBuffer                                0x24000018   Data           1  usart.o(.data)
    USART_RX_STA                             0x2400001a   Data           2  usart.o(.data)
    __stdout                                 0x2400001c   Data           4  usart.o(.data)
    POINT_COLOR                              0x2400002e   Data           2  lcd.o(.data)
    BACK_COLOR                               0x24000030   Data           2  lcd.o(.data)
    SendBuff                                 0x24000034   Data        7800  main.o(.bss)
    tbuf                                     0x24001eac   Data          32  main.o(.bss)
    USART_RX_BUF                             0x24001ecc   Data         200  usart.o(.bss)
    UART1_Handler                            0x24001f94   Data         128  usart.o(.bss)
    UART1TxDMA_Handler                       0x24002014   Data         120  dma.o(.bss)
    SPI2_Handler                             0x2400208c   Data         136  spi.o(.bss)
    lcddev                                   0x24002114   Data          14  lcd.o(.bss)
    __initial_sp                             0x24002b28   Data           0  startup_stm32h750xx.o(STACK)



==============================================================================

Memory Map of the image

  Image Entry point : 0x08000299

  Load Region LR_IROM1 (Base: 0x08000000, Size: 0x00007adc, Max: 0x00020000, ABSOLUTE)

    Execution Region ER_IROM1 (Base: 0x08000000, Size: 0x00007aa8, Max: 0x00020000, ABSOLUTE)

    Base Addr    Size         Type   Attr      Idx    E Section Name        Object

    0x08000000   0x00000298   Data   RO          662    RESET               startup_stm32h750xx.o
    0x08000298   0x00000000   Code   RO         4631  * .ARM.Collect$$$$00000000  mc_w.l(entry.o)
    0x08000298   0x00000004   Code   RO         4903    .ARM.Collect$$$$00000001  mc_w.l(entry2.o)
    0x0800029c   0x00000004   Code   RO         4906    .ARM.Collect$$$$00000004  mc_w.l(entry5.o)
    0x080002a0   0x00000000   Code   RO         4908    .ARM.Collect$$$$00000008  mc_w.l(entry7b.o)
    0x080002a0   0x00000000   Code   RO         4910    .ARM.Collect$$$$0000000A  mc_w.l(entry8b.o)
    0x080002a0   0x00000008   Code   RO         4911    .ARM.Collect$$$$0000000B  mc_w.l(entry9a.o)
    0x080002a8   0x00000000   Code   RO         4913    .ARM.Collect$$$$0000000D  mc_w.l(entry10a.o)
    0x080002a8   0x00000000   Code   RO         4915    .ARM.Collect$$$$0000000F  mc_w.l(entry11a.o)
    0x080002a8   0x00000004   Code   RO         4904    .ARM.Collect$$$$00002712  mc_w.l(entry2.o)
    0x080002ac   0x00000024   Code   RO          663    .text               startup_stm32h750xx.o
    0x080002d0   0x00000062   Code   RO         4634    .text               mc_w.l(uldiv.o)
    0x08000332   0x0000002c   Code   RO         4917    .text               mc_w.l(uidiv.o)
    0x0800035e   0x0000001e   Code   RO         4919    .text               mc_w.l(llshl.o)
    0x0800037c   0x00000020   Code   RO         4921    .text               mc_w.l(llushr.o)
    0x0800039c   0x00000000   Code   RO         4923    .text               mc_w.l(iusefp.o)
    0x0800039c   0x0000014e   Code   RO         4924    .text               mf_w.l(dadd.o)
    0x080004ea   0x000000e4   Code   RO         4926    .text               mf_w.l(dmul.o)
    0x080005ce   0x000000de   Code   RO         4928    .text               mf_w.l(ddiv.o)
    0x080006ac   0x00000030   Code   RO         4930    .text               mf_w.l(dfixul.o)
    0x080006dc   0x00000030   Code   RO         4932    .text               mf_w.l(cdrcmple.o)
    0x0800070c   0x00000024   Code   RO         4934    .text               mc_w.l(init.o)
    0x08000730   0x00000024   Code   RO         4936    .text               mc_w.l(llsshr.o)
    0x08000754   0x000000ba   Code   RO         4938    .text               mf_w.l(depilogue.o)
    0x0800080e   0x00000002   Code   RO          369    i.BusFault_Handler  stm32h7xx_it.o
    0x08000810   0x00000088   Code   RO          709    i.Cache_Enable      sys.o
    0x08000898   0x00000040   Code   RO         4448    i.Copy_HZK16        text.o
    0x080008d8   0x00000044   Code   RO         4449    i.Copy_HZK24        text.o
    0x0800091c   0x00000016   Code   RO         4450    i.Copy_Mem          text.o
    0x08000932   0x00000002   PAD
    0x08000934   0x00000028   Code   RO         1291    i.DMA_CalcBaseAndBitshift  stm32h7xx_hal_dma.o
    0x0800095c   0x0000005c   Code   RO         1292    i.DMA_CalcDMAMUXChannelBaseAndMask  stm32h7xx_hal_dma.o
    0x080009b8   0x00000044   Code   RO         1293    i.DMA_CalcDMAMUXRequestGenBaseAndMask  stm32h7xx_hal_dma.o
    0x080009fc   0x00000054   Code   RO         1294    i.DMA_CheckFifoParam  stm32h7xx_hal_dma.o
    0x08000a50   0x00000078   Code   RO         1295    i.DMA_SetConfig     stm32h7xx_hal_dma.o
    0x08000ac8   0x00000002   Code   RO          370    i.DebugMon_Handler  stm32h7xx_it.o
    0x08000aca   0x00000002   PAD
    0x08000acc   0x00000034   Code   RO         4517    i.DrawFont_GBK16B   gbk_libdrive.o
    0x08000b00   0x0000002c   Code   RO         4451    i.Draw_Font16B      text.o
    0x08000b2c   0x0000002c   Code   RO         4452    i.Draw_Font24B      text.o
    0x08000b58   0x00000068   Code   RO         4520    i.FontLib_Read      gbk_libdrive.o
    0x08000bc0   0x00000060   Code   RO         4521    i.GBK_GetASC_Point  gbk_libdrive.o
    0x08000c20   0x00000088   Code   RO         4523    i.GBK_Lib_GetHz     gbk_libdrive.o
    0x08000ca8   0x00000004   Code   RO         4524    i.GBK_Lib_Init      gbk_libdrive.o
    0x08000cac   0x00000086   Code   RO         4525    i.GBK_ReadID        gbk_libdrive.o
    0x08000d32   0x000000a0   Code   RO         4526    i.GBK_ShowASCII     gbk_libdrive.o
    0x08000dd2   0x00000096   Code   RO         4527    i.GBK_Show_Font     gbk_libdrive.o
    0x08000e68   0x000000bc   Code   RO         4528    i.GBK_Show_Str      gbk_libdrive.o
    0x08000f24   0x00000018   Code   RO         4530    i.GBK_delay         gbk_libdrive.o
    0x08000f3c   0x00000052   Code   RO         4453    i.Get_HzMat         text.o
    0x08000f8e   0x00000002   PAD
    0x08000f90   0x000000e0   Code   RO         1296    i.HAL_DMA_Abort     stm32h7xx_hal_dma.o
    0x08001070   0x00000094   Code   RO         1297    i.HAL_DMA_Abort_IT  stm32h7xx_hal_dma.o
    0x08001104   0x000000c8   Code   RO         1298    i.HAL_DMA_DeInit    stm32h7xx_hal_dma.o
    0x080011cc   0x00000004   Code   RO         1299    i.HAL_DMA_GetError  stm32h7xx_hal_dma.o
    0x080011d0   0x00000194   Code   RO         1302    i.HAL_DMA_Init      stm32h7xx_hal_dma.o
    0x08001364   0x000000d0   Code   RO         1306    i.HAL_DMA_Start_IT  stm32h7xx_hal_dma.o
    0x08001434   0x00000010   Code   RO          852    i.HAL_EnableCompensationCell  stm32h7xx_hal.o
    0x08001444   0x000001e8   Code   RO         1410    i.HAL_GPIO_Init     stm32h7xx_hal_gpio.o
    0x0800162c   0x0000000a   Code   RO         1412    i.HAL_GPIO_ReadPin  stm32h7xx_hal_gpio.o
    0x08001636   0x00000008   Code   RO         1413    i.HAL_GPIO_TogglePin  stm32h7xx_hal_gpio.o
    0x0800163e   0x0000000a   Code   RO         1414    i.HAL_GPIO_WritePin  stm32h7xx_hal_gpio.o
    0x08001648   0x0000000c   Code   RO          859    i.HAL_GetTick       stm32h7xx_hal.o
    0x08001654   0x00000010   Code   RO          862    i.HAL_IncTick       stm32h7xx_hal.o
    0x08001664   0x0000001c   Code   RO          863    i.HAL_Init          stm32h7xx_hal.o
    0x08001680   0x00000040   Code   RO          864    i.HAL_InitTick      stm32h7xx_hal.o
    0x080016c0   0x00000054   Code   RO         1151    i.HAL_MPU_ConfigRegion  stm32h7xx_hal_cortex.o
    0x08001714   0x0000001c   Code   RO         1152    i.HAL_MPU_Disable   stm32h7xx_hal_cortex.o
    0x08001730   0x00000024   Code   RO         1153    i.HAL_MPU_Enable    stm32h7xx_hal_cortex.o
    0x08001754   0x00000002   Code   RO          634    i.HAL_MspInit       stm32h7xx_hal_msp.o
    0x08001756   0x0000001a   Code   RO         1156    i.HAL_NVIC_EnableIRQ  stm32h7xx_hal_cortex.o
    0x08001770   0x00000040   Code   RO         1162    i.HAL_NVIC_SetPriority  stm32h7xx_hal_cortex.o
    0x080017b0   0x00000024   Code   RO         1163    i.HAL_NVIC_SetPriorityGrouping  stm32h7xx_hal_cortex.o
    0x080017d4   0x00000034   Code   RO         1953    i.HAL_RCCEx_GetD1SysClockFreq  stm32h7xx_hal_rcc_ex.o
    0x08001808   0x0000002c   Code   RO         1954    i.HAL_RCCEx_GetD3PCLK1Freq  stm32h7xx_hal_rcc_ex.o
    0x08001834   0x000000fc   Code   RO         1956    i.HAL_RCCEx_GetPLL2ClockFreq  stm32h7xx_hal_rcc_ex.o
    0x08001930   0x000000fc   Code   RO         1957    i.HAL_RCCEx_GetPLL3ClockFreq  stm32h7xx_hal_rcc_ex.o
    0x08001a2c   0x000008b0   Code   RO         1961    i.HAL_RCCEx_PeriphCLKConfig  stm32h7xx_hal_rcc_ex.o
    0x080022dc   0x000001d8   Code   RO         1846    i.HAL_RCC_ClockConfig  stm32h7xx_hal_rcc.o
    0x080024b4   0x00000034   Code   RO         1850    i.HAL_RCC_GetHCLKFreq  stm32h7xx_hal_rcc.o
    0x080024e8   0x0000002c   Code   RO         1852    i.HAL_RCC_GetPCLK1Freq  stm32h7xx_hal_rcc.o
    0x08002514   0x0000002c   Code   RO         1853    i.HAL_RCC_GetPCLK2Freq  stm32h7xx_hal_rcc.o
    0x08002540   0x000000f8   Code   RO         1854    i.HAL_RCC_GetSysClockFreq  stm32h7xx_hal_rcc.o
    0x08002638   0x0000049c   Code   RO         1857    i.HAL_RCC_OscConfig  stm32h7xx_hal_rcc.o
    0x08002ad4   0x000001e0   Code   RO         3680    i.HAL_SPI_Init      stm32h7xx_hal_spi.o
    0x08002cb4   0x00000064   Code   RO         4101    i.HAL_SPI_MspInit   spi.o
    0x08002d18   0x00000318   Code   RO         3689    i.HAL_SPI_TransmitReceive  stm32h7xx_hal_spi.o
    0x08003030   0x00000018   Code   RO         1165    i.HAL_SYSTICK_CLKSourceConfig  stm32h7xx_hal_cortex.o
    0x08003048   0x00000028   Code   RO         1167    i.HAL_SYSTICK_Config  stm32h7xx_hal_cortex.o
    0x08003070   0x00000002   Code   RO         2463    i.HAL_UARTEx_WakeupCallback  stm32h7xx_hal_uart_ex.o
    0x08003072   0x00000054   Code   RO         2127    i.HAL_UART_DMAStop  stm32h7xx_hal_uart.o
    0x080030c6   0x00000002   Code   RO         2129    i.HAL_UART_ErrorCallback  stm32h7xx_hal_uart.o
    0x080030c8   0x0000000c   Code   RO         2131    i.HAL_UART_GetState  stm32h7xx_hal_uart.o
    0x080030d4   0x00000180   Code   RO         2132    i.HAL_UART_IRQHandler  stm32h7xx_hal_uart.o
    0x08003254   0x0000006a   Code   RO         2133    i.HAL_UART_Init     stm32h7xx_hal_uart.o
    0x080032be   0x00000002   PAD
    0x080032c0   0x00000080   Code   RO          764    i.HAL_UART_MspInit  usart.o
    0x08003340   0x000000a6   Code   RO         2138    i.HAL_UART_Receive_IT  stm32h7xx_hal_uart.o
    0x080033e6   0x00000002   PAD
    0x080033e8   0x00000058   Code   RO          765    i.HAL_UART_RxCpltCallback  usart.o
    0x08003440   0x0000008c   Code   RO         2142    i.HAL_UART_Transmit_DMA  stm32h7xx_hal_uart.o
    0x080034cc   0x00000002   Code   RO         2144    i.HAL_UART_TxCpltCallback  stm32h7xx_hal_uart.o
    0x080034ce   0x00000002   Code   RO         2145    i.HAL_UART_TxHalfCpltCallback  stm32h7xx_hal_uart.o
    0x080034d0   0x00000002   Code   RO          371    i.HardFault_Handler  stm32h7xx_it.o
    0x080034d2   0x00000002   PAD
    0x080034d4   0x00000060   Code   RO         4010    i.KEY_Init          key.o
    0x08003534   0x00000084   Code   RO         4011    i.KEY_Scan          key.o
    0x080035b8   0x00000040   Code   RO         4199    i.LCD_Clear         lcd.o
    0x080035f8   0x00000084   Code   RO         4203    i.LCD_Display_Dir   lcd.o
    0x0800367c   0x00000038   Code   RO         4208    i.LCD_Fast_DrawPoint  lcd.o
    0x080036b4   0x00000074   Code   RO         4210    i.LCD_GPIO_Init     lcd.o
    0x08003728   0x00000030   Code   RO         4211    i.LCD_HardwareRest  lcd.o
    0x08003758   0x000001a4   Code   RO         4212    i.LCD_Init          lcd.o
    0x080038fc   0x00000022   Code   RO         4214    i.LCD_Scan_Dir      lcd.o
    0x0800391e   0x00000002   PAD
    0x08003920   0x00000028   Code   RO         4215    i.LCD_SetCursor     lcd.o
    0x08003948   0x00000044   Code   RO         4216    i.LCD_Set_Window    lcd.o
    0x0800398c   0x000000cc   Code   RO         4217    i.LCD_ShowChar      lcd.o
    0x08003a58   0x00000012   Code   RO         4221    i.LCD_SoftRest      lcd.o
    0x08003a6a   0x00000002   PAD
    0x08003a6c   0x0000003c   Code   RO         4222    i.LCD_WR_DATA16     lcd.o
    0x08003aa8   0x00000038   Code   RO         4223    i.LCD_WR_DATA8      lcd.o
    0x08003ae0   0x00000038   Code   RO         4224    i.LCD_WR_REG        lcd.o
    0x08003b18   0x0000000c   Code   RO         4226    i.LCD_WriteRAM_Prepare  lcd.o
    0x08003b24   0x00000012   Code   RO         4227    i.LCD_WriteReg      lcd.o
    0x08003b36   0x00000002   PAD
    0x08003b38   0x00000044   Code   RO         3986    i.LED_Init          led.o
    0x08003b7c   0x0000001a   Code   RO         4071    i.MPU_Memory_Protection  mpu.o
    0x08003b96   0x00000058   Code   RO         4072    i.MPU_Set_Protection  mpu.o
    0x08003bee   0x00000002   PAD
    0x08003bf0   0x00000078   Code   RO         4041    i.MYDMA_Config      dma.o
    0x08003c68   0x00000002   Code   RO          372    i.NMI_Handler       stm32h7xx_it.o
    0x08003c6a   0x00000002   Code   RO          373    i.PendSV_Handler    stm32h7xx_it.o
    0x08003c6c   0x000000f0   Code   RO         1964    i.RCCEx_PLL2_Config  stm32h7xx_hal_rcc_ex.o
    0x08003d5c   0x000000f0   Code   RO         1965    i.RCCEx_PLL3_Config  stm32h7xx_hal_rcc_ex.o
    0x08003e4c   0x0000005c   Code   RO         4102    i.SPI2_Init         spi.o
    0x08003ea8   0x00000020   Code   RO         4103    i.SPI2_ReadWriteByte  spi.o
    0x08003ec8   0x00000030   Code   RO         4104    i.SPI2_SetSpeed     spi.o
    0x08003ef8   0x000000de   Code   RO         3705    i.SPI_CloseTransfer  stm32h7xx_hal_spi.o
    0x08003fd6   0x00000040   Code   RO         3722    i.SPI_WaitOnFlagUntilTimeout  stm32h7xx_hal_spi.o
    0x08004016   0x00000002   Code   RO          374    i.SVC_Handler       stm32h7xx_it.o
    0x08004018   0x00000098   Code   RO         4454    i.Show_Font         text.o
    0x080040b0   0x000000b6   Code   RO         4455    i.Show_Str          text.o
    0x08004166   0x00000002   PAD
    0x08004168   0x000000ac   Code   RO          713    i.Stm32_Clock_Init  sys.o
    0x08004214   0x00000004   Code   RO          375    i.SysTick_Handler   stm32h7xx_it.o
    0x08004218   0x00000084   Code   RO          442    i.SystemInit        system_stm32h7xx.o
    0x0800429c   0x000000c8   Code   RO         2146    i.UART_AdvFeatureConfig  stm32h7xx_hal_uart.o
    0x08004364   0x0000005c   Code   RO         2147    i.UART_CheckIdleState  stm32h7xx_hal_uart.o
    0x080043c0   0x00000014   Code   RO         2148    i.UART_DMAAbortOnError  stm32h7xx_hal_uart.o
    0x080043d4   0x00000052   Code   RO         2149    i.UART_DMAError     stm32h7xx_hal_uart.o
    0x08004426   0x00000030   Code   RO         2154    i.UART_DMATransmitCplt  stm32h7xx_hal_uart.o
    0x08004456   0x0000000a   Code   RO         2156    i.UART_DMATxHalfCplt  stm32h7xx_hal_uart.o
    0x08004460   0x0000001c   Code   RO         2158    i.UART_EndRxTransfer  stm32h7xx_hal_uart.o
    0x0800447c   0x00000012   Code   RO         2159    i.UART_EndTxTransfer  stm32h7xx_hal_uart.o
    0x0800448e   0x00000076   Code   RO         2160    i.UART_Receive_IT   stm32h7xx_hal_uart.o
    0x08004504   0x000004a8   Code   RO         2161    i.UART_SetConfig    stm32h7xx_hal_uart.o
    0x080049ac   0x00000074   Code   RO         2162    i.UART_Transmit_IT  stm32h7xx_hal_uart.o
    0x08004a20   0x00000062   Code   RO         2163    i.UART_WaitOnFlagUntilTimeout  stm32h7xx_hal_uart.o
    0x08004a82   0x00000002   PAD
    0x08004a84   0x00000044   Code   RO          766    i.USART1_IRQHandler  usart.o
    0x08004ac8   0x00000002   Code   RO          376    i.UsageFault_Handler  stm32h7xx_it.o
    0x08004aca   0x00000002   PAD
    0x08004acc   0x00000020   Code   RO         4875    i.__0printf         mc_w.l(printfa.o)
    0x08004aec   0x00000028   Code   RO         4877    i.__0sprintf        mc_w.l(printfa.o)
    0x08004b14   0x00000020   Code   RO         1169    i.__NVIC_SetPriority  stm32h7xx_hal_cortex.o
    0x08004b34   0x0000000e   Code   RO         4942    i.__scatterload_copy  mc_w.l(handlers.o)
    0x08004b42   0x00000002   Code   RO         4943    i.__scatterload_null  mc_w.l(handlers.o)
    0x08004b44   0x0000000e   Code   RO         4944    i.__scatterload_zeroinit  mc_w.l(handlers.o)
    0x08004b52   0x00000002   PAD
    0x08004b54   0x00000184   Code   RO         4882    i._fp_digits        mc_w.l(printfa.o)
    0x08004cd8   0x000006dc   Code   RO         4883    i._printf_core      mc_w.l(printfa.o)
    0x080053b4   0x00000024   Code   RO         4884    i._printf_post_padding  mc_w.l(printfa.o)
    0x080053d8   0x0000002e   Code   RO         4885    i._printf_pre_padding  mc_w.l(printfa.o)
    0x08005406   0x0000000a   Code   RO         4887    i._sputc            mc_w.l(printfa.o)
    0x08005410   0x00000014   Code   RO          670    i.delay_init        delay.o
    0x08005424   0x0000001a   Code   RO          671    i.delay_ms          delay.o
    0x0800543e   0x00000002   PAD
    0x08005440   0x00000034   Code   RO          672    i.delay_us          delay.o
    0x08005474   0x00000014   Code   RO          769    i.fputc             usart.o
    0x08005488   0x000002f0   Code   RO            4    i.main              main.o
    0x08005778   0x00000038   Code   RO          770    i.uart_init         usart.o
    0x080057b0   0x0000002d   Data   RO            6    .constdata          main.o
    0x080057dd   0x00000010   Data   RO          443    .constdata          system_stm32h7xx.o
    0x080057ed   0x00000008   Data   RO         1308    .constdata          stm32h7xx_hal_dma.o
    0x080057f5   0x00000001   PAD
    0x080057f6   0x00000018   Data   RO         2164    .constdata          stm32h7xx_hal_uart.o
    0x0800580e   0x00000474   Data   RO         4174    .constdata          font.o
    0x08005c82   0x000005f0   Data   RO         4175    .constdata          font.o
    0x08006272   0x00000d5c   Data   RO         4176    .constdata          font.o
    0x08006fce   0x000007d6   Data   RO         4177    .constdata          font.o
    0x080077a4   0x000002e4   Data   RO         4178    .constdata          font.o
    0x08007a88   0x00000020   Data   RO         4940    Region$$Table       anon$$obj.o


    Execution Region RW_IRAM1 (Base: 0x20000000, Size: 0x00000000, Max: 0x00020000, ABSOLUTE)

    **** No section assigned to this execution region ****


    Execution Region RW_IRAM2 (Base: 0x24000000, Size: 0x00002b28, Max: 0x00080000, ABSOLUTE)

    Base Addr    Size         Type   Attr      Idx    E Section Name        Object

    0x24000000   0x0000000c   Data   RW            7    .data               main.o
    0x2400000c   0x00000004   Data   RW          444    .data               system_stm32h7xx.o
    0x24000010   0x00000004   Data   RW          445    .data               system_stm32h7xx.o
    0x24000014   0x00000004   Data   RW          673    .data               delay.o
    0x24000018   0x00000004   Data   RW          772    .data               usart.o
    0x2400001c   0x00000004   Data   RW          773    .data               usart.o
    0x24000020   0x0000000c   Data   RW          885    .data               stm32h7xx_hal.o
    0x2400002c   0x00000001   Data   RW         4012    .data               key.o
    0x2400002d   0x00000001   PAD
    0x2400002e   0x00000004   Data   RW         4230    .data               lcd.o
    0x24000032   0x00000002   PAD
    0x24000034   0x00001e98   Zero   RW            5    .bss                main.o
    0x24001ecc   0x00000148   Zero   RW          771    .bss                usart.o
    0x24002014   0x00000078   Zero   RW         4042    .bss                dma.o
    0x2400208c   0x00000088   Zero   RW         4105    .bss                spi.o
    0x24002114   0x0000000e   Zero   RW         4228    .bss                lcd.o
    0x24002122   0x00000006   PAD
    0x24002128   0x00000a00   Zero   RW          660    STACK               startup_stm32h750xx.o


==============================================================================

Image component sizes


      Code (inc. data)   RO Data    RW Data    ZI Data      Debug   Object Name

        98          8          0          4          0       1975   delay.o
       120         16          0          0        120       1228   dma.o
         0          0       8826          0          0       1194   font.o
      1048         42          0          0          0       9355   gbk_libdrive.o
       228         26          0          1          0       1662   key.o
      1402         86          0          4         14      13433   lcd.o
        68          8          0          0          0        875   led.o
       752        234         45         12       7832    1196727   main.o
       114          0          0          0          0       1393   mpu.o
       272         28          0          0        136       2906   spi.o
        36          8        664          0       2560        828   startup_stm32h750xx.o
       136         24          0         12          0       3943   stm32h7xx_hal.o
       370         28          0          0          0      41075   stm32h7xx_hal_cortex.o
      1592         98          8          0          0      10421   stm32h7xx_hal_dma.o
       516         50          0          0          0       4040   stm32h7xx_hal_gpio.o
         2          0          0          0          0        450   stm32h7xx_hal_msp.o
      2040        108          0          0          0       6540   stm32h7xx_hal_rcc.o
      3304        154          0          0          0       8355   stm32h7xx_hal_rcc_ex.o
      1558         14          0          0          0       5149   stm32h7xx_hal_spi.o
      2920        136         24          0          0      38149   stm32h7xx_hal_uart.o
         2          0          0          0          0       1044   stm32h7xx_hal_uart_ex.o
        18          0          0          0          0       3590   stm32h7xx_it.o
       308         20          0          0          0      36529   sys.o
       132         16         16          8          0       1154   system_stm32h7xx.o
       658         24          0          0          0       7162   text.o
       360         56          0          8        328       5081   usart.o

    ----------------------------------------------------------------------
     18082       1184       9616         52      10996    1404258   Object Totals
         0          0         32          0          0          0   (incl. Generated)
        28          0          1          3          6          0   (incl. Padding)

    ----------------------------------------------------------------------

      Code (inc. data)   RO Data    RW Data    ZI Data      Debug   Library Member Name

         0          0          0          0          0          0   entry.o
         0          0          0          0          0          0   entry10a.o
         0          0          0          0          0          0   entry11a.o
         8          4          0          0          0          0   entry2.o
         4          0          0          0          0          0   entry5.o
         0          0          0          0          0          0   entry7b.o
         0          0          0          0          0          0   entry8b.o
         8          4          0          0          0          0   entry9a.o
        30          0          0          0          0          0   handlers.o
        36          8          0          0          0         68   init.o
         0          0          0          0          0          0   iusefp.o
        30          0          0          0          0         68   llshl.o
        36          0          0          0          0         68   llsshr.o
        32          0          0          0          0         68   llushr.o
      2308         96          0          0          0        604   printfa.o
        44          0          0          0          0         80   uidiv.o
        98          0          0          0          0         92   uldiv.o
        48          0          0          0          0         68   cdrcmple.o
       334          0          0          0          0        148   dadd.o
       222          0          0          0          0        100   ddiv.o
       186          0          0          0          0        176   depilogue.o
        48          0          0          0          0         68   dfixul.o
       228          0          0          0          0         96   dmul.o

    ----------------------------------------------------------------------
      3702        112          0          0          0       1704   Library Totals
         2          0          0          0          0          0   (incl. Padding)

    ----------------------------------------------------------------------

      Code (inc. data)   RO Data    RW Data    ZI Data      Debug   Library Name

      2634        112          0          0          0       1048   mc_w.l
      1066          0          0          0          0        656   mf_w.l

    ----------------------------------------------------------------------
      3702        112          0          0          0       1704   Library Totals

    ----------------------------------------------------------------------

==============================================================================


      Code (inc. data)   RO Data    RW Data    ZI Data      Debug   

     21784       1296       9616         52      10996    1392782   Grand Totals
     21784       1296       9616         52      10996    1392782   ELF Image Totals
     21784       1296       9616         52          0          0   ROM Totals

==============================================================================

    Total RO  Size (Code + RO Data)                31400 (  30.66kB)
    Total RW  Size (RW Data + ZI Data)             11048 (  10.79kB)
    Total ROM Size (Code + RO Data + RW Data)      31452 (  30.71kB)

==============================================================================

