Component: ARM Compiler 5.06 update 4 (build 422) Tool: armlink [4d35d2]

==============================================================================

Section Cross References

    main.o(i.main) refers to sys.o(i.Cache_Enable) for Cache_Enable
    main.o(i.main) refers to stm32h7xx_hal.o(i.HAL_Init) for HAL_Init
    main.o(i.main) refers to sys.o(i.Stm32_Clock_Init) for Stm32_Clock_Init
    main.o(i.main) refers to delay.o(i.delay_init) for delay_init
    main.o(i.main) refers to usart.o(i.uart_init) for uart_init
    main.o(i.main) refers to led.o(i.LED_Init) for LED_Init
    main.o(i.main) refers to key.o(i.KEY_Init) for KEY_Init
    main.o(i.main) refers to lcd.o(i.LCD_Init) for LCD_Init
    main.o(i.main) refers to gbk_libdrive.o(i.GBK_Lib_Init) for GBK_Lib_Init
    main.o(i.main) refers to lcd.o(i.LCD_Clear) for LCD_Clear
    main.o(i.main) refers to text.o(i.Draw_Font16B) for Draw_Font16B
    main.o(i.main) refers to delay.o(i.delay_ms) for delay_ms
    main.o(i.main) refers to rng.o(i.RNG_Init) for RNG_Init
    main.o(i.main) refers to key.o(i.KEY_Scan) for KEY_Scan
    main.o(i.main) refers to rng.o(i.RNG_Get_RandomNum) for RNG_Get_RandomNum
    main.o(i.main) refers to printf6.o(i.__0sprintf$6) for __2sprintf
    main.o(i.main) refers to stm32h7xx_hal_gpio.o(i.HAL_GPIO_TogglePin) for HAL_GPIO_TogglePin
    main.o(i.main) refers to rng.o(i.RNG_Get_RandomRange) for RNG_Get_RandomRange
    main.o(i.main) refers to text.o(i.Draw_Font24B) for Draw_Font24B
    main.o(i.main) refers to main.o(.data) for .data
    main.o(i.main) refers to main.o(.bss) for .bss
    stm32h7xx_it.o(i.SysTick_Handler) refers to stm32h7xx_hal.o(i.HAL_IncTick) for HAL_IncTick
    system_stm32h7xx.o(i.SystemCoreClockUpdate) refers to system_stm32h7xx.o(.data) for .data
    system_stm32h7xx.o(i.SystemCoreClockUpdate) refers to system_stm32h7xx.o(.constdata) for .constdata
    startup_stm32h750xx.o(RESET) refers to startup_stm32h750xx.o(STACK) for __initial_sp
    startup_stm32h750xx.o(RESET) refers to startup_stm32h750xx.o(.text) for Reset_Handler
    startup_stm32h750xx.o(RESET) refers to stm32h7xx_it.o(i.NMI_Handler) for NMI_Handler
    startup_stm32h750xx.o(RESET) refers to stm32h7xx_it.o(i.HardFault_Handler) for HardFault_Handler
    startup_stm32h750xx.o(RESET) refers to stm32h7xx_it.o(i.BusFault_Handler) for BusFault_Handler
    startup_stm32h750xx.o(RESET) refers to stm32h7xx_it.o(i.UsageFault_Handler) for UsageFault_Handler
    startup_stm32h750xx.o(RESET) refers to stm32h7xx_it.o(i.SVC_Handler) for SVC_Handler
    startup_stm32h750xx.o(RESET) refers to stm32h7xx_it.o(i.DebugMon_Handler) for DebugMon_Handler
    startup_stm32h750xx.o(RESET) refers to stm32h7xx_it.o(i.PendSV_Handler) for PendSV_Handler
    startup_stm32h750xx.o(RESET) refers to stm32h7xx_it.o(i.SysTick_Handler) for SysTick_Handler
    startup_stm32h750xx.o(RESET) refers to usart.o(i.USART1_IRQHandler) for USART1_IRQHandler
    startup_stm32h750xx.o(.text) refers to system_stm32h7xx.o(i.SystemInit) for SystemInit
    startup_stm32h750xx.o(.text) refers to entry.o(.ARM.Collect$$$$00000000) for __main
    delay.o(i.delay_init) refers to stm32h7xx_hal_cortex.o(i.HAL_SYSTICK_CLKSourceConfig) for HAL_SYSTICK_CLKSourceConfig
    delay.o(i.delay_init) refers to delay.o(.data) for .data
    delay.o(i.delay_ms) refers to delay.o(i.delay_us) for delay_us
    delay.o(i.delay_us) refers to delay.o(.data) for .data
    sys.o(i.QSPI_Enable_Memmapmode) refers to stm32h7xx_hal_gpio.o(i.HAL_GPIO_Init) for HAL_GPIO_Init
    sys.o(i.Stm32_Clock_Init) refers to stm32h7xx_hal_rcc.o(i.HAL_RCC_OscConfig) for HAL_RCC_OscConfig
    sys.o(i.Stm32_Clock_Init) refers to stm32h7xx_hal_rcc.o(i.HAL_RCC_ClockConfig) for HAL_RCC_ClockConfig
    sys.o(i.Stm32_Clock_Init) refers to stm32h7xx_hal.o(i.HAL_EnableCompensationCell) for HAL_EnableCompensationCell
    usart.o(i.HAL_UART_MspInit) refers to stm32h7xx_hal_gpio.o(i.HAL_GPIO_Init) for HAL_GPIO_Init
    usart.o(i.HAL_UART_MspInit) refers to stm32h7xx_hal_cortex.o(i.HAL_NVIC_EnableIRQ) for HAL_NVIC_EnableIRQ
    usart.o(i.HAL_UART_MspInit) refers to stm32h7xx_hal_cortex.o(i.HAL_NVIC_SetPriority) for HAL_NVIC_SetPriority
    usart.o(i.HAL_UART_RxCpltCallback) refers to usart.o(.data) for .data
    usart.o(i.HAL_UART_RxCpltCallback) refers to usart.o(.bss) for .bss
    usart.o(i.USART1_IRQHandler) refers to stm32h7xx_hal_uart.o(i.HAL_UART_IRQHandler) for HAL_UART_IRQHandler
    usart.o(i.USART1_IRQHandler) refers to stm32h7xx_hal_uart.o(i.HAL_UART_GetState) for HAL_UART_GetState
    usart.o(i.USART1_IRQHandler) refers to stm32h7xx_hal_uart.o(i.HAL_UART_Receive_IT) for HAL_UART_Receive_IT
    usart.o(i.USART1_IRQHandler) refers to usart.o(.bss) for .bss
    usart.o(i.USART1_IRQHandler) refers to usart.o(.data) for .data
    usart.o(i.uart_init) refers to stm32h7xx_hal_uart.o(i.HAL_UART_Init) for HAL_UART_Init
    usart.o(i.uart_init) refers to stm32h7xx_hal_uart.o(i.HAL_UART_Receive_IT) for HAL_UART_Receive_IT
[...]
    Removing stm32h7xx_hal_spi.o(i.SPI_2linesTxISR_32BIT), (44 bytes).
    Removing stm32h7xx_hal_spi.o(i.SPI_2linesTxISR_8BIT), (46 bytes).
    Removing stm32h7xx_hal_spi.o(i.SPI_AbortTransfer), (124 bytes).
    Removing stm32h7xx_hal_spi.o(i.SPI_DMAAbortOnError), (26 bytes).
    Removing stm32h7xx_hal_spi.o(i.SPI_DMAError), (44 bytes).
    Removing stm32h7xx_hal_spi.o(i.SPI_DMAHalfReceiveCplt), (10 bytes).
    Removing stm32h7xx_hal_spi.o(i.SPI_DMAHalfTransmitCplt), (10 bytes).
    Removing stm32h7xx_hal_spi.o(i.SPI_DMAHalfTransmitReceiveCplt), (10 bytes).
    Removing stm32h7xx_hal_spi.o(i.SPI_DMAReceiveCplt), (40 bytes).
    Removing stm32h7xx_hal_spi.o(i.SPI_DMARxAbortCallback), (40 bytes).
    Removing stm32h7xx_hal_spi.o(i.SPI_DMATransmitCplt), (40 bytes).
    Removing stm32h7xx_hal_spi.o(i.SPI_DMATransmitReceiveCplt), (40 bytes).
    Removing stm32h7xx_hal_spi.o(i.SPI_DMATxAbortCallback), (40 bytes).
    Removing stm32h7xx_hal_spi.o(i.SPI_RxISR_16BIT), (44 bytes).
    Removing stm32h7xx_hal_spi.o(i.SPI_RxISR_32BIT), (44 bytes).
    Removing stm32h7xx_hal_spi.o(i.SPI_RxISR_8BIT), (46 bytes).
    Removing stm32h7xx_hal_spi.o(i.SPI_TxISR_16BIT), (44 bytes).
    Removing stm32h7xx_hal_spi.o(i.SPI_TxISR_32BIT), (44 bytes).
    Removing stm32h7xx_hal_spi.o(i.SPI_TxISR_8BIT), (46 bytes).
    Removing led.o(.rev16_text), (4 bytes).
    Removing led.o(.revsh_text), (4 bytes).
    Removing led.o(.rrx_text), (6 bytes).
    Removing key.o(.rev16_text), (4 bytes).
    Removing key.o(.revsh_text), (4 bytes).
    Removing key.o(.rrx_text), (6 bytes).
    Removing rng.o(.rev16_text), (4 bytes).
    Removing rng.o(.revsh_text), (4 bytes).
    Removing rng.o(.rrx_text), (6 bytes).
    Removing spi.o(.rev16_text), (4 bytes).
    Removing spi.o(.revsh_text), (4 bytes).
    Removing spi.o(.rrx_text), (6 bytes).
    Removing dis_picture.o(.rev16_text), (4 bytes).
    Removing dis_picture.o(.revsh_text), (4 bytes).
    Removing dis_picture.o(.rrx_text), (6 bytes).
    Removing dis_picture.o(i.Show_Picture), (144 bytes).
    Removing lcd.o(.rev16_text), (4 bytes).
    Removing lcd.o(.revsh_text), (4 bytes).
    Removing lcd.o(.rrx_text), (6 bytes).
    Removing lcd.o(i.Color_Test), (244 bytes).
    Removing lcd.o(i.Demo_Menu), (296 bytes).
    Removing lcd.o(i.DisplayButtonDown), (118 bytes).
    Removing lcd.o(i.DisplayButtonUp), (126 bytes).
    Removing lcd.o(i.Draw_Test), (110 bytes).
    Removing lcd.o(i.Font_Test), (336 bytes).
    Removing lcd.o(i.LCD_Color_Fill), (72 bytes).
    Removing lcd.o(i.LCD_DisplayOff), (6 bytes).
    Removing lcd.o(i.LCD_DisplayOn), (6 bytes).
    Removing lcd.o(i.LCD_DrawLine), (152 bytes).
    Removing lcd.o(i.LCD_DrawPoint), (28 bytes).
    Removing lcd.o(i.LCD_DrawRectangle), (68 bytes).
    Removing lcd.o(i.LCD_Draw_Circle), (196 bytes).
    Removing lcd.o(i.LCD_Fill), (72 bytes).
    Removing lcd.o(i.LCD_Pow), (16 bytes).
    Removing lcd.o(i.LCD_ShowNum), (116 bytes).
    Removing lcd.o(i.LCD_ShowString), (84 bytes).
    Removing lcd.o(i.LCD_ShowxNum), (138 bytes).
    Removing lcd.o(i.LCD_WriteRAM), (4 bytes).
    Removing lcd.o(.conststring), (65 bytes).
    Removing lcd.o(.data), (2 bytes).
    Removing lcd.o(.data), (2 bytes).
    Removing picture.o(.rev16_text), (4 bytes).
    Removing picture.o(.revsh_text), (4 bytes).
    Removing picture.o(.rrx_text), (6 bytes).
    Removing picture.o(.constdata), (153600 bytes).
    Removing text.o(.rev16_text), (4 bytes).
    Removing text.o(.revsh_text), (4 bytes).
    Removing text.o(.rrx_text), (6 bytes).
    Removing gbk_libdrive.o(.rev16_text), (4 bytes).
    Removing gbk_libdrive.o(.revsh_text), (4 bytes).
    Removing gbk_libdrive.o(.rrx_text), (6 bytes).
    Removing gbk_libdrive.o(i.DrawFontASC_GBK48B), (52 bytes).
    Removing gbk_libdrive.o(i.DrawFontASC_GBK64B), (52 bytes).
    Removing gbk_libdrive.o(i.DrawFont_GBK12B), (52 bytes).
    Removing gbk_libdrive.o(i.DrawFont_GBK24B), (52 bytes).
    Removing gbk_libdrive.o(i.DrawFont_GBK32B), (52 bytes).
    Removing gbk_libdrive.o(i.GBK_LibFont_Test), (624 bytes).
    Removing gbk_libdrive.o(i.GBK_Show_StrMid), (108 bytes).
    Removing dadd.o(.text), (334 bytes).
    Removing dmul.o(.text), (228 bytes).
    Removing ddiv.o(.text), (222 bytes).
    Removing dfixul.o(.text), (48 bytes).
    Removing cdrcmple.o(.text), (48 bytes).
    Removing depilogue.o(.text), (186 bytes).

581 unused section(s) (total 190227 bytes) removed from the image.

==============================================================================

Image Symbol Table

    Local Symbols

    Symbol Name                              Value     Ov Type        Size  Object(Section)

    ../clib/microlib/division.c              0x00000000   Number         0  uldiv.o ABSOLUTE
    ../clib/microlib/division.c              0x00000000   Number         0  uidiv.o ABSOLUTE
    ../clib/microlib/init/entry.s            0x00000000   Number         0  entry7b.o ABSOLUTE
    ../clib/microlib/init/entry.s            0x00000000   Number         0  entry2.o ABSOLUTE
    ../clib/microlib/init/entry.s            0x00000000   Number         0  entry5.o ABSOLUTE
    ../clib/microlib/init/entry.s            0x00000000   Number         0  entry7a.o ABSOLUTE
    ../clib/microlib/init/entry.s            0x00000000   Number         0  entry11a.o ABSOLUTE
    ../clib/microlib/init/entry.s            0x00000000   Number         0  entry11b.o ABSOLUTE
    ../clib/microlib/init/entry.s            0x00000000   Number         0  entry8a.o ABSOLUTE
    ../clib/microlib/init/entry.s            0x00000000   Number         0  entry10b.o ABSOLUTE
    ../clib/microlib/init/entry.s            0x00000000   Number         0  entry10a.o ABSOLUTE
    ../clib/microlib/init/entry.s            0x00000000   Number         0  entry9b.o ABSOLUTE
    ../clib/microlib/init/entry.s            0x00000000   Number         0  entry8b.o ABSOLUTE
    ../clib/microlib/init/entry.s            0x00000000   Number         0  entry9a.o ABSOLUTE
    ../clib/microlib/init/entry.s            0x00000000   Number         0  entry.o ABSOLUTE
    ../clib/microlib/longlong.c              0x00000000   Number         0  llushr.o ABSOLUTE
    ../clib/microlib/longlong.c              0x00000000   Number         0  llshl.o ABSOLUTE
    ../clib/microlib/longlong.c              0x00000000   Number         0  llsshr.o ABSOLUTE
    ../clib/microlib/printf/printf.c         0x00000000   Number         0  printf7.o ABSOLUTE
    ../clib/microlib/printf/printf.c         0x00000000   Number         0  printf5.o ABSOLUTE
    ../clib/microlib/printf/printf.c         0x00000000   Number         0  printf2.o ABSOLUTE
    ../clib/microlib/printf/printf.c         0x00000000   Number         0  printf6.o ABSOLUTE
    ../clib/microlib/printf/printf.c         0x00000000   Number         0  printf0.o ABSOLUTE
    ../clib/microlib/printf/printf.c         0x00000000   Number         0  printf1.o ABSOLUTE
    ../clib/microlib/printf/printf.c         0x00000000   Number         0  printf3.o ABSOLUTE
    ../clib/microlib/printf/printf.c         0x00000000   Number         0  printfb.o ABSOLUTE
    ../clib/microlib/printf/printf.c         0x00000000   Number         0  printfa.o ABSOLUTE
    ../clib/microlib/printf/printf.c         0x00000000   Number         0  printf8.o ABSOLUTE
    ../clib/microlib/printf/printf.c         0x00000000   Number         0  printf4.o ABSOLUTE
    ../clib/microlib/printf/stubs.s          0x00000000   Number         0  stubs.o ABSOLUTE
    ../clib/microlib/string/memcpy.c         0x00000000   Number         0  memcpyb.o ABSOLUTE
    ../clib/microlib/string/memcpy.c         0x00000000   Number         0  memcpya.o ABSOLUTE
    ../clib/microlib/string/strlen.c         0x00000000   Number         0  strlen.o ABSOLUTE
    ../clib/microlib/stubs.s                 0x00000000   Number         0  iusefp.o ABSOLUTE
    ../clib/microlib/stubs.s                 0x00000000   Number         0  useno.o ABSOLUTE
    ../fplib/microlib/fpadd.c                0x00000000   Number         0  dadd.o ABSOLUTE
    ../fplib/microlib/fpdiv.c                0x00000000   Number         0  ddiv.o ABSOLUTE
    ../fplib/microlib/fpepilogue.c           0x00000000   Number         0  depilogue.o ABSOLUTE
    ../fplib/microlib/fpfix.c                0x00000000   Number         0  dfixul.o ABSOLUTE
    ../fplib/microlib/fpmul.c                0x00000000   Number         0  dmul.o ABSOLUTE
    ..\CORE\startup_stm32h750xx.s            0x00000000   Number         0  startup_stm32h750xx.o ABSOLUTE
    ..\HALLIB\STM32H7xx_HAL_Driver\Src\stm32h7xx_hal.c 0x00000000   Number         0  stm32h7xx_hal.o ABSOLUTE
    ..\HALLIB\STM32H7xx_HAL_Driver\Src\stm32h7xx_hal_cortex.c 0x00000000   Number         0  stm32h7xx_hal_cortex.o ABSOLUTE
    ..\HALLIB\STM32H7xx_HAL_Driver\Src\stm32h7xx_hal_dma.c 0x00000000   Number         0  stm32h7xx_hal_dma.o ABSOLUTE
    ..\HALLIB\STM32H7xx_HAL_Driver\Src\stm32h7xx_hal_gpio.c 0x00000000   Number         0  stm32h7xx_hal_gpio.o ABSOLUTE
    ..\HALLIB\STM32H7xx_HAL_Driver\Src\stm32h7xx_hal_ltdc.c 0x00000000   Number         0  stm32h7xx_hal_ltdc.o ABSOLUTE
    ..\HALLIB\STM32H7xx_HAL_Driver\Src\stm32h7xx_hal_mdma.c 0x00000000   Number         0  stm32h7xx_hal_mdma.o ABSOLUTE
    ..\HALLIB\STM32H7xx_HAL_Driver\Src\stm32h7xx_hal_pwr.c 0x00000000   Number         0  stm32h7xx_hal_pwr.o ABSOLUTE
    ..\HALLIB\STM32H7xx_HAL_Driver\Src\stm32h7xx_hal_pwr_ex.c 0x00000000   Number         0  stm32h7xx_hal_pwr_ex.o ABSOLUTE
    ..\HALLIB\STM32H7xx_HAL_Driver\Src\stm32h7xx_hal_rcc.c 0x00000000   Number         0  stm32h7xx_hal_rcc.o ABSOLUTE
    ..\HALLIB\STM32H7xx_HAL_Driver\Src\stm32h7xx_hal_rcc_ex.c 0x00000000   Number         0  stm32h7xx_hal_rcc_ex.o ABSOLUTE
    ..\HALLIB\STM32H7xx_HAL_Driver\Src\stm32h7xx_hal_rng.c 0x00000000   Number         0  stm32h7xx_hal_rng.o ABSOLUTE
    ..\HALLIB\STM32H7xx_HAL_Driver\Src\stm32h7xx_hal_sdram.c 0x00000000   Number         0  stm32h7xx_hal_sdram.o ABSOLUTE
    ..\HALLIB\STM32H7xx_HAL_Driver\Src\stm32h7xx_hal_spi.c 0x00000000   Number         0  stm32h7xx_hal_spi.o ABSOLUTE
    ..\HALLIB\STM32H7xx_HAL_Driver\Src\stm32h7xx_hal_sram.c 0x00000000   Number         0  stm32h7xx_hal_sram.o ABSOLUTE
    ..\HALLIB\STM32H7xx_HAL_Driver\Src\stm32h7xx_hal_uart.c 0x00000000   Number         0  stm32h7xx_hal_uart.o ABSOLUTE
    ..\HALLIB\STM32H7xx_HAL_Driver\Src\stm32h7xx_hal_uart_ex.c 0x00000000   Number         0  stm32h7xx_hal_uart_ex.o ABSOLUTE
    ..\HALLIB\STM32H7xx_HAL_Driver\Src\stm32h7xx_hal_usart.c 0x00000000   Number         0  stm32h7xx_hal_usart.o ABSOLUTE
    ..\HALLIB\STM32H7xx_HAL_Driver\Src\stm32h7xx_ll_fmc.c 0x00000000   Number         0  stm32h7xx_ll_fmc.o ABSOLUTE
    ..\HARDWARE\GBK_LibDrive\GBK_LibDrive.c  0x00000000   Number         0  gbk_libdrive.o ABSOLUTE
    ..\HARDWARE\KEY\key.c                    0x00000000   Number         0  key.o ABSOLUTE
    ..\HARDWARE\LCD200H\Dis_Picture.c        0x00000000   Number         0  dis_picture.o ABSOLUTE
    ..\HARDWARE\LCD200H\FONT.c               0x00000000   Number         0  font.o ABSOLUTE
    ..\HARDWARE\LCD200H\Picture.c            0x00000000   Number         0  picture.o ABSOLUTE
    ..\HARDWARE\LCD200H\Text.c               0x00000000   Number         0  text.o ABSOLUTE
    ..\HARDWARE\LCD200H\lcd.c                0x00000000   Number         0  lcd.o ABSOLUTE
    ..\HARDWARE\LED\led.c                    0x00000000   Number         0  led.o ABSOLUTE
    ..\HARDWARE\RNG\rng.c                    0x00000000   Number         0  rng.o ABSOLUTE
    ..\HARDWARE\SPI\spi.c                    0x00000000   Number         0  spi.o ABSOLUTE
    ..\SYSTEM\delay\delay.c                  0x00000000   Number         0  delay.o ABSOLUTE
    ..\SYSTEM\sys\sys.c                      0x00000000   Number         0  sys.o ABSOLUTE
    ..\SYSTEM\usart\usart.c                  0x00000000   Number         0  usart.o ABSOLUTE
    ..\\HALLIB\\STM32H7xx_HAL_Driver\\Src\\stm32h7xx_hal.c 0x00000000   Number         0  stm32h7xx_hal.o ABSOLUTE
    ..\\HALLIB\\STM32H7xx_HAL_Driver\\Src\\stm32h7xx_hal_cortex.c 0x00000000   Number         0  stm32h7xx_hal_cortex.o ABSOLUTE
    ..\\HALLIB\\STM32H7xx_HAL_Driver\\Src\\stm32h7xx_hal_dma.c 0x00000000   Number         0  stm32h7xx_hal_dma.o ABSOLUTE
    ..\\HALLIB\\STM32H7xx_HAL_Driver\\Src\\stm32h7xx_hal_gpio.c 0x00000000   Number         0  stm32h7xx_hal_gpio.o ABSOLUTE
    ..\\HALLIB\\STM32H7xx_HAL_Driver\\Src\\stm32h7xx_hal_ltdc.c 0x00000000   Number         0  stm32h7xx_hal_ltdc.o ABSOLUTE
    ..\\HALLIB\\STM32H7xx_HAL_Driver\\Src\\stm32h7xx_hal_mdma.c 0x00000000   Number         0  stm32h7xx_hal_mdma.o ABSOLUTE
    ..\\HALLIB\\STM32H7xx_HAL_Driver\\Src\\stm32h7xx_hal_pwr.c 0x00000000   Number         0  stm32h7xx_hal_pwr.o ABSOLUTE
    ..\\HALLIB\\STM32H7xx_HAL_Driver\\Src\\stm32h7xx_hal_pwr_ex.c 0x00000000   Number         0  stm32h7xx_hal_pwr_ex.o ABSOLUTE
    ..\\HALLIB\\STM32H7xx_HAL_Driver\\Src\\stm32h7xx_hal_rcc.c 0x00000000   Number         0  stm32h7xx_hal_rcc.o ABSOLUTE
    ..\\HALLIB\\STM32H7xx_HAL_Driver\\Src\\stm32h7xx_hal_rcc_ex.c 0x00000000   Number         0  stm32h7xx_hal_rcc_ex.o ABSOLUTE
    ..\\HALLIB\\STM32H7xx_HAL_Driver\\Src\\stm32h7xx_hal_rng.c 0x00000000   Number         0  stm32h7xx_hal_rng.o ABSOLUTE
    ..\\HALLIB\\STM32H7xx_HAL_Driver\\Src\\stm32h7xx_hal_sdram.c 0x00000000   Number         0  stm32h7xx_hal_sdram.o ABSOLUTE
    ..\\HALLIB\\STM32H7xx_HAL_Driver\\Src\\stm32h7xx_hal_spi.c 0x00000000   Number         0  stm32h7xx_hal_spi.o ABSOLUTE
    ..\\HALLIB\\STM32H7xx_HAL_Driver\\Src\\stm32h7xx_hal_sram.c 0x00000000   Number         0  stm32h7xx_hal_sram.o ABSOLUTE
    ..\\HALLIB\\STM32H7xx_HAL_Driver\\Src\\stm32h7xx_hal_uart.c 0x00000000   Number         0  stm32h7xx_hal_uart.o ABSOLUTE
    ..\\HALLIB\\STM32H7xx_HAL_Driver\\Src\\stm32h7xx_hal_uart_ex.c 0x00000000   Number         0  stm32h7xx_hal_uart_ex.o ABSOLUTE
    ..\\HALLIB\\STM32H7xx_HAL_Driver\\Src\\stm32h7xx_hal_usart.c 0x00000000   Number         0  stm32h7xx_hal_usart.o ABSOLUTE
    ..\\HALLIB\\STM32H7xx_HAL_Driver\\Src\\stm32h7xx_ll_fmc.c 0x00000000   Number         0  stm32h7xx_ll_fmc.o ABSOLUTE
    ..\\HARDWARE\\GBK_LibDrive\\GBK_LibDrive.c 0x00000000   Number         0  gbk_libdrive.o ABSOLUTE
    ..\\HARDWARE\\KEY\\key.c                 0x00000000   Number         0  key.o ABSOLUTE
    ..\\HARDWARE\\LCD200H\\Dis_Picture.c     0x00000000   Number         0  dis_picture.o ABSOLUTE
    ..\\HARDWARE\\LCD200H\\Picture.c         0x00000000   Number         0  picture.o ABSOLUTE
    ..\\HARDWARE\\LCD200H\\Text.c            0x00000000   Number         0  text.o ABSOLUTE
    ..\\HARDWARE\\LCD200H\\lcd.c             0x00000000   Number         0  lcd.o ABSOLUTE
    ..\\HARDWARE\\LED\\led.c                 0x00000000   Number         0  led.o ABSOLUTE
    ..\\HARDWARE\\RNG\\rng.c                 0x00000000   Number         0  rng.o ABSOLUTE
    ..\\HARDWARE\\SPI\\spi.c                 0x00000000   Number         0  spi.o ABSOLUTE
    ..\\SYSTEM\\delay\\delay.c               0x00000000   Number         0  delay.o ABSOLUTE
    ..\\SYSTEM\\sys\\sys.c                   0x00000000   Number         0  sys.o ABSOLUTE
    ..\\SYSTEM\\usart\\usart.c               0x00000000   Number         0  usart.o ABSOLUTE
    cdrcmple.s                               0x00000000   Number         0  cdrcmple.o ABSOLUTE
    dc.s                                     0x00000000   Number         0  dc.o ABSOLUTE
    handlers.s                               0x00000000   Number         0  handlers.o ABSOLUTE
    init.s                                   0x00000000   Number         0  init.o ABSOLUTE
    main.c                                   0x00000000   Number         0  main.o ABSOLUTE
    main.c                                   0x00000000   Number         0  main.o ABSOLUTE
    stm32h7xx_hal_msp.c                      0x00000000   Number         0  stm32h7xx_hal_msp.o ABSOLUTE
    stm32h7xx_hal_msp.c                      0x00000000   Number         0  stm32h7xx_hal_msp.o ABSOLUTE
    stm32h7xx_it.c                           0x00000000   Number         0  stm32h7xx_it.o ABSOLUTE
    stm32h7xx_it.c                           0x00000000   Number         0  stm32h7xx_it.o ABSOLUTE
    system_stm32h7xx.c                       0x00000000   Number         0  system_stm32h7xx.o ABSOLUTE
    system_stm32h7xx.c                       0x00000000   Number         0  system_stm32h7xx.o ABSOLUTE
    RESET                                    0x08000000   Section      664  startup_stm32h750xx.o(RESET)
    .ARM.Collect$$$$00000000                 0x08000298   Section        0  entry.o(.ARM.Collect$$$$00000000)
    .ARM.Collect$$$$00000001                 0x08000298   Section        4  entry2.o(.ARM.Collect$$$$00000001)
    .ARM.Collect$$$$00000004                 0x0800029c   Section        4  entry5.o(.ARM.Collect$$$$00000004)
    .ARM.Collect$$$$00000008                 0x080002a0   Section        0  entry7b.o(.ARM.Collect$$$$00000008)
    .ARM.Collect$$$$0000000A                 0x080002a0   Section        0  entry8b.o(.ARM.Collect$$$$0000000A)
    .ARM.Collect$$$$0000000B                 0x080002a0   Section        8  entry9a.o(.ARM.Collect$$$$0000000B)
    .ARM.Collect$$$$0000000D                 0x080002a8   Section        0  entry10a.o(.ARM.Collect$$$$0000000D)
    .ARM.Collect$$$$0000000F                 0x080002a8   Section        0  entry11a.o(.ARM.Collect$$$$0000000F)
    .ARM.Collect$$$$00002712                 0x080002a8   Section        4  entry2.o(.ARM.Collect$$$$00002712)
    __lit__00000000                          0x080002a8   Data           4  entry2.o(.ARM.Collect$$$$00002712)
    .text                                    0x080002ac   Section       36  startup_stm32h750xx.o(.text)
    $v0                                      0x080002ac   Number         0  startup_stm32h750xx.o(.text)
    .text                                    0x080002d0   Section        0  uldiv.o(.text)
    .text                                    0x08000332   Section        0  uidiv.o(.text)
    .text                                    0x0800035e   Section        0  llshl.o(.text)
    .text                                    0x0800037c   Section        0  llushr.o(.text)
    .text                                    0x0800039c   Section       36  init.o(.text)
    i.BusFault_Handler                       0x080003c0   Section        0  stm32h7xx_it.o(i.BusFault_Handler)
    i.Cache_Enable                           0x080003c4   Section        0  sys.o(i.Cache_Enable)
    i.Copy_HZK16                             0x0800044c   Section        0  text.o(i.Copy_HZK16)
    i.Copy_HZK24                             0x0800048c   Section        0  text.o(i.Copy_HZK24)
    i.Copy_Mem                               0x080004d0   Section        0  text.o(i.Copy_Mem)
    i.DebugMon_Handler                       0x080004e6   Section        0  stm32h7xx_it.o(i.DebugMon_Handler)
    i.DrawFont_GBK16B                        0x080004e8   Section        0  gbk_libdrive.o(i.DrawFont_GBK16B)
    i.Draw_Font16B                           0x0800051c   Section        0  text.o(i.Draw_Font16B)
    i.Draw_Font24B                           0x08000548   Section        0  text.o(i.Draw_Font24B)
    i.FontLib_Read                           0x08000574   Section        0  gbk_libdrive.o(i.FontLib_Read)
    i.GBK_GetASC_Point                       0x080005dc   Section        0  gbk_libdrive.o(i.GBK_GetASC_Point)
    i.GBK_Lib_GetHz                          0x0800063c   Section        0  gbk_libdrive.o(i.GBK_Lib_GetHz)
    i.GBK_Lib_Init                           0x080006c4   Section        0  gbk_libdrive.o(i.GBK_Lib_Init)
    i.GBK_ReadID                             0x080006c8   Section        0  gbk_libdrive.o(i.GBK_ReadID)
    i.GBK_ShowASCII                          0x0800074e   Section        0  gbk_libdrive.o(i.GBK_ShowASCII)
    i.GBK_Show_Font                          0x080007ee   Section        0  gbk_libdrive.o(i.GBK_Show_Font)
    i.GBK_Show_Str                           0x08000884   Section        0  gbk_libdrive.o(i.GBK_Show_Str)
    i.GBK_delay                              0x08000940   Section        0  gbk_libdrive.o(i.GBK_delay)
    i.Get_HzMat                              0x08000958   Section        0  text.o(i.Get_HzMat)
    i.HAL_DMA_Abort_IT                       0x080009ac   Section        0  stm32h7xx_hal_dma.o(i.HAL_DMA_Abort_IT)
    i.HAL_EnableCompensationCell             0x08000a40   Section        0  stm32h7xx_hal.o(i.HAL_EnableCompensationCell)
    i.HAL_GPIO_Init                          0x08000a50   Section        0  stm32h7xx_hal_gpio.o(i.HAL_GPIO_Init)
    i.HAL_GPIO_ReadPin                       0x08000c38   Section        0  stm32h7xx_hal_gpio.o(i.HAL_GPIO_ReadPin)
    i.HAL_GPIO_TogglePin                     0x08000c42   Section        0  stm32h7xx_hal_gpio.o(i.HAL_GPIO_TogglePin)
    i.HAL_GPIO_WritePin                      0x08000c4a   Section        0  stm32h7xx_hal_gpio.o(i.HAL_GPIO_WritePin)
    i.HAL_GetTick                            0x08000c54   Section        0  stm32h7xx_hal.o(i.HAL_GetTick)
    i.HAL_IncTick                            0x08000c60   Section        0  stm32h7xx_hal.o(i.HAL_IncTick)
    i.HAL_Init                               0x08000c70   Section        0  stm32h7xx_hal.o(i.HAL_Init)
    i.HAL_InitTick                           0x08000c8c   Section        0  stm32h7xx_hal.o(i.HAL_InitTick)
    i.HAL_MspInit                            0x08000ccc   Section        0  stm32h7xx_hal_msp.o(i.HAL_MspInit)
    i.HAL_NVIC_EnableIRQ                     0x08000cce   Section        0  stm32h7xx_hal_cortex.o(i.HAL_NVIC_EnableIRQ)
    i.HAL_NVIC_SetPriority                   0x08000ce8   Section        0  stm32h7xx_hal_cortex.o(i.HAL_NVIC_SetPriority)
    i.HAL_NVIC_SetPriorityGrouping           0x08000d28   Section        0  stm32h7xx_hal_cortex.o(i.HAL_NVIC_SetPriorityGrouping)
    i.HAL_RCCEx_GetD1SysClockFreq            0x08000d4c   Section        0  stm32h7xx_hal_rcc_ex.o(i.HAL_RCCEx_GetD1SysClockFreq)
    i.HAL_RCCEx_GetD3PCLK1Freq               0x08000d80   Section        0  stm32h7xx_hal_rcc_ex.o(i.HAL_RCCEx_GetD3PCLK1Freq)
    i.HAL_RCCEx_GetPLL2ClockFreq             0x08000dac   Section        0  stm32h7xx_hal_rcc_ex.o(i.HAL_RCCEx_GetPLL2ClockFreq)
    i.HAL_RCCEx_GetPLL3ClockFreq             0x08000ea8   Section        0  stm32h7xx_hal_rcc_ex.o(i.HAL_RCCEx_GetPLL3ClockFreq)
    i.HAL_RCCEx_PeriphCLKConfig              0x08000fa4   Section        0  stm32h7xx_hal_rcc_ex.o(i.HAL_RCCEx_PeriphCLKConfig)
    i.HAL_RCC_ClockConfig                    0x08001854   Section        0  stm32h7xx_hal_rcc.o(i.HAL_RCC_ClockConfig)
    i.HAL_RCC_GetHCLKFreq                    0x08001a2c   Section        0  stm32h7xx_hal_rcc.o(i.HAL_RCC_GetHCLKFreq)
    i.HAL_RCC_GetPCLK1Freq                   0x08001a60   Section        0  stm32h7xx_hal_rcc.o(i.HAL_RCC_GetPCLK1Freq)
    i.HAL_RCC_GetPCLK2Freq                   0x08001a8c   Section        0  stm32h7xx_hal_rcc.o(i.HAL_RCC_GetPCLK2Freq)
    i.HAL_RCC_GetSysClockFreq                0x08001ab8   Section        0  stm32h7xx_hal_rcc.o(i.HAL_RCC_GetSysClockFreq)
    i.HAL_RCC_OscConfig                      0x08001bb0   Section        0  stm32h7xx_hal_rcc.o(i.HAL_RCC_OscConfig)
    i.HAL_RNG_DeInit                         0x0800204c   Section        0  stm32h7xx_hal_rng.o(i.HAL_RNG_DeInit)
    i.HAL_RNG_GenerateRandomNumber           0x08002078   Section        0  stm32h7xx_hal_rng.o(i.HAL_RNG_GenerateRandomNumber)
    i.HAL_RNG_Init                           0x080020de   Section        0  stm32h7xx_hal_rng.o(i.HAL_RNG_Init)
    i.HAL_RNG_MspDeInit                      0x0800211c   Section        0  stm32h7xx_hal_rng.o(i.HAL_RNG_MspDeInit)
    i.HAL_RNG_MspInit                        0x08002120   Section        0  rng.o(i.HAL_RNG_MspInit)
    i.HAL_SPI_Init                           0x08002150   Section        0  stm32h7xx_hal_spi.o(i.HAL_SPI_Init)
    i.HAL_SPI_MspInit                        0x08002330   Section        0  spi.o(i.HAL_SPI_MspInit)
    i.HAL_SPI_TransmitReceive                0x08002394   Section        0  stm32h7xx_hal_spi.o(i.HAL_SPI_TransmitReceive)
    i.HAL_SYSTICK_CLKSourceConfig            0x080026ac   Section        0  stm32h7xx_hal_cortex.o(i.HAL_SYSTICK_CLKSourceConfig)
    i.HAL_SYSTICK_Config                     0x080026c4   Section        0  stm32h7xx_hal_cortex.o(i.HAL_SYSTICK_Config)
    i.HAL_UARTEx_WakeupCallback              0x080026ec   Section        0  stm32h7xx_hal_uart_ex.o(i.HAL_UARTEx_WakeupCallback)
    i.HAL_UART_ErrorCallback                 0x080026ee   Section        0  stm32h7xx_hal_uart.o(i.HAL_UART_ErrorCallback)
    i.HAL_UART_GetState                      0x080026f0   Section        0  stm32h7xx_hal_uart.o(i.HAL_UART_GetState)
    i.HAL_UART_IRQHandler                    0x080026fc   Section        0  stm32h7xx_hal_uart.o(i.HAL_UART_IRQHandler)
    i.HAL_UART_Init                          0x0800287c   Section        0  stm32h7xx_hal_uart.o(i.HAL_UART_Init)
    i.HAL_UART_MspInit                       0x080028e8   Section        0  usart.o(i.HAL_UART_MspInit)
    i.HAL_UART_Receive_IT                    0x08002968   Section        0  stm32h7xx_hal_uart.o(i.HAL_UART_Receive_IT)
    i.HAL_UART_RxCpltCallback                0x08002a10   Section        0  usart.o(i.HAL_UART_RxCpltCallback)
    i.HAL_UART_TxCpltCallback                0x08002a68   Section        0  stm32h7xx_hal_uart.o(i.HAL_UART_TxCpltCallback)
    i.HardFault_Handler                      0x08002a6a   Section        0  stm32h7xx_it.o(i.HardFault_Handler)
    i.KEY_Init                               0x08002a6c   Section        0  key.o(i.KEY_Init)
    i.KEY_Scan                               0x08002acc   Section        0  key.o(i.KEY_Scan)
    i.LCD_Clear                              0x08002b50   Section        0  lcd.o(i.LCD_Clear)
    i.LCD_Display_Dir                        0x08002b90   Section        0  lcd.o(i.LCD_Display_Dir)
    i.LCD_Fast_DrawPoint                     0x08002c14   Section        0  lcd.o(i.LCD_Fast_DrawPoint)
    i.LCD_GPIO_Init                          0x08002c4c   Section        0  lcd.o(i.LCD_GPIO_Init)
    i.LCD_HardwareRest                       0x08002cc0   Section        0  lcd.o(i.LCD_HardwareRest)
    i.LCD_Init                               0x08002cf0   Section        0  lcd.o(i.LCD_Init)
    i.LCD_Scan_Dir                           0x08002e94   Section        0  lcd.o(i.LCD_Scan_Dir)
    i.LCD_SetCursor                          0x08002eb8   Section        0  lcd.o(i.LCD_SetCursor)
    i.LCD_Set_Window                         0x08002ee0   Section        0  lcd.o(i.LCD_Set_Window)
    i.LCD_ShowChar                           0x08002f24   Section        0  lcd.o(i.LCD_ShowChar)
    i.LCD_SoftRest                           0x08002ff0   Section        0  lcd.o(i.LCD_SoftRest)
    i.LCD_WR_DATA16                          0x08003004   Section        0  lcd.o(i.LCD_WR_DATA16)
    i.LCD_WR_DATA8                           0x08003040   Section        0  lcd.o(i.LCD_WR_DATA8)
    i.LCD_WR_REG                             0x08003078   Section        0  lcd.o(i.LCD_WR_REG)
    i.LCD_WriteRAM_Prepare                   0x080030b0   Section        0  lcd.o(i.LCD_WriteRAM_Prepare)
    i.LCD_WriteReg                           0x080030bc   Section        0  lcd.o(i.LCD_WriteReg)
    i.LED_Init                               0x080030d0   Section        0  led.o(i.LED_Init)
    i.NMI_Handler                            0x08003114   Section        0  stm32h7xx_it.o(i.NMI_Handler)
    i.PendSV_Handler                         0x08003116   Section        0  stm32h7xx_it.o(i.PendSV_Handler)
    i.RCCEx_PLL2_Config                      0x08003118   Section        0  stm32h7xx_hal_rcc_ex.o(i.RCCEx_PLL2_Config)
    RCCEx_PLL2_Config                        0x08003119   Thumb Code   234  stm32h7xx_hal_rcc_ex.o(i.RCCEx_PLL2_Config)
    i.RCCEx_PLL3_Config                      0x08003208   Section        0  stm32h7xx_hal_rcc_ex.o(i.RCCEx_PLL3_Config)
    RCCEx_PLL3_Config                        0x08003209   Thumb Code   234  stm32h7xx_hal_rcc_ex.o(i.RCCEx_PLL3_Config)
    i.RNG_Get_RandomNum                      0x080032f8   Section        0  rng.o(i.RNG_Get_RandomNum)
    i.RNG_Get_RandomRange                    0x0800330c   Section        0  rng.o(i.RNG_Get_RandomRange)
    i.RNG_Init                               0x08003330   Section        0  rng.o(i.RNG_Init)
    i.SPI2_Init                              0x08003378   Section        0  spi.o(i.SPI2_Init)
    i.SPI2_ReadWriteByte                     0x080033d4   Section        0  spi.o(i.SPI2_ReadWriteByte)
    i.SPI2_SetSpeed                          0x080033f4   Section        0  spi.o(i.SPI2_SetSpeed)
    i.SPI_CloseTransfer                      0x08003424   Section        0  stm32h7xx_hal_spi.o(i.SPI_CloseTransfer)
    SPI_CloseTransfer                        0x08003425   Thumb Code   222  stm32h7xx_hal_spi.o(i.SPI_CloseTransfer)
    i.SPI_WaitOnFlagUntilTimeout             0x08003502   Section        0  stm32h7xx_hal_spi.o(i.SPI_WaitOnFlagUntilTimeout)
    SPI_WaitOnFlagUntilTimeout               0x08003503   Thumb Code    64  stm32h7xx_hal_spi.o(i.SPI_WaitOnFlagUntilTimeout)
    i.SVC_Handler                            0x08003542   Section        0  stm32h7xx_it.o(i.SVC_Handler)
    i.Show_Font                              0x08003544   Section        0  text.o(i.Show_Font)
    i.Show_Str                               0x080035dc   Section        0  text.o(i.Show_Str)
    i.Stm32_Clock_Init                       0x08003694   Section        0  sys.o(i.Stm32_Clock_Init)
    i.SysTick_Handler                        0x08003740   Section        0  stm32h7xx_it.o(i.SysTick_Handler)
    i.SystemInit                             0x08003744   Section        0  system_stm32h7xx.o(i.SystemInit)
    i.UART_AdvFeatureConfig                  0x080037c8   Section        0  stm32h7xx_hal_uart.o(i.UART_AdvFeatureConfig)
    i.UART_CheckIdleState                    0x08003890   Section        0  stm32h7xx_hal_uart.o(i.UART_CheckIdleState)
    i.UART_DMAAbortOnError                   0x080038ec   Section        0  stm32h7xx_hal_uart.o(i.UART_DMAAbortOnError)
    UART_DMAAbortOnError                     0x080038ed   Thumb Code    20  stm32h7xx_hal_uart.o(i.UART_DMAAbortOnError)
    i.UART_EndRxTransfer                     0x08003900   Section        0  stm32h7xx_hal_uart.o(i.UART_EndRxTransfer)
    UART_EndRxTransfer                       0x08003901   Thumb Code    28  stm32h7xx_hal_uart.o(i.UART_EndRxTransfer)
    i.UART_Receive_IT                        0x0800391c   Section        0  stm32h7xx_hal_uart.o(i.UART_Receive_IT)
    UART_Receive_IT                          0x0800391d   Thumb Code   118  stm32h7xx_hal_uart.o(i.UART_Receive_IT)
    i.UART_SetConfig                         0x08003994   Section        0  stm32h7xx_hal_uart.o(i.UART_SetConfig)
    i.UART_Transmit_IT                       0x08003e3c   Section        0  stm32h7xx_hal_uart.o(i.UART_Transmit_IT)
    UART_Transmit_IT                         0x08003e3d   Thumb Code   116  stm32h7xx_hal_uart.o(i.UART_Transmit_IT)
    i.UART_WaitOnFlagUntilTimeout            0x08003eb0   Section        0  stm32h7xx_hal_uart.o(i.UART_WaitOnFlagUntilTimeout)
    i.USART1_IRQHandler                      0x08003f14   Section        0  usart.o(i.USART1_IRQHandler)
    i.UsageFault_Handler                     0x08003f58   Section        0  stm32h7xx_it.o(i.UsageFault_Handler)
    i.__0sprintf$6                           0x08003f5c   Section        0  printf6.o(i.__0sprintf$6)
    i.__NVIC_SetPriority                     0x08003f84   Section        0  stm32h7xx_hal_cortex.o(i.__NVIC_SetPriority)
    __NVIC_SetPriority                       0x08003f85   Thumb Code    32  stm32h7xx_hal_cortex.o(i.__NVIC_SetPriority)
    i.__scatterload_copy                     0x08003fa4   Section       14  handlers.o(i.__scatterload_copy)
    i.__scatterload_null                     0x08003fb2   Section        2  handlers.o(i.__scatterload_null)
    i.__scatterload_zeroinit                 0x08003fb4   Section       14  handlers.o(i.__scatterload_zeroinit)
    i._printf_core                           0x08003fc4   Section        0  printf6.o(i._printf_core)
    _printf_core                             0x08003fc5   Thumb Code   748  printf6.o(i._printf_core)
    i._printf_post_padding                   0x080042b4   Section        0  printf6.o(i._printf_post_padding)
    _printf_post_padding                     0x080042b5   Thumb Code    36  printf6.o(i._printf_post_padding)
    i._printf_pre_padding                    0x080042d8   Section        0  printf6.o(i._printf_pre_padding)
    _printf_pre_padding                      0x080042d9   Thumb Code    46  printf6.o(i._printf_pre_padding)
    i._sputc                                 0x08004306   Section        0  printf6.o(i._sputc)
    _sputc                                   0x08004307   Thumb Code    10  printf6.o(i._sputc)
    i.delay_init                             0x08004310   Section        0  delay.o(i.delay_init)
    i.delay_ms                               0x08004324   Section        0  delay.o(i.delay_ms)
    i.delay_us                               0x08004340   Section        0  delay.o(i.delay_us)
    i.main                                   0x08004374   Section        0  main.o(i.main)
    i.uart_init                              0x08004550   Section        0  usart.o(i.uart_init)
    .constdata                               0x08004588   Section       16  system_stm32h7xx.o(.constdata)
    .constdata                               0x08004598   Section       24  stm32h7xx_hal_uart.o(.constdata)
    UARTPrescTable                           0x08004598   Data          24  stm32h7xx_hal_uart.o(.constdata)
    .constdata                               0x080045b0   Section     1140  font.o(.constdata)
    .constdata                               0x08004a24   Section     1520  font.o(.constdata)
    .constdata                               0x08005014   Section     3420  font.o(.constdata)
    .constdata                               0x08005d70   Section     2006  font.o(.constdata)
    .constdata                               0x08006546   Section      740  font.o(.constdata)
    .data                                    0x24000000   Section        8  main.o(.data)
    .data                                    0x24000008   Section        4  system_stm32h7xx.o(.data)
    .data                                    0x2400000c   Section        4  system_stm32h7xx.o(.data)
    .data                                    0x24000010   Section        4  delay.o(.data)
    fac_us                                   0x24000010   Data           4  delay.o(.data)
    .data                                    0x24000014   Section        4  usart.o(.data)
    .data                                    0x24000018   Section       12  stm32h7xx_hal.o(.data)
    uwTickFreq                               0x24000018   Data           1  stm32h7xx_hal.o(.data)
    uwTickPrio                               0x2400001c   Data           4  stm32h7xx_hal.o(.data)
    uwTick                                   0x24000020   Data           4  stm32h7xx_hal.o(.data)
    .data                                    0x24000024   Section        1  key.o(.data)
    key_up                                   0x24000024   Data           1  key.o(.data)
    .data                                    0x24000026   Section        4  lcd.o(.data)
    .bss                                     0x2400002c   Section       32  main.o(.bss)
    .bss                                     0x2400004c   Section      328  usart.o(.bss)
    .bss                                     0x24000194   Section       16  rng.o(.bss)
    .bss                                     0x240001a4   Section      136  spi.o(.bss)
    .bss                                     0x2400022c   Section       14  lcd.o(.bss)
    STACK                                    0x24000240   Section     2560  startup_stm32h750xx.o(STACK)

    Global Symbols

    Symbol Name                              Value     Ov Type        Size  Object(Section)

    BuildAttributes$$THM_ISAv4$E$P$D$K$B$S$7EM$VFPv5_D16$PE$PLD8$A:L22UL41UL21$X:L11$S22US41US21$IEEE1$IW$USESV6$~STKCKD$USESV7$~SHL$OSPACE$ROPI$EBA8$MICROLIB$REQ8$PRES8$EABIv2 0x00000000   Number         0  anon$$obj.o ABSOLUTE
    __ARM_use_no_argv                        0x00000000   Number         0  main.o ABSOLUTE
    __use_no_errno                           0x00000000   Number         0  useno.o ABSOLUTE
    __use_no_exception_handling              0x00000000   Number         0  useno.o ABSOLUTE
    __use_no_fp                              0x00000000   Number         0  useno.o ABSOLUTE
    __use_no_heap                            0x00000000   Number         0  useno.o ABSOLUTE
    __use_no_heap_region                     0x00000000   Number         0  useno.o ABSOLUTE
    __use_no_semihosting                     0x00000000   Number         0  useno.o ABSOLUTE
    __use_no_semihosting_swi                 0x00000000   Number         0  useno.o ABSOLUTE
    __use_no_signal_handling                 0x00000000   Number         0  useno.o ABSOLUTE
    _printf_a                                0x00000000   Number         0  stubs.o ABSOLUTE
    _printf_c                                0x00000000   Number         0  stubs.o ABSOLUTE
    _printf_charcount                        0x00000000   Number         0  stubs.o ABSOLUTE
    _printf_d                                0x00000000   Number         0  stubs.o ABSOLUTE
    _printf_e                                0x00000000   Number         0  stubs.o ABSOLUTE
    _printf_f                                0x00000000   Number         0  stubs.o ABSOLUTE
    _printf_flags                            0x00000000   Number         0  stubs.o ABSOLUTE
    _printf_fp_dec                           0x00000000   Number         0  stubs.o ABSOLUTE
    _printf_fp_hex                           0x00000000   Number         0  stubs.o ABSOLUTE
    _printf_g                                0x00000000   Number         0  stubs.o ABSOLUTE
    _printf_i                                0x00000000   Number         0  stubs.o ABSOLUTE
    _printf_int_dec                          0x00000000   Number         0  stubs.o ABSOLUTE
    _printf_l                                0x00000000   Number         0  stubs.o ABSOLUTE
    _printf_lc                               0x00000000   Number         0  stubs.o ABSOLUTE
    _printf_ll                               0x00000000   Number         0  stubs.o ABSOLUTE
    _printf_lld                              0x00000000   Number         0  stubs.o ABSOLUTE
    _printf_lli                              0x00000000   Number         0  stubs.o ABSOLUTE
    _printf_llo                              0x00000000   Number         0  stubs.o ABSOLUTE
    _printf_llu                              0x00000000   Number         0  stubs.o ABSOLUTE
    _printf_llx                              0x00000000   Number         0  stubs.o ABSOLUTE
    _printf_longlong_dec                     0x00000000   Number         0  stubs.o ABSOLUTE
    _printf_longlong_hex                     0x00000000   Number         0  stubs.o ABSOLUTE
    _printf_longlong_oct                     0x00000000   Number         0  stubs.o ABSOLUTE
    _printf_ls                               0x00000000   Number         0  stubs.o ABSOLUTE
    _printf_mbtowc                           0x00000000   Number         0  stubs.o ABSOLUTE
    _printf_n                                0x00000000   Number         0  stubs.o ABSOLUTE
    _printf_o                                0x00000000   Number         0  stubs.o ABSOLUTE
    _printf_p                                0x00000000   Number         0  stubs.o ABSOLUTE
    _printf_percent                          0x00000000   Number         0  stubs.o ABSOLUTE
    _printf_pre_padding                      0x00000000   Number         0  stubs.o ABSOLUTE
    _printf_return_value                     0x00000000   Number         0  stubs.o ABSOLUTE
    _printf_s                                0x00000000   Number         0  stubs.o ABSOLUTE
    _printf_sizespec                         0x00000000   Number         0  stubs.o ABSOLUTE
    _printf_str                              0x00000000   Number         0  stubs.o ABSOLUTE
    _printf_truncate_signed                  0x00000000   Number         0  stubs.o ABSOLUTE
    _printf_truncate_unsigned                0x00000000   Number         0  stubs.o ABSOLUTE
    _printf_u                                0x00000000   Number         0  stubs.o ABSOLUTE
    _printf_wc                               0x00000000   Number         0  stubs.o ABSOLUTE
    _printf_wctomb                           0x00000000   Number         0  stubs.o ABSOLUTE
    _printf_widthprec                        0x00000000   Number         0  stubs.o ABSOLUTE
    _printf_x                                0x00000000   Number         0  stubs.o ABSOLUTE
    __cpp_initialize__aeabi_                  - Undefined Weak Reference
    __cxa_finalize                            - Undefined Weak Reference
    __decompress                              - Undefined Weak Reference
    _clock_init                               - Undefined Weak Reference
    _microlib_exit                            - Undefined Weak Reference
    __Vectors_Size                           0x00000298   Number         0  startup_stm32h750xx.o ABSOLUTE
    __Vectors                                0x08000000   Data           4  startup_stm32h750xx.o(RESET)
    __Vectors_End                            0x08000298   Data           0  startup_stm32h750xx.o(RESET)
    __main                                   0x08000299   Thumb Code     0  entry.o(.ARM.Collect$$$$00000000)
    _main_stk                                0x08000299   Thumb Code     0  entry2.o(.ARM.Collect$$$$00000001)
    _main_scatterload                        0x0800029d   Thumb Code     0  entry5.o(.ARM.Collect$$$$00000004)
    __main_after_scatterload                 0x080002a1   Thumb Code     0  entry5.o(.ARM.Collect$$$$00000004)
    _main_clock                              0x080002a1   Thumb Code     0  entry7b.o(.ARM.Collect$$$$00000008)
    _main_cpp_init                           0x080002a1   Thumb Code     0  entry8b.o(.ARM.Collect$$$$0000000A)
    _main_init                               0x080002a1   Thumb Code     0  entry9a.o(.ARM.Collect$$$$0000000B)
    __rt_final_cpp                           0x080002a9   Thumb Code     0  entry10a.o(.ARM.Collect$$$$0000000D)
    __rt_final_exit                          0x080002a9   Thumb Code     0  entry11a.o(.ARM.Collect$$$$0000000F)
    Reset_Handler                            0x080002ad   Thumb Code     8  startup_stm32h750xx.o(.text)
    MemManage_Handler                        0x080002b9   Thumb Code     2  startup_stm32h750xx.o(.text)
    ADC3_IRQHandler                          0x080002c7   Thumb Code     0  startup_stm32h750xx.o(.text)
    ADC_IRQHandler                           0x080002c7   Thumb Code     0  startup_stm32h750xx.o(.text)
    BDMA_Channel0_IRQHandler                 0x080002c7   Thumb Code     0  startup_stm32h750xx.o(.text)
    BDMA_Channel1_IRQHandler                 0x080002c7   Thumb Code     0  startup_stm32h750xx.o(.text)
    BDMA_Channel2_IRQHandler                 0x080002c7   Thumb Code     0  startup_stm32h750xx.o(.text)
    BDMA_Channel3_IRQHandler                 0x080002c7   Thumb Code     0  startup_stm32h750xx.o(.text)
    BDMA_Channel4_IRQHandler                 0x080002c7   Thumb Code     0  startup_stm32h750xx.o(.text)
    BDMA_Channel5_IRQHandler                 0x080002c7   Thumb Code     0  startup_stm32h750xx.o(.text)
    BDMA_Channel6_IRQHandler                 0x080002c7   Thumb Code     0  startup_stm32h750xx.o(.text)
    BDMA_Channel7_IRQHandler                 0x080002c7   Thumb Code     0  startup_stm32h750xx.o(.text)
    CEC_IRQHandler                           0x080002c7   Thumb Code     0  startup_stm32h750xx.o(.text)
    COMP1_IRQHandler                         0x080002c7   Thumb Code     0  startup_stm32h750xx.o(.text)
    CRS_IRQHandler                           0x080002c7   Thumb Code     0  startup_stm32h750xx.o(.text)
    CRYP_IRQHandler                          0x080002c7   Thumb Code     0  startup_stm32h750xx.o(.text)
    DCMI_IRQHandler                          0x080002c7   Thumb Code     0  startup_stm32h750xx.o(.text)
    DFSDM1_FLT0_IRQHandler                   0x080002c7   Thumb Code     0  startup_stm32h750xx.o(.text)
    DFSDM1_FLT1_IRQHandler                   0x080002c7   Thumb Code     0  startup_stm32h750xx.o(.text)
    DFSDM1_FLT2_IRQHandler                   0x080002c7   Thumb Code     0  startup_stm32h750xx.o(.text)
    DFSDM1_FLT3_IRQHandler                   0x080002c7   Thumb Code     0  startup_stm32h750xx.o(.text)
    DMA1_Stream0_IRQHandler                  0x080002c7   Thumb Code     0  startup_stm32h750xx.o(.text)
    DMA1_Stream1_IRQHandler                  0x080002c7   Thumb Code     0  startup_stm32h750xx.o(.text)
    DMA1_Stream2_IRQHandler                  0x080002c7   Thumb Code     0  startup_stm32h750xx.o(.text)
    DMA1_Stream3_IRQHandler                  0x080002c7   Thumb Code     0  startup_stm32h750xx.o(.text)
    DMA1_Stream4_IRQHandler                  0x080002c7   Thumb Code     0  startup_stm32h750xx.o(.text)
    DMA1_Stream5_IRQHandler                  0x080002c7   Thumb Code     0  startup_stm32h750xx.o(.text)
    DMA1_Stream6_IRQHandler                  0x080002c7   Thumb Code     0  startup_stm32h750xx.o(.text)
    DMA1_Stream7_IRQHandler                  0x080002c7   Thumb Code     0  startup_stm32h750xx.o(.text)
    DMA2D_IRQHandler                         0x080002c7   Thumb Code     0  startup_stm32h750xx.o(.text)
    DMA2_Stream0_IRQHandler                  0x080002c7   Thumb Code     0  startup_stm32h750xx.o(.text)
    DMA2_Stream1_IRQHandler                  0x080002c7   Thumb Code     0  startup_stm32h750xx.o(.text)
    DMA2_Stream2_IRQHandler                  0x080002c7   Thumb Code     0  startup_stm32h750xx.o(.text)
    DMA2_Stream3_IRQHandler                  0x080002c7   Thumb Code     0  startup_stm32h750xx.o(.text)
    DMA2_Stream4_IRQHandler                  0x080002c7   Thumb Code     0  startup_stm32h750xx.o(.text)
    DMA2_Stream5_IRQHandler                  0x080002c7   Thumb Code     0  startup_stm32h750xx.o(.text)
    DMA2_Stream6_IRQHandler                  0x080002c7   Thumb Code     0  startup_stm32h750xx.o(.text)
    DMA2_Stream7_IRQHandler                  0x080002c7   Thumb Code     0  startup_stm32h750xx.o(.text)
    DMAMUX1_OVR_IRQHandler                   0x080002c7   Thumb Code     0  startup_stm32h750xx.o(.text)
    DMAMUX2_OVR_IRQHandler                   0x080002c7   Thumb Code     0  startup_stm32h750xx.o(.text)
    ETH_IRQHandler                           0x080002c7   Thumb Code     0  startup_stm32h750xx.o(.text)
    ETH_WKUP_IRQHandler                      0x080002c7   Thumb Code     0  startup_stm32h750xx.o(.text)
    EXTI0_IRQHandler                         0x080002c7   Thumb Code     0  startup_stm32h750xx.o(.text)
    EXTI15_10_IRQHandler                     0x080002c7   Thumb Code     0  startup_stm32h750xx.o(.text)
    EXTI1_IRQHandler                         0x080002c7   Thumb Code     0  startup_stm32h750xx.o(.text)
    EXTI2_IRQHandler                         0x080002c7   Thumb Code     0  startup_stm32h750xx.o(.text)
    EXTI3_IRQHandler                         0x080002c7   Thumb Code     0  startup_stm32h750xx.o(.text)
    EXTI4_IRQHandler                         0x080002c7   Thumb Code     0  startup_stm32h750xx.o(.text)
    EXTI9_5_IRQHandler                       0x080002c7   Thumb Code     0  startup_stm32h750xx.o(.text)
    FDCAN1_IT0_IRQHandler                    0x080002c7   Thumb Code     0  startup_stm32h750xx.o(.text)
    FDCAN1_IT1_IRQHandler                    0x080002c7   Thumb Code     0  startup_stm32h750xx.o(.text)
    FDCAN2_IT0_IRQHandler                    0x080002c7   Thumb Code     0  startup_stm32h750xx.o(.text)
    FDCAN2_IT1_IRQHandler                    0x080002c7   Thumb Code     0  startup_stm32h750xx.o(.text)
    FDCAN_CAL_IRQHandler                     0x080002c7   Thumb Code     0  startup_stm32h750xx.o(.text)
    FLASH_IRQHandler                         0x080002c7   Thumb Code     0  startup_stm32h750xx.o(.text)
    FMC_IRQHandler                           0x080002c7   Thumb Code     0  startup_stm32h750xx.o(.text)
    FPU_IRQHandler                           0x080002c7   Thumb Code     0  startup_stm32h750xx.o(.text)
    HASH_RNG_IRQHandler                      0x080002c7   Thumb Code     0  startup_stm32h750xx.o(.text)
    HRTIM1_FLT_IRQHandler                    0x080002c7   Thumb Code     0  startup_stm32h750xx.o(.text)
    HRTIM1_Master_IRQHandler                 0x080002c7   Thumb Code     0  startup_stm32h750xx.o(.text)
    HRTIM1_TIMA_IRQHandler                   0x080002c7   Thumb Code     0  startup_stm32h750xx.o(.text)
    HRTIM1_TIMB_IRQHandler                   0x080002c7   Thumb Code     0  startup_stm32h750xx.o(.text)
    HRTIM1_TIMC_IRQHandler                   0x080002c7   Thumb Code     0  startup_stm32h750xx.o(.text)
    HRTIM1_TIMD_IRQHandler                   0x080002c7   Thumb Code     0  startup_stm32h750xx.o(.text)
    HRTIM1_TIME_IRQHandler                   0x080002c7   Thumb Code     0  startup_stm32h750xx.o(.text)
    HSEM1_IRQHandler                         0x080002c7   Thumb Code     0  startup_stm32h750xx.o(.text)
    I2C1_ER_IRQHandler                       0x080002c7   Thumb Code     0  startup_stm32h750xx.o(.text)
    I2C1_EV_IRQHandler                       0x080002c7   Thumb Code     0  startup_stm32h750xx.o(.text)
    I2C2_ER_IRQHandler                       0x080002c7   Thumb Code     0  startup_stm32h750xx.o(.text)
    I2C2_EV_IRQHandler                       0x080002c7   Thumb Code     0  startup_stm32h750xx.o(.text)
    I2C3_ER_IRQHandler                       0x080002c7   Thumb Code     0  startup_stm32h750xx.o(.text)
    I2C3_EV_IRQHandler                       0x080002c7   Thumb Code     0  startup_stm32h750xx.o(.text)
    I2C4_ER_IRQHandler                       0x080002c7   Thumb Code     0  startup_stm32h750xx.o(.text)
    I2C4_EV_IRQHandler                       0x080002c7   Thumb Code     0  startup_stm32h750xx.o(.text)
    JPEG_IRQHandler                          0x080002c7   Thumb Code     0  startup_stm32h750xx.o(.text)
    LPTIM1_IRQHandler                        0x080002c7   Thumb Code     0  startup_stm32h750xx.o(.text)
    LPTIM2_IRQHandler                        0x080002c7   Thumb Code     0  startup_stm32h750xx.o(.text)
    LPTIM3_IRQHandler                        0x080002c7   Thumb Code     0  startup_stm32h750xx.o(.text)
    LPTIM4_IRQHandler                        0x080002c7   Thumb Code     0  startup_stm32h750xx.o(.text)
    LPTIM5_IRQHandler                        0x080002c7   Thumb Code     0  startup_stm32h750xx.o(.text)
    LPUART1_IRQHandler                       0x080002c7   Thumb Code     0  startup_stm32h750xx.o(.text)
    LTDC_ER_IRQHandler                       0x080002c7   Thumb Code     0  startup_stm32h750xx.o(.text)
    LTDC_IRQHandler                          0x080002c7   Thumb Code     0  startup_stm32h750xx.o(.text)
    MDIOS_IRQHandler                         0x080002c7   Thumb Code     0  startup_stm32h750xx.o(.text)
    MDIOS_WKUP_IRQHandler                    0x080002c7   Thumb Code     0  startup_stm32h750xx.o(.text)
    MDMA_IRQHandler                          0x080002c7   Thumb Code     0  startup_stm32h750xx.o(.text)
    OTG_FS_EP1_IN_IRQHandler                 0x080002c7   Thumb Code     0  startup_stm32h750xx.o(.text)
    OTG_FS_EP1_OUT_IRQHandler                0x080002c7   Thumb Code     0  startup_stm32h750xx.o(.text)
    OTG_FS_IRQHandler                        0x080002c7   Thumb Code     0  startup_stm32h750xx.o(.text)
    OTG_FS_WKUP_IRQHandler                   0x080002c7   Thumb Code     0  startup_stm32h750xx.o(.text)
    OTG_HS_EP1_IN_IRQHandler                 0x080002c7   Thumb Code     0  startup_stm32h750xx.o(.text)
    OTG_HS_EP1_OUT_IRQHandler                0x080002c7   Thumb Code     0  startup_stm32h750xx.o(.text)
    OTG_HS_IRQHandler                        0x080002c7   Thumb Code     0  startup_stm32h750xx.o(.text)
    OTG_HS_WKUP_IRQHandler                   0x080002c7   Thumb Code     0  startup_stm32h750xx.o(.text)
    PVD_AVD_IRQHandler                       0x080002c7   Thumb Code     0  startup_stm32h750xx.o(.text)
    QUADSPI_IRQHandler                       0x080002c7   Thumb Code     0  startup_stm32h750xx.o(.text)
    RCC_IRQHandler                           0x080002c7   Thumb Code     0  startup_stm32h750xx.o(.text)
    RTC_Alarm_IRQHandler                     0x080002c7   Thumb Code     0  startup_stm32h750xx.o(.text)
    RTC_WKUP_IRQHandler                      0x080002c7   Thumb Code     0  startup_stm32h750xx.o(.text)
    SAI1_IRQHandler                          0x080002c7   Thumb Code     0  startup_stm32h750xx.o(.text)
    SAI2_IRQHandler                          0x080002c7   Thumb Code     0  startup_stm32h750xx.o(.text)
    SAI3_IRQHandler                          0x080002c7   Thumb Code     0  startup_stm32h750xx.o(.text)
    SAI4_IRQHandler                          0x080002c7   Thumb Code     0  startup_stm32h750xx.o(.text)
    SDMMC1_IRQHandler                        0x080002c7   Thumb Code     0  startup_stm32h750xx.o(.text)
    SDMMC2_IRQHandler                        0x080002c7   Thumb Code     0  startup_stm32h750xx.o(.text)
    SPDIF_RX_IRQHandler                      0x080002c7   Thumb Code     0  startup_stm32h750xx.o(.text)
    SPI1_IRQHandler                          0x080002c7   Thumb Code     0  startup_stm32h750xx.o(.text)
    SPI2_IRQHandler                          0x080002c7   Thumb Code     0  startup_stm32h750xx.o(.text)
    SPI3_IRQHandler                          0x080002c7   Thumb Code     0  startup_stm32h750xx.o(.text)
    SPI4_IRQHandler                          0x080002c7   Thumb Code     0  startup_stm32h750xx.o(.text)
    SPI5_IRQHandler                          0x080002c7   Thumb Code     0  startup_stm32h750xx.o(.text)
    SPI6_IRQHandler                          0x080002c7   Thumb Code     0  startup_stm32h750xx.o(.text)
    SWPMI1_IRQHandler                        0x080002c7   Thumb Code     0  startup_stm32h750xx.o(.text)
    TAMP_STAMP_IRQHandler                    0x080002c7   Thumb Code     0  startup_stm32h750xx.o(.text)
    TIM15_IRQHandler                         0x080002c7   Thumb Code     0  startup_stm32h750xx.o(.text)
    TIM16_IRQHandler                         0x080002c7   Thumb Code     0  startup_stm32h750xx.o(.text)
    TIM17_IRQHandler                         0x080002c7   Thumb Code     0  startup_stm32h750xx.o(.text)
    TIM1_BRK_IRQHandler                      0x080002c7   Thumb Code     0  startup_stm32h750xx.o(.text)
    TIM1_CC_IRQHandler                       0x080002c7   Thumb Code     0  startup_stm32h750xx.o(.text)
    TIM1_TRG_COM_IRQHandler                  0x080002c7   Thumb Code     0  startup_stm32h750xx.o(.text)
    TIM1_UP_IRQHandler                       0x080002c7   Thumb Code     0  startup_stm32h750xx.o(.text)
    TIM2_IRQHandler                          0x080002c7   Thumb Code     0  startup_stm32h750xx.o(.text)
    TIM3_IRQHandler                          0x080002c7   Thumb Code     0  startup_stm32h750xx.o(.text)
    TIM4_IRQHandler                          0x080002c7   Thumb Code     0  startup_stm32h750xx.o(.text)
    TIM5_IRQHandler                          0x080002c7   Thumb Code     0  startup_stm32h750xx.o(.text)
    TIM6_DAC_IRQHandler                      0x080002c7   Thumb Code     0  startup_stm32h750xx.o(.text)
    TIM7_IRQHandler                          0x080002c7   Thumb Code     0  startup_stm32h750xx.o(.text)
    TIM8_BRK_TIM12_IRQHandler                0x080002c7   Thumb Code     0  startup_stm32h750xx.o(.text)
    TIM8_CC_IRQHandler                       0x080002c7   Thumb Code     0  startup_stm32h750xx.o(.text)
    TIM8_TRG_COM_TIM14_IRQHandler            0x080002c7   Thumb Code     0  startup_stm32h750xx.o(.text)
    TIM8_UP_TIM13_IRQHandler                 0x080002c7   Thumb Code     0  startup_stm32h750xx.o(.text)
    UART4_IRQHandler                         0x080002c7   Thumb Code     0  startup_stm32h750xx.o(.text)
    UART5_IRQHandler                         0x080002c7   Thumb Code     0  startup_stm32h750xx.o(.text)
    UART7_IRQHandler                         0x080002c7   Thumb Code     0  startup_stm32h750xx.o(.text)
    UART8_IRQHandler                         0x080002c7   Thumb Code     0  startup_stm32h750xx.o(.text)
    USART2_IRQHandler                        0x080002c7   Thumb Code     0  startup_stm32h750xx.o(.text)
    USART3_IRQHandler                        0x080002c7   Thumb Code     0  startup_stm32h750xx.o(.text)
    USART6_IRQHandler                        0x080002c7   Thumb Code     0  startup_stm32h750xx.o(.text)
    WAKEUP_PIN_IRQHandler                    0x080002c7   Thumb Code     0  startup_stm32h750xx.o(.text)
    WWDG_IRQHandler                          0x080002c7   Thumb Code     0  startup_stm32h750xx.o(.text)
    __aeabi_uldivmod                         0x080002d1   Thumb Code    98  uldiv.o(.text)
    __aeabi_uidiv                            0x08000333   Thumb Code     0  uidiv.o(.text)
    __aeabi_uidivmod                         0x08000333   Thumb Code    44  uidiv.o(.text)
    __aeabi_llsl                             0x0800035f   Thumb Code    30  llshl.o(.text)
    _ll_shift_l                              0x0800035f   Thumb Code     0  llshl.o(.text)
    __aeabi_llsr                             0x0800037d   Thumb Code    32  llushr.o(.text)
    _ll_ushift_r                             0x0800037d   Thumb Code     0  llushr.o(.text)
    __scatterload                            0x0800039d   Thumb Code    28  init.o(.text)
    __scatterload_rt2                        0x0800039d   Thumb Code     0  init.o(.text)
    BusFault_Handler                         0x080003c1   Thumb Code     2  stm32h7xx_it.o(i.BusFault_Handler)
    Cache_Enable                             0x080003c5   Thumb Code   126  sys.o(i.Cache_Enable)
    Copy_HZK16                               0x0800044d   Thumb Code    60  text.o(i.Copy_HZK16)
    Copy_HZK24                               0x0800048d   Thumb Code    64  text.o(i.Copy_HZK24)
    Copy_Mem                                 0x080004d1   Thumb Code    22  text.o(i.Copy_Mem)
    DebugMon_Handler                         0x080004e7   Thumb Code     2  stm32h7xx_it.o(i.DebugMon_Handler)
    DrawFont_GBK16B                          0x080004e9   Thumb Code    44  gbk_libdrive.o(i.DrawFont_GBK16B)
    Draw_Font16B                             0x0800051d   Thumb Code    38  text.o(i.Draw_Font16B)
    Draw_Font24B                             0x08000549   Thumb Code    38  text.o(i.Draw_Font24B)
    FontLib_Read                             0x08000575   Thumb Code   100  gbk_libdrive.o(i.FontLib_Read)
    GBK_GetASC_Point                         0x080005dd   Thumb Code    76  gbk_libdrive.o(i.GBK_GetASC_Point)
    GBK_Lib_GetHz                            0x0800063d   Thumb Code   126  gbk_libdrive.o(i.GBK_Lib_GetHz)
    GBK_Lib_Init                             0x080006c5   Thumb Code     4  gbk_libdrive.o(i.GBK_Lib_Init)
    GBK_ReadID                               0x080006c9   Thumb Code   134  gbk_libdrive.o(i.GBK_ReadID)
    GBK_ShowASCII                            0x0800074f   Thumb Code   160  gbk_libdrive.o(i.GBK_ShowASCII)
    GBK_Show_Font                            0x080007ef   Thumb Code   150  gbk_libdrive.o(i.GBK_Show_Font)
    GBK_Show_Str                             0x08000885   Thumb Code   188  gbk_libdrive.o(i.GBK_Show_Str)
    GBK_delay                                0x08000941   Thumb Code    24  gbk_libdrive.o(i.GBK_delay)
    Get_HzMat                                0x08000959   Thumb Code    82  text.o(i.Get_HzMat)
    HAL_DMA_Abort_IT                         0x080009ad   Thumb Code   138  stm32h7xx_hal_dma.o(i.HAL_DMA_Abort_IT)
    HAL_EnableCompensationCell               0x08000a41   Thumb Code    12  stm32h7xx_hal.o(i.HAL_EnableCompensationCell)
    HAL_GPIO_Init                            0x08000a51   Thumb Code   438  stm32h7xx_hal_gpio.o(i.HAL_GPIO_Init)
    HAL_GPIO_ReadPin                         0x08000c39   Thumb Code    10  stm32h7xx_hal_gpio.o(i.HAL_GPIO_ReadPin)
    HAL_GPIO_TogglePin                       0x08000c43   Thumb Code     8  stm32h7xx_hal_gpio.o(i.HAL_GPIO_TogglePin)
    HAL_GPIO_WritePin                        0x08000c4b   Thumb Code    10  stm32h7xx_hal_gpio.o(i.HAL_GPIO_WritePin)
    HAL_GetTick                              0x08000c55   Thumb Code     6  stm32h7xx_hal.o(i.HAL_GetTick)
    HAL_IncTick                              0x08000c61   Thumb Code    12  stm32h7xx_hal.o(i.HAL_IncTick)
    HAL_Init                                 0x08000c71   Thumb Code    28  stm32h7xx_hal.o(i.HAL_Init)
    HAL_InitTick                             0x08000c8d   Thumb Code    54  stm32h7xx_hal.o(i.HAL_InitTick)
    HAL_MspInit                              0x08000ccd   Thumb Code     2  stm32h7xx_hal_msp.o(i.HAL_MspInit)
    HAL_NVIC_EnableIRQ                       0x08000ccf   Thumb Code    26  stm32h7xx_hal_cortex.o(i.HAL_NVIC_EnableIRQ)
    HAL_NVIC_SetPriority                     0x08000ce9   Thumb Code    60  stm32h7xx_hal_cortex.o(i.HAL_NVIC_SetPriority)
    HAL_NVIC_SetPriorityGrouping             0x08000d29   Thumb Code    26  stm32h7xx_hal_cortex.o(i.HAL_NVIC_SetPriorityGrouping)
    HAL_RCCEx_GetD1SysClockFreq              0x08000d4d   Thumb Code    40  stm32h7xx_hal_rcc_ex.o(i.HAL_RCCEx_GetD1SysClockFreq)
    HAL_RCCEx_GetD3PCLK1Freq                 0x08000d81   Thumb Code    34  stm32h7xx_hal_rcc_ex.o(i.HAL_RCCEx_GetD3PCLK1Freq)
    HAL_RCCEx_GetPLL2ClockFreq               0x08000dad   Thumb Code   220  stm32h7xx_hal_rcc_ex.o(i.HAL_RCCEx_GetPLL2ClockFreq)
    HAL_RCCEx_GetPLL3ClockFreq               0x08000ea9   Thumb Code   220  stm32h7xx_hal_rcc_ex.o(i.HAL_RCCEx_GetPLL3ClockFreq)
    HAL_RCCEx_PeriphCLKConfig                0x08000fa5   Thumb Code  2220  stm32h7xx_hal_rcc_ex.o(i.HAL_RCCEx_PeriphCLKConfig)
    HAL_RCC_ClockConfig                      0x08001855   Thumb Code   450  stm32h7xx_hal_rcc.o(i.HAL_RCC_ClockConfig)
    HAL_RCC_GetHCLKFreq                      0x08001a2d   Thumb Code    38  stm32h7xx_hal_rcc.o(i.HAL_RCC_GetHCLKFreq)
    HAL_RCC_GetPCLK1Freq                     0x08001a61   Thumb Code    34  stm32h7xx_hal_rcc.o(i.HAL_RCC_GetPCLK1Freq)
    HAL_RCC_GetPCLK2Freq                     0x08001a8d   Thumb Code    36  stm32h7xx_hal_rcc.o(i.HAL_RCC_GetPCLK2Freq)
    HAL_RCC_GetSysClockFreq                  0x08001ab9   Thumb Code   214  stm32h7xx_hal_rcc.o(i.HAL_RCC_GetSysClockFreq)
    HAL_RCC_OscConfig                        0x08001bb1   Thumb Code  1180  stm32h7xx_hal_rcc.o(i.HAL_RCC_OscConfig)
    HAL_RNG_DeInit                           0x0800204d   Thumb Code    44  stm32h7xx_hal_rng.o(i.HAL_RNG_DeInit)
    HAL_RNG_GenerateRandomNumber             0x08002079   Thumb Code   102  stm32h7xx_hal_rng.o(i.HAL_RNG_GenerateRandomNumber)
    HAL_RNG_Init                             0x080020df   Thumb Code    62  stm32h7xx_hal_rng.o(i.HAL_RNG_Init)
    HAL_RNG_MspDeInit                        0x0800211d   Thumb Code     2  stm32h7xx_hal_rng.o(i.HAL_RNG_MspDeInit)
    HAL_RNG_MspInit                          0x08002121   Thumb Code    42  rng.o(i.HAL_RNG_MspInit)
    HAL_SPI_Init                             0x08002151   Thumb Code   466  stm32h7xx_hal_spi.o(i.HAL_SPI_Init)
    HAL_SPI_MspInit                          0x08002331   Thumb Code    92  spi.o(i.HAL_SPI_MspInit)
    HAL_SPI_TransmitReceive                  0x08002395   Thumb Code   792  stm32h7xx_hal_spi.o(i.HAL_SPI_TransmitReceive)
    HAL_SYSTICK_CLKSourceConfig              0x080026ad   Thumb Code    24  stm32h7xx_hal_cortex.o(i.HAL_SYSTICK_CLKSourceConfig)
    HAL_SYSTICK_Config                       0x080026c5   Thumb Code    40  stm32h7xx_hal_cortex.o(i.HAL_SYSTICK_Config)
    HAL_UARTEx_WakeupCallback                0x080026ed   Thumb Code     2  stm32h7xx_hal_uart_ex.o(i.HAL_UARTEx_WakeupCallback)
    HAL_UART_ErrorCallback                   0x080026ef   Thumb Code     2  stm32h7xx_hal_uart.o(i.HAL_UART_ErrorCallback)
    HAL_UART_GetState                        0x080026f1   Thumb Code    12  stm32h7xx_hal_uart.o(i.HAL_UART_GetState)
    HAL_UART_IRQHandler                      0x080026fd   Thumb Code   374  stm32h7xx_hal_uart.o(i.HAL_UART_IRQHandler)
    HAL_UART_Init                            0x0800287d   Thumb Code   106  stm32h7xx_hal_uart.o(i.HAL_UART_Init)
    HAL_UART_MspInit                         0x080028e9   Thumb Code   114  usart.o(i.HAL_UART_MspInit)
    HAL_UART_Receive_IT                      0x08002969   Thumb Code   166  stm32h7xx_hal_uart.o(i.HAL_UART_Receive_IT)
    HAL_UART_RxCpltCallback                  0x08002a11   Thumb Code    76  usart.o(i.HAL_UART_RxCpltCallback)
    HAL_UART_TxCpltCallback                  0x08002a69   Thumb Code     2  stm32h7xx_hal_uart.o(i.HAL_UART_TxCpltCallback)
    HardFault_Handler                        0x08002a6b   Thumb Code     2  stm32h7xx_it.o(i.HardFault_Handler)
    KEY_Init                                 0x08002a6d   Thumb Code    84  key.o(i.KEY_Init)
    KEY_Scan                                 0x08002acd   Thumb Code   118  key.o(i.KEY_Scan)
    LCD_Clear                                0x08002b51   Thumb Code    58  lcd.o(i.LCD_Clear)
    LCD_Display_Dir                          0x08002b91   Thumb Code   126  lcd.o(i.LCD_Display_Dir)
    LCD_Fast_DrawPoint                       0x08002c15   Thumb Code    52  lcd.o(i.LCD_Fast_DrawPoint)
    LCD_GPIO_Init                            0x08002c4d   Thumb Code   106  lcd.o(i.LCD_GPIO_Init)
    LCD_HardwareRest                         0x08002cc1   Thumb Code    44  lcd.o(i.LCD_HardwareRest)
    LCD_Init                                 0x08002cf1   Thumb Code   416  lcd.o(i.LCD_Init)
    LCD_Scan_Dir                             0x08002e95   Thumb Code    34  lcd.o(i.LCD_Scan_Dir)
    LCD_SetCursor                            0x08002eb9   Thumb Code    36  lcd.o(i.LCD_SetCursor)
    LCD_Set_Window                           0x08002ee1   Thumb Code    62  lcd.o(i.LCD_Set_Window)
    LCD_ShowChar                             0x08002f25   Thumb Code   182  lcd.o(i.LCD_ShowChar)
    LCD_SoftRest                             0x08002ff1   Thumb Code    18  lcd.o(i.LCD_SoftRest)
    LCD_WR_DATA16                            0x08003005   Thumb Code    56  lcd.o(i.LCD_WR_DATA16)
    LCD_WR_DATA8                             0x08003041   Thumb Code    50  lcd.o(i.LCD_WR_DATA8)
    LCD_WR_REG                               0x08003079   Thumb Code    50  lcd.o(i.LCD_WR_REG)
    LCD_WriteRAM_Prepare                     0x080030b1   Thumb Code     8  lcd.o(i.LCD_WriteRAM_Prepare)
    LCD_WriteReg                             0x080030bd   Thumb Code    18  lcd.o(i.LCD_WriteReg)
    LED_Init                                 0x080030d1   Thumb Code    60  led.o(i.LED_Init)
    NMI_Handler                              0x08003115   Thumb Code     2  stm32h7xx_it.o(i.NMI_Handler)
    PendSV_Handler                           0x08003117   Thumb Code     2  stm32h7xx_it.o(i.PendSV_Handler)
    RNG_Get_RandomNum                        0x080032f9   Thumb Code    14  rng.o(i.RNG_Get_RandomNum)
    RNG_Get_RandomRange                      0x0800330d   Thumb Code    32  rng.o(i.RNG_Get_RandomRange)
    RNG_Init                                 0x08003331   Thumb Code    64  rng.o(i.RNG_Init)
    SPI2_Init                                0x08003379   Thumb Code    82  spi.o(i.SPI2_Init)
    SPI2_ReadWriteByte                       0x080033d5   Thumb Code    28  spi.o(i.SPI2_ReadWriteByte)
    SPI2_SetSpeed                            0x080033f5   Thumb Code    42  spi.o(i.SPI2_SetSpeed)
    SVC_Handler                              0x08003543   Thumb Code     2  stm32h7xx_it.o(i.SVC_Handler)
    Show_Font                                0x08003545   Thumb Code   148  text.o(i.Show_Font)
    Show_Str                                 0x080035dd   Thumb Code   182  text.o(i.Show_Str)
    Stm32_Clock_Init                         0x08003695   Thumb Code   162  sys.o(i.Stm32_Clock_Init)
    SysTick_Handler                          0x08003741   Thumb Code     4  stm32h7xx_it.o(i.SysTick_Handler)
    SystemInit                               0x08003745   Thumb Code   116  system_stm32h7xx.o(i.SystemInit)
    UART_AdvFeatureConfig                    0x080037c9   Thumb Code   200  stm32h7xx_hal_uart.o(i.UART_AdvFeatureConfig)
    UART_CheckIdleState                      0x08003891   Thumb Code    92  stm32h7xx_hal_uart.o(i.UART_CheckIdleState)
    UART_SetConfig                           0x08003995   Thumb Code  1186  stm32h7xx_hal_uart.o(i.UART_SetConfig)
    UART_WaitOnFlagUntilTimeout              0x08003eb1   Thumb Code    98  stm32h7xx_hal_uart.o(i.UART_WaitOnFlagUntilTimeout)
    USART1_IRQHandler                        0x08003f15   Thumb Code    56  usart.o(i.USART1_IRQHandler)
    UsageFault_Handler                       0x08003f59   Thumb Code     2  stm32h7xx_it.o(i.UsageFault_Handler)
    __0sprintf$6                             0x08003f5d   Thumb Code    34  printf6.o(i.__0sprintf$6)
    __1sprintf$6                             0x08003f5d   Thumb Code     0  printf6.o(i.__0sprintf$6)
    __2sprintf                               0x08003f5d   Thumb Code     0  printf6.o(i.__0sprintf$6)
    __scatterload_copy                       0x08003fa5   Thumb Code    14  handlers.o(i.__scatterload_copy)
    __scatterload_null                       0x08003fb3   Thumb Code     2  handlers.o(i.__scatterload_null)
    __scatterload_zeroinit                   0x08003fb5   Thumb Code    14  handlers.o(i.__scatterload_zeroinit)
    delay_init                               0x08004311   Thumb Code    16  delay.o(i.delay_init)
    delay_ms                                 0x08004325   Thumb Code    26  delay.o(i.delay_ms)
    delay_us                                 0x08004341   Thumb Code    48  delay.o(i.delay_us)
    main                                     0x08004375   Thumb Code   284  main.o(i.main)
    uart_init                                0x08004551   Thumb Code    44  usart.o(i.uart_init)
    D1CorePrescTable                         0x08004588   Data          16  system_stm32h7xx.o(.constdata)
    asc2_1206                                0x080045b0   Data        1140  font.o(.constdata)
    asc2_1608                                0x08004a24   Data        1520  font.o(.constdata)
    asc2_2412                                0x08005014   Data        3420  font.o(.constdata)
    hz16                                     0x08005d70   Data        2006  font.o(.constdata)
    hz24                                     0x08006546   Data         740  font.o(.constdata)
    Region$$Table$$Base                      0x0800682c   Number         0  anon$$obj.o(Region$$Table)
    Region$$Table$$Limit                     0x0800684c   Number         0  anon$$obj.o(Region$$Table)
    t                                        0x24000000   Data           1  main.o(.data)
    key                                      0x24000001   Data           1  main.o(.data)
    Random2                                  0x24000002   Data           2  main.o(.data)
    Random1                                  0x24000004   Data           4  main.o(.data)
    SystemCoreClock                          0x24000008   Data           4  system_stm32h7xx.o(.data)
    SystemD2Clock                            0x2400000c   Data           4  system_stm32h7xx.o(.data)
    aRxBuffer                                0x24000014   Data           1  usart.o(.data)
    USART_RX_STA                             0x24000016   Data           2  usart.o(.data)
    POINT_COLOR                              0x24000026   Data           2  lcd.o(.data)
    BACK_COLOR                               0x24000028   Data           2  lcd.o(.data)
    tbuf                                     0x2400002c   Data          32  main.o(.bss)
    USART_RX_BUF                             0x2400004c   Data         200  usart.o(.bss)
    UART1_Handler                            0x24000114   Data         128  usart.o(.bss)
    RNG_Handler                              0x24000194   Data          16  rng.o(.bss)
    SPI2_Handler                             0x240001a4   Data         136  spi.o(.bss)
    lcddev                                   0x2400022c   Data          14  lcd.o(.bss)
    __initial_sp                             0x24000c40   Data           0  startup_stm32h750xx.o(STACK)



==============================================================================

Memory Map of the image

  Image Entry point : 0x08000299

  Load Region LR_IROM1 (Base: 0x08000000, Size: 0x00006878, Max: 0x00020000, ABSOLUTE)

    Execution Region ER_IROM1 (Base: 0x08000000, Size: 0x0000684c, Max: 0x00020000, ABSOLUTE)

    Base Addr    Size         Type   Attr      Idx    E Section Name        Object

    0x08000000   0x00000298   Data   RO          657    RESET               startup_stm32h750xx.o
    0x08000298   0x00000000   Code   RO         4624  * .ARM.Collect$$$$00000000  mc_w.l(entry.o)
    0x08000298   0x00000004   Code   RO         4896    .ARM.Collect$$$$00000001  mc_w.l(entry2.o)
    0x0800029c   0x00000004   Code   RO         4899    .ARM.Collect$$$$00000004  mc_w.l(entry5.o)
    0x080002a0   0x00000000   Code   RO         4901    .ARM.Collect$$$$00000008  mc_w.l(entry7b.o)
    0x080002a0   0x00000000   Code   RO         4903    .ARM.Collect$$$$0000000A  mc_w.l(entry8b.o)
    0x080002a0   0x00000008   Code   RO         4904    .ARM.Collect$$$$0000000B  mc_w.l(entry9a.o)
    0x080002a8   0x00000000   Code   RO         4906    .ARM.Collect$$$$0000000D  mc_w.l(entry10a.o)
    0x080002a8   0x00000000   Code   RO         4908    .ARM.Collect$$$$0000000F  mc_w.l(entry11a.o)
    0x080002a8   0x00000004   Code   RO         4897    .ARM.Collect$$$$00002712  mc_w.l(entry2.o)
    0x080002ac   0x00000024   Code   RO          658    .text               startup_stm32h750xx.o
    0x080002d0   0x00000062   Code   RO         4627    .text               mc_w.l(uldiv.o)
    0x08000332   0x0000002c   Code   RO         4910    .text               mc_w.l(uidiv.o)
    0x0800035e   0x0000001e   Code   RO         4912    .text               mc_w.l(llshl.o)
    0x0800037c   0x00000020   Code   RO         4914    .text               mc_w.l(llushr.o)
    0x0800039c   0x00000024   Code   RO         4927    .text               mc_w.l(init.o)
    0x080003c0   0x00000002   Code   RO          364    i.BusFault_Handler  stm32h7xx_it.o
    0x080003c2   0x00000002   PAD
    0x080003c4   0x00000088   Code   RO          704    i.Cache_Enable      sys.o
    0x0800044c   0x00000040   Code   RO         4441    i.Copy_HZK16        text.o
    0x0800048c   0x00000044   Code   RO         4442    i.Copy_HZK24        text.o
    0x080004d0   0x00000016   Code   RO         4443    i.Copy_Mem          text.o
    0x080004e6   0x00000002   Code   RO          365    i.DebugMon_Handler  stm32h7xx_it.o
    0x080004e8   0x00000034   Code   RO         4510    i.DrawFont_GBK16B   gbk_libdrive.o
    0x0800051c   0x0000002c   Code   RO         4444    i.Draw_Font16B      text.o
    0x08000548   0x0000002c   Code   RO         4445    i.Draw_Font24B      text.o
    0x08000574   0x00000068   Code   RO         4513    i.FontLib_Read      gbk_libdrive.o
    0x080005dc   0x00000060   Code   RO         4514    i.GBK_GetASC_Point  gbk_libdrive.o
    0x0800063c   0x00000088   Code   RO         4516    i.GBK_Lib_GetHz     gbk_libdrive.o
    0x080006c4   0x00000004   Code   RO         4517    i.GBK_Lib_Init      gbk_libdrive.o
    0x080006c8   0x00000086   Code   RO         4518    i.GBK_ReadID        gbk_libdrive.o
    0x0800074e   0x000000a0   Code   RO         4519    i.GBK_ShowASCII     gbk_libdrive.o
    0x080007ee   0x00000096   Code   RO         4520    i.GBK_Show_Font     gbk_libdrive.o
    0x08000884   0x000000bc   Code   RO         4521    i.GBK_Show_Str      gbk_libdrive.o
    0x08000940   0x00000018   Code   RO         4523    i.GBK_delay         gbk_libdrive.o
    0x08000958   0x00000052   Code   RO         4446    i.Get_HzMat         text.o
    0x080009aa   0x00000002   PAD
    0x080009ac   0x00000094   Code   RO         1292    i.HAL_DMA_Abort_IT  stm32h7xx_hal_dma.o
    0x08000a40   0x00000010   Code   RO          847    i.HAL_EnableCompensationCell  stm32h7xx_hal.o
    0x08000a50   0x000001e8   Code   RO         1405    i.HAL_GPIO_Init     stm32h7xx_hal_gpio.o
    0x08000c38   0x0000000a   Code   RO         1407    i.HAL_GPIO_ReadPin  stm32h7xx_hal_gpio.o
    0x08000c42   0x00000008   Code   RO         1408    i.HAL_GPIO_TogglePin  stm32h7xx_hal_gpio.o
    0x08000c4a   0x0000000a   Code   RO         1409    i.HAL_GPIO_WritePin  stm32h7xx_hal_gpio.o
    0x08000c54   0x0000000c   Code   RO          854    i.HAL_GetTick       stm32h7xx_hal.o
    0x08000c60   0x00000010   Code   RO          857    i.HAL_IncTick       stm32h7xx_hal.o
    0x08000c70   0x0000001c   Code   RO          858    i.HAL_Init          stm32h7xx_hal.o
    0x08000c8c   0x00000040   Code   RO          859    i.HAL_InitTick      stm32h7xx_hal.o
    0x08000ccc   0x00000002   Code   RO          629    i.HAL_MspInit       stm32h7xx_hal_msp.o
    0x08000cce   0x0000001a   Code   RO         1151    i.HAL_NVIC_EnableIRQ  stm32h7xx_hal_cortex.o
    0x08000ce8   0x00000040   Code   RO         1157    i.HAL_NVIC_SetPriority  stm32h7xx_hal_cortex.o
    0x08000d28   0x00000024   Code   RO         1158    i.HAL_NVIC_SetPriorityGrouping  stm32h7xx_hal_cortex.o
    0x08000d4c   0x00000034   Code   RO         1948    i.HAL_RCCEx_GetD1SysClockFreq  stm32h7xx_hal_rcc_ex.o
    0x08000d80   0x0000002c   Code   RO         1949    i.HAL_RCCEx_GetD3PCLK1Freq  stm32h7xx_hal_rcc_ex.o
    0x08000dac   0x000000fc   Code   RO         1951    i.HAL_RCCEx_GetPLL2ClockFreq  stm32h7xx_hal_rcc_ex.o
    0x08000ea8   0x000000fc   Code   RO         1952    i.HAL_RCCEx_GetPLL3ClockFreq  stm32h7xx_hal_rcc_ex.o
    0x08000fa4   0x000008b0   Code   RO         1956    i.HAL_RCCEx_PeriphCLKConfig  stm32h7xx_hal_rcc_ex.o
    0x08001854   0x000001d8   Code   RO         1841    i.HAL_RCC_ClockConfig  stm32h7xx_hal_rcc.o
    0x08001a2c   0x00000034   Code   RO         1845    i.HAL_RCC_GetHCLKFreq  stm32h7xx_hal_rcc.o
    0x08001a60   0x0000002c   Code   RO         1847    i.HAL_RCC_GetPCLK1Freq  stm32h7xx_hal_rcc.o
    0x08001a8c   0x0000002c   Code   RO         1848    i.HAL_RCC_GetPCLK2Freq  stm32h7xx_hal_rcc.o
    0x08001ab8   0x000000f8   Code   RO         1849    i.HAL_RCC_GetSysClockFreq  stm32h7xx_hal_rcc.o
    0x08001bb0   0x0000049c   Code   RO         1852    i.HAL_RCC_OscConfig  stm32h7xx_hal_rcc.o
    0x0800204c   0x0000002c   Code   RO         3593    i.HAL_RNG_DeInit    stm32h7xx_hal_rng.o
    0x08002078   0x00000066   Code   RO         3595    i.HAL_RNG_GenerateRandomNumber  stm32h7xx_hal_rng.o
    0x080020de   0x0000003e   Code   RO         3599    i.HAL_RNG_Init      stm32h7xx_hal_rng.o
    0x0800211c   0x00000002   Code   RO         3600    i.HAL_RNG_MspDeInit  stm32h7xx_hal_rng.o
    0x0800211e   0x00000002   PAD
    0x08002120   0x00000030   Code   RO         4049    i.HAL_RNG_MspInit   rng.o
    0x08002150   0x000001e0   Code   RO         3688    i.HAL_SPI_Init      stm32h7xx_hal_spi.o
    0x08002330   0x00000064   Code   RO         4094    i.HAL_SPI_MspInit   spi.o
    0x08002394   0x00000318   Code   RO         3697    i.HAL_SPI_TransmitReceive  stm32h7xx_hal_spi.o
    0x080026ac   0x00000018   Code   RO         1160    i.HAL_SYSTICK_CLKSourceConfig  stm32h7xx_hal_cortex.o
    0x080026c4   0x00000028   Code   RO         1162    i.HAL_SYSTICK_Config  stm32h7xx_hal_cortex.o
    0x080026ec   0x00000002   Code   RO         2458    i.HAL_UARTEx_WakeupCallback  stm32h7xx_hal_uart_ex.o
    0x080026ee   0x00000002   Code   RO         2124    i.HAL_UART_ErrorCallback  stm32h7xx_hal_uart.o
    0x080026f0   0x0000000c   Code   RO         2126    i.HAL_UART_GetState  stm32h7xx_hal_uart.o
    0x080026fc   0x00000180   Code   RO         2127    i.HAL_UART_IRQHandler  stm32h7xx_hal_uart.o
    0x0800287c   0x0000006a   Code   RO         2128    i.HAL_UART_Init     stm32h7xx_hal_uart.o
    0x080028e6   0x00000002   PAD
    0x080028e8   0x00000080   Code   RO          759    i.HAL_UART_MspInit  usart.o
    0x08002968   0x000000a6   Code   RO         2133    i.HAL_UART_Receive_IT  stm32h7xx_hal_uart.o
    0x08002a0e   0x00000002   PAD
    0x08002a10   0x00000058   Code   RO          760    i.HAL_UART_RxCpltCallback  usart.o
    0x08002a68   0x00000002   Code   RO         2139    i.HAL_UART_TxCpltCallback  stm32h7xx_hal_uart.o
    0x08002a6a   0x00000002   Code   RO          366    i.HardFault_Handler  stm32h7xx_it.o
    0x08002a6c   0x00000060   Code   RO         4018    i.KEY_Init          key.o
    0x08002acc   0x00000084   Code   RO         4019    i.KEY_Scan          key.o
    0x08002b50   0x00000040   Code   RO         4192    i.LCD_Clear         lcd.o
    0x08002b90   0x00000084   Code   RO         4196    i.LCD_Display_Dir   lcd.o
    0x08002c14   0x00000038   Code   RO         4201    i.LCD_Fast_DrawPoint  lcd.o
    0x08002c4c   0x00000074   Code   RO         4203    i.LCD_GPIO_Init     lcd.o
    0x08002cc0   0x00000030   Code   RO         4204    i.LCD_HardwareRest  lcd.o
    0x08002cf0   0x000001a4   Code   RO         4205    i.LCD_Init          lcd.o
    0x08002e94   0x00000022   Code   RO         4207    i.LCD_Scan_Dir      lcd.o
    0x08002eb6   0x00000002   PAD
    0x08002eb8   0x00000028   Code   RO         4208    i.LCD_SetCursor     lcd.o
    0x08002ee0   0x00000044   Code   RO         4209    i.LCD_Set_Window    lcd.o
    0x08002f24   0x000000cc   Code   RO         4210    i.LCD_ShowChar      lcd.o
    0x08002ff0   0x00000012   Code   RO         4214    i.LCD_SoftRest      lcd.o
    0x08003002   0x00000002   PAD
    0x08003004   0x0000003c   Code   RO         4215    i.LCD_WR_DATA16     lcd.o
    0x08003040   0x00000038   Code   RO         4216    i.LCD_WR_DATA8      lcd.o
    0x08003078   0x00000038   Code   RO         4217    i.LCD_WR_REG        lcd.o
    0x080030b0   0x0000000c   Code   RO         4219    i.LCD_WriteRAM_Prepare  lcd.o
    0x080030bc   0x00000012   Code   RO         4220    i.LCD_WriteReg      lcd.o
    0x080030ce   0x00000002   PAD
    0x080030d0   0x00000044   Code   RO         3994    i.LED_Init          led.o
    0x08003114   0x00000002   Code   RO          367    i.NMI_Handler       stm32h7xx_it.o
    0x08003116   0x00000002   Code   RO          368    i.PendSV_Handler    stm32h7xx_it.o
    0x08003118   0x000000f0   Code   RO         1959    i.RCCEx_PLL2_Config  stm32h7xx_hal_rcc_ex.o
    0x08003208   0x000000f0   Code   RO         1960    i.RCCEx_PLL3_Config  stm32h7xx_hal_rcc_ex.o
    0x080032f8   0x00000014   Code   RO         4050    i.RNG_Get_RandomNum  rng.o
    0x0800330c   0x00000024   Code   RO         4051    i.RNG_Get_RandomRange  rng.o
    0x08003330   0x00000048   Code   RO         4052    i.RNG_Init          rng.o
    0x08003378   0x0000005c   Code   RO         4095    i.SPI2_Init         spi.o
    0x080033d4   0x00000020   Code   RO         4096    i.SPI2_ReadWriteByte  spi.o
    0x080033f4   0x00000030   Code   RO         4097    i.SPI2_SetSpeed     spi.o
    0x08003424   0x000000de   Code   RO         3713    i.SPI_CloseTransfer  stm32h7xx_hal_spi.o
    0x08003502   0x00000040   Code   RO         3730    i.SPI_WaitOnFlagUntilTimeout  stm32h7xx_hal_spi.o
    0x08003542   0x00000002   Code   RO          369    i.SVC_Handler       stm32h7xx_it.o
    0x08003544   0x00000098   Code   RO         4447    i.Show_Font         text.o
    0x080035dc   0x000000b6   Code   RO         4448    i.Show_Str          text.o
    0x08003692   0x00000002   PAD
    0x08003694   0x000000ac   Code   RO          708    i.Stm32_Clock_Init  sys.o
    0x08003740   0x00000004   Code   RO          370    i.SysTick_Handler   stm32h7xx_it.o
    0x08003744   0x00000084   Code   RO          437    i.SystemInit        system_stm32h7xx.o
    0x080037c8   0x000000c8   Code   RO         2141    i.UART_AdvFeatureConfig  stm32h7xx_hal_uart.o
    0x08003890   0x0000005c   Code   RO         2142    i.UART_CheckIdleState  stm32h7xx_hal_uart.o
    0x080038ec   0x00000014   Code   RO         2143    i.UART_DMAAbortOnError  stm32h7xx_hal_uart.o
    0x08003900   0x0000001c   Code   RO         2153    i.UART_EndRxTransfer  stm32h7xx_hal_uart.o
    0x0800391c   0x00000076   Code   RO         2155    i.UART_Receive_IT   stm32h7xx_hal_uart.o
    0x08003992   0x00000002   PAD
    0x08003994   0x000004a8   Code   RO         2156    i.UART_SetConfig    stm32h7xx_hal_uart.o
    0x08003e3c   0x00000074   Code   RO         2157    i.UART_Transmit_IT  stm32h7xx_hal_uart.o
    0x08003eb0   0x00000062   Code   RO         2158    i.UART_WaitOnFlagUntilTimeout  stm32h7xx_hal_uart.o
    0x08003f12   0x00000002   PAD
    0x08003f14   0x00000044   Code   RO          761    i.USART1_IRQHandler  usart.o
    0x08003f58   0x00000002   Code   RO          371    i.UsageFault_Handler  stm32h7xx_it.o
    0x08003f5a   0x00000002   PAD
    0x08003f5c   0x00000028   Code   RO         4792    i.__0sprintf$6      mc_w.l(printf6.o)
    0x08003f84   0x00000020   Code   RO         1164    i.__NVIC_SetPriority  stm32h7xx_hal_cortex.o
    0x08003fa4   0x0000000e   Code   RO         4935    i.__scatterload_copy  mc_w.l(handlers.o)
    0x08003fb2   0x00000002   Code   RO         4936    i.__scatterload_null  mc_w.l(handlers.o)
    0x08003fb4   0x0000000e   Code   RO         4937    i.__scatterload_zeroinit  mc_w.l(handlers.o)
    0x08003fc2   0x00000002   PAD
    0x08003fc4   0x000002f0   Code   RO         4797    i._printf_core      mc_w.l(printf6.o)
    0x080042b4   0x00000024   Code   RO         4798    i._printf_post_padding  mc_w.l(printf6.o)
    0x080042d8   0x0000002e   Code   RO         4799    i._printf_pre_padding  mc_w.l(printf6.o)
    0x08004306   0x0000000a   Code   RO         4801    i._sputc            mc_w.l(printf6.o)
    0x08004310   0x00000014   Code   RO          665    i.delay_init        delay.o
    0x08004324   0x0000001a   Code   RO          666    i.delay_ms          delay.o
    0x0800433e   0x00000002   PAD
    0x08004340   0x00000034   Code   RO          667    i.delay_us          delay.o
    0x08004374   0x000001dc   Code   RO            4    i.main              main.o
    0x08004550   0x00000038   Code   RO          765    i.uart_init         usart.o
    0x08004588   0x00000010   Data   RO          438    .constdata          system_stm32h7xx.o
    0x08004598   0x00000018   Data   RO         2159    .constdata          stm32h7xx_hal_uart.o
    0x080045b0   0x00000474   Data   RO         4167    .constdata          font.o
    0x08004a24   0x000005f0   Data   RO         4168    .constdata          font.o
    0x08005014   0x00000d5c   Data   RO         4169    .constdata          font.o
    0x08005d70   0x000007d6   Data   RO         4170    .constdata          font.o
    0x08006546   0x000002e4   Data   RO         4171    .constdata          font.o
    0x0800682a   0x00000002   PAD
    0x0800682c   0x00000020   Data   RO         4933    Region$$Table       anon$$obj.o


    Execution Region RW_IRAM1 (Base: 0x20000000, Size: 0x00000000, Max: 0x00020000, ABSOLUTE)

    **** No section assigned to this execution region ****


    Execution Region RW_IRAM2 (Base: 0x24000000, Size: 0x00000c40, Max: 0x00080000, ABSOLUTE)

    Base Addr    Size         Type   Attr      Idx    E Section Name        Object

    0x24000000   0x00000008   Data   RW            6    .data               main.o
    0x24000008   0x00000004   Data   RW          439    .data               system_stm32h7xx.o
    0x2400000c   0x00000004   Data   RW          440    .data               system_stm32h7xx.o
    0x24000010   0x00000004   Data   RW          668    .data               delay.o
    0x24000014   0x00000004   Data   RW          767    .data               usart.o
    0x24000018   0x0000000c   Data   RW          880    .data               stm32h7xx_hal.o
    0x24000024   0x00000001   Data   RW         4020    .data               key.o
    0x24000025   0x00000001   PAD
    0x24000026   0x00000004   Data   RW         4223    .data               lcd.o
    0x2400002a   0x00000002   PAD
    0x2400002c   0x00000020   Zero   RW            5    .bss                main.o
    0x2400004c   0x00000148   Zero   RW          766    .bss                usart.o
    0x24000194   0x00000010   Zero   RW         4053    .bss                rng.o
    0x240001a4   0x00000088   Zero   RW         4098    .bss                spi.o
    0x2400022c   0x0000000e   Zero   RW         4221    .bss                lcd.o
    0x2400023a   0x00000006   PAD
    0x24000240   0x00000a00   Zero   RW          655    STACK               startup_stm32h750xx.o


==============================================================================

Image component sizes


      Code (inc. data)   RO Data    RW Data    ZI Data      Debug   Object Name

        98          8          0          4          0       1999   delay.o
         0          0       8826          0          0       1210   font.o
      1048         42          0          0          0       9419   gbk_libdrive.o
       228         26          0          1          0       1682   key.o
      1402         86          0          4         14      13549   lcd.o
        68          8          0          0          0        887   led.o
       476        192          0          8         32    1191572   main.o
       176         24          0          0         16       3029   rng.o
       272         28          0          0        136       2938   spi.o
        36          8        664          0       2560        832   startup_stm32h750xx.o
       136         24          0         12          0       3983   stm32h7xx_hal.o
       222         14          0          0          0      38949   stm32h7xx_hal_cortex.o
       148         10          0          0          0       2135   stm32h7xx_hal_dma.o
       516         50          0          0          0       4072   stm32h7xx_hal_gpio.o
         2          0          0          0          0        454   stm32h7xx_hal_msp.o
      2040        108          0          0          0       6576   stm32h7xx_hal_rcc.o
      3304        154          0          0          0       8399   stm32h7xx_hal_rcc_ex.o
       210          0          0          0          0       3303   stm32h7xx_hal_rng.o
      1558         14          0          0          0       5185   stm32h7xx_hal_spi.o
      2536        122         24          0          0      33680   stm32h7xx_hal_uart.o
         2          0          0          0          0       1056   stm32h7xx_hal_uart_ex.o
        18          0          0          0          0       3634   stm32h7xx_it.o
       308         20          0          0          0      36549   sys.o
       132         16         16          8          0       1170   system_stm32h7xx.o
       658         24          0          0          0       7226   text.o
       340         50          0          4        328       4565   usart.o

    ----------------------------------------------------------------------
     15960       1028       9564         44       3092    1388053   Object Totals
         0          0         32          0          0          0   (incl. Generated)
        26          0          2          3          6          0   (incl. Padding)

    ----------------------------------------------------------------------

      Code (inc. data)   RO Data    RW Data    ZI Data      Debug   Library Member Name

         0          0          0          0          0          0   entry.o
         0          0          0          0          0          0   entry10a.o
         0          0          0          0          0          0   entry11a.o
         8          4          0          0          0          0   entry2.o
         4          0          0          0          0          0   entry5.o
         0          0          0          0          0          0   entry7b.o
         0          0          0          0          0          0   entry8b.o
         8          4          0          0          0          0   entry9a.o
        30          0          0          0          0          0   handlers.o
        36          8          0          0          0         68   init.o
        30          0          0          0          0         68   llshl.o
        32          0          0          0          0         68   llushr.o
       884         10          0          0          0        420   printf6.o
        44          0          0          0          0         80   uidiv.o
        98          0          0          0          0         92   uldiv.o

    ----------------------------------------------------------------------
      1176         26          0          0          0        796   Library Totals
         2          0          0          0          0          0   (incl. Padding)

    ----------------------------------------------------------------------

      Code (inc. data)   RO Data    RW Data    ZI Data      Debug   Library Name

      1174         26          0          0          0        796   mc_w.l

    ----------------------------------------------------------------------
      1176         26          0          0          0        796   Library Totals

    ----------------------------------------------------------------------

==============================================================================


      Code (inc. data)   RO Data    RW Data    ZI Data      Debug   

     17136       1054       9564         44       3092    1377689   Grand Totals
     17136       1054       9564         44       3092    1377689   ELF Image Totals
     17136       1054       9564         44          0          0   ROM Totals

==============================================================================

    Total RO  Size (Code + RO Data)                26700 (  26.07kB)
    Total RW  Size (RW Data + ZI Data)              3136 (   3.06kB)
    Total ROM Size (Code + RO Data + RW Data)      26744 (  26.12kB)

==============================================================================

