Component: ARM Compiler 5.06 update 4 (build 422) Tool: armlink [4d35d2]

==============================================================================

Section Cross References

    main.o(i.main) refers to sys.o(i.Cache_Enable) for Cache_Enable
    main.o(i.main) refers to stm32h7xx_hal.o(i.HAL_Init) for HAL_Init
    main.o(i.main) refers to sys.o(i.Stm32_Clock_Init) for Stm32_Clock_Init
    main.o(i.main) refers to delay.o(i.delay_init) for delay_init
    main.o(i.main) refers to usart.o(i.uart_init) for uart_init
    main.o(i.main) refers to led.o(i.LED_Init) for LED_Init
    main.o(i.main) refers to lcd_driver.o(i.Lcd_Init) for Lcd_Init
    main.o(i.main) refers to lcd_driver.o(i.Lcd_Clear) for Lcd_Clear
    main.o(i.main) refers to gui.o(i.Test_Demo) for Test_Demo
    main.o(i.main) refers to stm32h7xx_hal_gpio.o(i.HAL_GPIO_TogglePin) for HAL_GPIO_TogglePin
    main.o(i.main) refers to delay.o(i.delay_ms) for delay_ms
    stm32h7xx_it.o(i.SysTick_Handler) refers to stm32h7xx_hal.o(i.HAL_IncTick) for HAL_IncTick
    system_stm32h7xx.o(i.SystemCoreClockUpdate) refers to system_stm32h7xx.o(.data) for .data
    system_stm32h7xx.o(i.SystemCoreClockUpdate) refers to system_stm32h7xx.o(.constdata) for .constdata
    startup_stm32h750xx.o(RESET) refers to startup_stm32h750xx.o(STACK) for __initial_sp
    startup_stm32h750xx.o(RESET) refers to startup_stm32h750xx.o(.text) for Reset_Handler
    startup_stm32h750xx.o(RESET) refers to stm32h7xx_it.o(i.NMI_Handler) for NMI_Handler
    startup_stm32h750xx.o(RESET) refers to stm32h7xx_it.o(i.HardFault_Handler) for HardFault_Handler
    startup_stm32h750xx.o(RESET) refers to stm32h7xx_it.o(i.BusFault_Handler) for BusFault_Handler
    startup_stm32h750xx.o(RESET) refers to stm32h7xx_it.o(i.UsageFault_Handler) for UsageFault_Handler
    startup_stm32h750xx.o(RESET) refers to stm32h7xx_it.o(i.SVC_Handler) for SVC_Handler
    startup_stm32h750xx.o(RESET) refers to stm32h7xx_it.o(i.DebugMon_Handler) for DebugMon_Handler
    startup_stm32h750xx.o(RESET) refers to stm32h7xx_it.o(i.PendSV_Handler) for PendSV_Handler
    startup_stm32h750xx.o(RESET) refers to stm32h7xx_it.o(i.SysTick_Handler) for SysTick_Handler
    startup_stm32h750xx.o(RESET) refers to usart.o(i.USART1_IRQHandler) for USART1_IRQHandler
    startup_stm32h750xx.o(.text) refers to system_stm32h7xx.o(i.SystemInit) for SystemInit
    startup_stm32h750xx.o(.text) refers to entry.o(.ARM.Collect$$$$00000000) for __main
    delay.o(i.delay_init) refers to stm32h7xx_hal_cortex.o(i.HAL_SYSTICK_CLKSourceConfig) for HAL_SYSTICK_CLKSourceConfig
    delay.o(i.delay_init) refers to delay.o(.data) for .data
    delay.o(i.delay_ms) refers to delay.o(i.delay_us) for delay_us
    delay.o(i.delay_us) refers to delay.o(.data) for .data
    sys.o(i.QSPI_Enable_Memmapmode) refers to stm32h7xx_hal_gpio.o(i.HAL_GPIO_Init) for HAL_GPIO_Init
    sys.o(i.Stm32_Clock_Init) refers to stm32h7xx_hal_rcc.o(i.HAL_RCC_OscConfig) for HAL_RCC_OscConfig
    sys.o(i.Stm32_Clock_Init) refers to stm32h7xx_hal_rcc.o(i.HAL_RCC_ClockConfig) for HAL_RCC_ClockConfig
    sys.o(i.Stm32_Clock_Init) refers to stm32h7xx_hal.o(i.HAL_EnableCompensationCell) for HAL_EnableCompensationCell
    usart.o(i.HAL_UART_MspInit) refers to stm32h7xx_hal_gpio.o(i.HAL_GPIO_Init) for HAL_GPIO_Init
    usart.o(i.HAL_UART_MspInit) refers to stm32h7xx_hal_cortex.o(i.HAL_NVIC_EnableIRQ) for HAL_NVIC_EnableIRQ
    usart.o(i.HAL_UART_MspInit) refers to stm32h7xx_hal_cortex.o(i.HAL_NVIC_SetPriority) for HAL_NVIC_SetPriority
    usart.o(i.HAL_UART_RxCpltCallback) refers to usart.o(.data) for .data
    usart.o(i.HAL_UART_RxCpltCallback) refers to usart.o(.bss) for .bss
    usart.o(i.USART1_IRQHandler) refers to stm32h7xx_hal_uart.o(i.HAL_UART_IRQHandler) for HAL_UART_IRQHandler
    usart.o(i.USART1_IRQHandler) refers to stm32h7xx_hal_uart.o(i.HAL_UART_GetState) for HAL_UART_GetState
    usart.o(i.USART1_IRQHandler) refers to stm32h7xx_hal_uart.o(i.HAL_UART_Receive_IT) for HAL_UART_Receive_IT
    usart.o(i.USART1_IRQHandler) refers to usart.o(.bss) for .bss
    usart.o(i.USART1_IRQHandler) refers to usart.o(.data) for .data
    usart.o(i.uart_init) refers to stm32h7xx_hal_uart.o(i.HAL_UART_Init) for HAL_UART_Init
    usart.o(i.uart_init) refers to stm32h7xx_hal_uart.o(i.HAL_UART_Receive_IT) for HAL_UART_Receive_IT
    usart.o(i.uart_init) refers to usart.o(.bss) for .bss
    usart.o(i.uart_init) refers to usart.o(.data) for .data
    stm32h7xx_hal.o(i.HAL_DeInit) refers to stm32h7xx_hal_msp.o(i.HAL_MspDeInit) for HAL_MspDeInit
    stm32h7xx_hal.o(i.HAL_Delay) refers to stm32h7xx_hal.o(i.HAL_GetTick) for HAL_GetTick
    stm32h7xx_hal.o(i.HAL_Delay) refers to stm32h7xx_hal.o(.data) for .data
    stm32h7xx_hal.o(i.HAL_GetTick) refers to stm32h7xx_hal.o(.data) for .data
    stm32h7xx_hal.o(i.HAL_GetTickFreq) refers to stm32h7xx_hal.o(.data) for .data
    stm32h7xx_hal.o(i.HAL_GetTickPrio) refers to stm32h7xx_hal.o(.data) for .data
[...]
    Removing stm32h7xx_hal_pwr_ex.o(i.HAL_PWREx_EnableUSBReg), (52 bytes).
    Removing stm32h7xx_hal_pwr_ex.o(i.HAL_PWREx_EnableUSBVoltageDetector), (16 bytes).
    Removing stm32h7xx_hal_pwr_ex.o(i.HAL_PWREx_EnableWakeUpPin), (108 bytes).
    Removing stm32h7xx_hal_pwr_ex.o(i.HAL_PWREx_EnterSTANDBYMode), (56 bytes).
    Removing stm32h7xx_hal_pwr_ex.o(i.HAL_PWREx_EnterSTOPMode), (92 bytes).
    Removing stm32h7xx_hal_pwr_ex.o(i.HAL_PWREx_GetStopModeVoltageRange), (16 bytes).
    Removing stm32h7xx_hal_pwr_ex.o(i.HAL_PWREx_GetSupplyConfig), (16 bytes).
    Removing stm32h7xx_hal_pwr_ex.o(i.HAL_PWREx_GetTemperatureLevel), (32 bytes).
    Removing stm32h7xx_hal_pwr_ex.o(i.HAL_PWREx_GetVBATLevel), (32 bytes).
    Removing stm32h7xx_hal_pwr_ex.o(i.HAL_PWREx_GetVoltageRange), (16 bytes).
    Removing stm32h7xx_hal_pwr_ex.o(i.HAL_PWREx_GetWakeupFlag), (12 bytes).
    Removing stm32h7xx_hal_pwr_ex.o(i.HAL_PWREx_PVD_AVD_IRQHandler), (76 bytes).
    Removing stm32h7xx_hal_pwr_ex.o(i.HAL_PWREx_WAKEUP_PIN_IRQHandler), (124 bytes).
    Removing stm32h7xx_hal_pwr_ex.o(i.HAL_PWREx_WKUP1_Callback), (2 bytes).
    Removing stm32h7xx_hal_pwr_ex.o(i.HAL_PWREx_WKUP2_Callback), (2 bytes).
    Removing stm32h7xx_hal_pwr_ex.o(i.HAL_PWREx_WKUP3_Callback), (2 bytes).
    Removing stm32h7xx_hal_pwr_ex.o(i.HAL_PWREx_WKUP4_Callback), (2 bytes).
    Removing stm32h7xx_hal_pwr_ex.o(i.HAL_PWREx_WKUP5_Callback), (2 bytes).
    Removing stm32h7xx_hal_pwr_ex.o(i.HAL_PWREx_WKUP6_Callback), (2 bytes).
    Removing stm32h7xx_hal_rcc.o(.rev16_text), (4 bytes).
    Removing stm32h7xx_hal_rcc.o(.revsh_text), (4 bytes).
    Removing stm32h7xx_hal_rcc.o(.rrx_text), (6 bytes).
    Removing stm32h7xx_hal_rcc.o(i.HAL_RCC_CSSCallback), (2 bytes).
    Removing stm32h7xx_hal_rcc.o(i.HAL_RCC_DeInit), (100 bytes).
    Removing stm32h7xx_hal_rcc.o(i.HAL_RCC_EnableCSS), (16 bytes).
    Removing stm32h7xx_hal_rcc.o(i.HAL_RCC_GetClockConfig), (96 bytes).
    Removing stm32h7xx_hal_rcc.o(i.HAL_RCC_GetOscConfig), (372 bytes).
    Removing stm32h7xx_hal_rcc.o(i.HAL_RCC_MCOConfig), (140 bytes).
    Removing stm32h7xx_hal_rcc.o(i.HAL_RCC_NMI_IRQHandler), (32 bytes).
    Removing stm32h7xx_hal_rcc_ex.o(.rev16_text), (4 bytes).
    Removing stm32h7xx_hal_rcc_ex.o(.revsh_text), (4 bytes).
    Removing stm32h7xx_hal_rcc_ex.o(.rrx_text), (6 bytes).
    Removing stm32h7xx_hal_rcc_ex.o(i.HAL_RCCEx_CRSConfig), (100 bytes).
    Removing stm32h7xx_hal_rcc_ex.o(i.HAL_RCCEx_CRSGetSynchronizationInfo), (76 bytes).
    Removing stm32h7xx_hal_rcc_ex.o(i.HAL_RCCEx_CRSSoftwareSynchronizationGenerate), (16 bytes).
    Removing stm32h7xx_hal_rcc_ex.o(i.HAL_RCCEx_CRSWaitSynchronization), (136 bytes).
    Removing stm32h7xx_hal_rcc_ex.o(i.HAL_RCCEx_CRS_ErrorCallback), (2 bytes).
    Removing stm32h7xx_hal_rcc_ex.o(i.HAL_RCCEx_CRS_ExpectedSyncCallback), (2 bytes).
    Removing stm32h7xx_hal_rcc_ex.o(i.HAL_RCCEx_CRS_IRQHandler), (120 bytes).
    Removing stm32h7xx_hal_rcc_ex.o(i.HAL_RCCEx_CRS_SyncOkCallback), (2 bytes).
    Removing stm32h7xx_hal_rcc_ex.o(i.HAL_RCCEx_CRS_SyncWarnCallback), (2 bytes).
    Removing stm32h7xx_hal_rcc_ex.o(i.HAL_RCCEx_DisableLSECSS), (28 bytes).
    Removing stm32h7xx_hal_rcc_ex.o(i.HAL_RCCEx_EnableLSECSS), (16 bytes).
    Removing stm32h7xx_hal_rcc_ex.o(i.HAL_RCCEx_GetD1PCLK1Freq), (44 bytes).
    Removing stm32h7xx_hal_rcc_ex.o(i.HAL_RCCEx_GetPLL1ClockFreq), (252 bytes).
    Removing stm32h7xx_hal_rcc_ex.o(i.HAL_RCCEx_GetPeriphCLKConfig), (616 bytes).
    Removing stm32h7xx_hal_rcc_ex.o(i.HAL_RCCEx_GetPeriphCLKFreq), (336 bytes).
    Removing stm32h7xx_hal_rcc_ex.o(i.HAL_RCCEx_KerWakeUpStopCLKConfig), (20 bytes).
    Removing stm32h7xx_hal_rcc_ex.o(i.HAL_RCCEx_PeriphCLKConfig), (2224 bytes).
    Removing stm32h7xx_hal_rcc_ex.o(i.HAL_RCCEx_WWDGxSysResetConfig), (16 bytes).
    Removing stm32h7xx_hal_rcc_ex.o(i.HAL_RCCEx_WakeUpStopCLKConfig), (20 bytes).
    Removing stm32h7xx_hal_rcc_ex.o(i.RCCEx_PLL2_Config), (240 bytes).
    Removing stm32h7xx_hal_rcc_ex.o(i.RCCEx_PLL3_Config), (240 bytes).
    Removing stm32h7xx_hal_uart.o(.rev16_text), (4 bytes).
    Removing stm32h7xx_hal_uart.o(.revsh_text), (4 bytes).
    Removing stm32h7xx_hal_uart.o(.rrx_text), (6 bytes).
    Removing stm32h7xx_hal_uart.o(i.HAL_HalfDuplex_EnableReceiver), (60 bytes).
    Removing stm32h7xx_hal_uart.o(i.HAL_HalfDuplex_EnableTransmitter), (60 bytes).
    Removing stm32h7xx_hal_uart.o(i.HAL_HalfDuplex_Init), (116 bytes).
    Removing stm32h7xx_hal_uart.o(i.HAL_LIN_Init), (140 bytes).
    Removing stm32h7xx_hal_uart.o(i.HAL_LIN_SendBreak), (48 bytes).
    Removing stm32h7xx_hal_uart.o(i.HAL_MultiProcessor_DisableMuteMode), (44 bytes).
    Removing stm32h7xx_hal_uart.o(i.HAL_MultiProcessor_EnableMuteMode), (44 bytes).
    Removing stm32h7xx_hal_uart.o(i.HAL_MultiProcessor_EnterMuteMode), (12 bytes).
    Removing stm32h7xx_hal_uart.o(i.HAL_MultiProcessor_Init), (138 bytes).
    Removing stm32h7xx_hal_uart.o(i.HAL_UART_Abort), (120 bytes).
    Removing stm32h7xx_hal_uart.o(i.HAL_UART_AbortCpltCallback), (2 bytes).
    Removing stm32h7xx_hal_uart.o(i.HAL_UART_AbortReceive), (80 bytes).
    Removing stm32h7xx_hal_uart.o(i.HAL_UART_AbortReceiveCpltCallback), (2 bytes).
    Removing stm32h7xx_hal_uart.o(i.HAL_UART_AbortReceive_IT), (112 bytes).
    Removing stm32h7xx_hal_uart.o(i.HAL_UART_AbortTransmit), (70 bytes).
    Removing stm32h7xx_hal_uart.o(i.HAL_UART_AbortTransmitCpltCallback), (2 bytes).
    Removing stm32h7xx_hal_uart.o(i.HAL_UART_AbortTransmit_IT), (96 bytes).
    Removing stm32h7xx_hal_uart.o(i.HAL_UART_Abort_IT), (184 bytes).
    Removing stm32h7xx_hal_uart.o(i.HAL_UART_DMAPause), (98 bytes).
    Removing stm32h7xx_hal_uart.o(i.HAL_UART_DMAResume), (92 bytes).
    Removing stm32h7xx_hal_uart.o(i.HAL_UART_DMAStop), (84 bytes).
    Removing stm32h7xx_hal_uart.o(i.HAL_UART_DeInit), (64 bytes).
    Removing stm32h7xx_hal_uart.o(i.HAL_UART_GetError), (4 bytes).
    Removing stm32h7xx_hal_uart.o(i.HAL_UART_MspDeInit), (2 bytes).
    Removing stm32h7xx_hal_uart.o(i.HAL_UART_MspInit), (2 bytes).
    Removing stm32h7xx_hal_uart.o(i.HAL_UART_Receive), (232 bytes).
    Removing stm32h7xx_hal_uart.o(i.HAL_UART_Receive_DMA), (148 bytes).
    Removing stm32h7xx_hal_uart.o(i.HAL_UART_RxCpltCallback), (2 bytes).
    Removing stm32h7xx_hal_uart.o(i.HAL_UART_RxHalfCpltCallback), (2 bytes).
    Removing stm32h7xx_hal_uart.o(i.HAL_UART_Transmit), (178 bytes).
    Removing stm32h7xx_hal_uart.o(i.HAL_UART_Transmit_DMA), (140 bytes).
    Removing stm32h7xx_hal_uart.o(i.HAL_UART_Transmit_IT), (82 bytes).
    Removing stm32h7xx_hal_uart.o(i.HAL_UART_TxHalfCpltCallback), (2 bytes).
    Removing stm32h7xx_hal_uart.o(i.UART_DMAError), (82 bytes).
    Removing stm32h7xx_hal_uart.o(i.UART_DMAReceiveCplt), (62 bytes).
    Removing stm32h7xx_hal_uart.o(i.UART_DMARxAbortCallback), (52 bytes).
    Removing stm32h7xx_hal_uart.o(i.UART_DMARxHalfCplt), (10 bytes).
    Removing stm32h7xx_hal_uart.o(i.UART_DMARxOnlyAbortCallback), (28 bytes).
    Removing stm32h7xx_hal_uart.o(i.UART_DMATransmitCplt), (48 bytes).
    Removing stm32h7xx_hal_uart.o(i.UART_DMATxAbortCallback), (52 bytes).
    Removing stm32h7xx_hal_uart.o(i.UART_DMATxHalfCplt), (10 bytes).
    Removing stm32h7xx_hal_uart.o(i.UART_DMATxOnlyAbortCallback), (22 bytes).
    Removing stm32h7xx_hal_uart.o(i.UART_EndTxTransfer), (18 bytes).
    Removing stm32h7xx_hal_uart_ex.o(.rev16_text), (4 bytes).
    Removing stm32h7xx_hal_uart_ex.o(.revsh_text), (4 bytes).
    Removing stm32h7xx_hal_uart_ex.o(.rrx_text), (6 bytes).
    Removing stm32h7xx_hal_uart_ex.o(i.HAL_MultiProcessorEx_AddressLength_Set), (48 bytes).
    Removing stm32h7xx_hal_uart_ex.o(i.HAL_RS485Ex_Init), (140 bytes).
    Removing stm32h7xx_hal_uart_ex.o(i.HAL_UARTEx_DisableStopMode), (48 bytes).
    Removing stm32h7xx_hal_uart_ex.o(i.HAL_UARTEx_EnableStopMode), (48 bytes).
    Removing stm32h7xx_hal_uart_ex.o(i.HAL_UARTEx_StopModeWakeUpSourceConfig), (224 bytes).
    Removing stm32h7xx_hal_usart.o(.rev16_text), (4 bytes).
    Removing stm32h7xx_hal_usart.o(.revsh_text), (4 bytes).
    Removing stm32h7xx_hal_usart.o(.rrx_text), (6 bytes).
    Removing stm32h7xx_hal_usart.o(i.HAL_USART_Abort), (116 bytes).
    Removing stm32h7xx_hal_usart.o(i.HAL_USART_AbortCpltCallback), (2 bytes).
    Removing stm32h7xx_hal_usart.o(i.HAL_USART_Abort_IT), (180 bytes).
    Removing stm32h7xx_hal_usart.o(i.HAL_USART_DMAPause), (122 bytes).
    Removing stm32h7xx_hal_usart.o(i.HAL_USART_DMAResume), (102 bytes).
    Removing stm32h7xx_hal_usart.o(i.HAL_USART_DMAStop), (56 bytes).
    Removing stm32h7xx_hal_usart.o(i.HAL_USART_DeInit), (50 bytes).
    Removing stm32h7xx_hal_usart.o(i.HAL_USART_ErrorCallback), (2 bytes).
    Removing stm32h7xx_hal_usart.o(i.HAL_USART_GetError), (4 bytes).
    Removing stm32h7xx_hal_usart.o(i.HAL_USART_GetState), (6 bytes).
    Removing stm32h7xx_hal_usart.o(i.HAL_USART_IRQHandler), (452 bytes).
    Removing stm32h7xx_hal_usart.o(i.HAL_USART_Init), (192 bytes).
    Removing stm32h7xx_hal_usart.o(i.HAL_USART_MspDeInit), (2 bytes).
    Removing stm32h7xx_hal_usart.o(i.HAL_USART_MspInit), (2 bytes).
    Removing stm32h7xx_hal_usart.o(i.HAL_USART_Receive), (256 bytes).
    Removing stm32h7xx_hal_usart.o(i.HAL_USART_Receive_DMA), (192 bytes).
    Removing stm32h7xx_hal_usart.o(i.HAL_USART_Receive_IT), (190 bytes).
    Removing stm32h7xx_hal_usart.o(i.HAL_USART_RxCpltCallback), (2 bytes).
    Removing stm32h7xx_hal_usart.o(i.HAL_USART_RxHalfCpltCallback), (2 bytes).
    Removing stm32h7xx_hal_usart.o(i.HAL_USART_Transmit), (178 bytes).
    Removing stm32h7xx_hal_usart.o(i.HAL_USART_TransmitReceive), (430 bytes).
    Removing stm32h7xx_hal_usart.o(i.HAL_USART_TransmitReceive_DMA), (212 bytes).
    Removing stm32h7xx_hal_usart.o(i.HAL_USART_TransmitReceive_IT), (180 bytes).
    Removing stm32h7xx_hal_usart.o(i.HAL_USART_Transmit_DMA), (136 bytes).
    Removing stm32h7xx_hal_usart.o(i.HAL_USART_Transmit_IT), (82 bytes).
    Removing stm32h7xx_hal_usart.o(i.HAL_USART_TxCpltCallback), (2 bytes).
    Removing stm32h7xx_hal_usart.o(i.HAL_USART_TxHalfCpltCallback), (2 bytes).
    Removing stm32h7xx_hal_usart.o(i.HAL_USART_TxRxCpltCallback), (2 bytes).
    Removing stm32h7xx_hal_usart.o(i.USART_DMAAbortOnError), (20 bytes).
    Removing stm32h7xx_hal_usart.o(i.USART_DMAError), (42 bytes).
    Removing stm32h7xx_hal_usart.o(i.USART_DMAReceiveCplt), (108 bytes).
    Removing stm32h7xx_hal_usart.o(i.USART_DMARxAbortCallback), (48 bytes).
    Removing stm32h7xx_hal_usart.o(i.USART_DMARxHalfCplt), (10 bytes).
    Removing stm32h7xx_hal_usart.o(i.USART_DMATransmitCplt), (64 bytes).
    Removing stm32h7xx_hal_usart.o(i.USART_DMATxAbortCallback), (48 bytes).
    Removing stm32h7xx_hal_usart.o(i.USART_DMATxHalfCplt), (10 bytes).
    Removing stm32h7xx_hal_usart.o(i.USART_EndTransfer), (32 bytes).
    Removing stm32h7xx_hal_usart.o(i.USART_Receive_IT), (108 bytes).
    Removing stm32h7xx_hal_usart.o(i.USART_SetConfig), (472 bytes).
    Removing stm32h7xx_hal_usart.o(i.USART_TransmitReceive_IT), (214 bytes).
    Removing stm32h7xx_hal_usart.o(i.USART_Transmit_IT), (100 bytes).
    Removing stm32h7xx_hal_usart.o(i.USART_WaitOnFlagUntilTimeout), (94 bytes).
    Removing stm32h7xx_hal_usart.o(.constdata), (24 bytes).
    Removing stm32h7xx_ll_fmc.o(.rev16_text), (4 bytes).
    Removing stm32h7xx_ll_fmc.o(.revsh_text), (4 bytes).
    Removing stm32h7xx_ll_fmc.o(.rrx_text), (6 bytes).
    Removing stm32h7xx_ll_fmc.o(i.FMC_NAND_AttributeSpace_Timing_Init), (28 bytes).
    Removing stm32h7xx_ll_fmc.o(i.FMC_NAND_CommonSpace_Timing_Init), (28 bytes).
    Removing stm32h7xx_ll_fmc.o(i.FMC_NAND_DeInit), (28 bytes).
    Removing stm32h7xx_ll_fmc.o(i.FMC_NAND_ECC_Disable), (12 bytes).
    Removing stm32h7xx_ll_fmc.o(i.FMC_NAND_ECC_Enable), (12 bytes).
    Removing stm32h7xx_ll_fmc.o(i.FMC_NAND_GetECC), (56 bytes).
    Removing stm32h7xx_ll_fmc.o(i.FMC_NAND_Init), (48 bytes).
    Removing stm32h7xx_ll_fmc.o(i.FMC_NORSRAM_DeInit), (48 bytes).
    Removing stm32h7xx_ll_fmc.o(i.FMC_NORSRAM_Extended_Timing_Init), (64 bytes).
    Removing stm32h7xx_ll_fmc.o(i.FMC_NORSRAM_Init), (120 bytes).
    Removing stm32h7xx_ll_fmc.o(i.FMC_NORSRAM_Timing_Init), (92 bytes).
    Removing stm32h7xx_ll_fmc.o(i.FMC_NORSRAM_WriteOperation_Disable), (16 bytes).
    Removing stm32h7xx_ll_fmc.o(i.FMC_NORSRAM_WriteOperation_Enable), (16 bytes).
    Removing stm32h7xx_ll_fmc.o(i.FMC_SDRAM_DeInit), (30 bytes).
    Removing stm32h7xx_ll_fmc.o(i.FMC_SDRAM_GetModeStatus), (18 bytes).
    Removing stm32h7xx_ll_fmc.o(i.FMC_SDRAM_Init), (80 bytes).
    Removing stm32h7xx_ll_fmc.o(i.FMC_SDRAM_ProgramRefreshRate), (12 bytes).
    Removing stm32h7xx_ll_fmc.o(i.FMC_SDRAM_SendCommand), (34 bytes).
    Removing stm32h7xx_ll_fmc.o(i.FMC_SDRAM_SetAutoRefreshNumber), (12 bytes).
    Removing stm32h7xx_ll_fmc.o(i.FMC_SDRAM_Timing_Init), (128 bytes).
    Removing stm32h7xx_ll_fmc.o(i.FMC_SDRAM_WriteProtection_Disable), (16 bytes).
    Removing stm32h7xx_ll_fmc.o(i.FMC_SDRAM_WriteProtection_Enable), (16 bytes).
    Removing stm32h7xx_hal_ltdc.o(.rev16_text), (4 bytes).
    Removing stm32h7xx_hal_ltdc.o(.revsh_text), (4 bytes).
    Removing stm32h7xx_hal_ltdc.o(.rrx_text), (6 bytes).
    Removing stm32h7xx_hal_ltdc.o(i.HAL_LTDC_ConfigCLUT), (116 bytes).
    Removing stm32h7xx_hal_ltdc.o(i.HAL_LTDC_ConfigColorKeying), (64 bytes).
    Removing stm32h7xx_hal_ltdc.o(i.HAL_LTDC_ConfigColorKeying_NoReload), (60 bytes).
    Removing stm32h7xx_hal_ltdc.o(i.HAL_LTDC_ConfigLayer), (82 bytes).
    Removing stm32h7xx_hal_ltdc.o(i.HAL_LTDC_ConfigLayer_NoReload), (78 bytes).
    Removing stm32h7xx_hal_ltdc.o(i.HAL_LTDC_DeInit), (24 bytes).
    Removing stm32h7xx_hal_ltdc.o(i.HAL_LTDC_DisableCLUT), (60 bytes).
    Removing stm32h7xx_hal_ltdc.o(i.HAL_LTDC_DisableCLUT_NoReload), (54 bytes).
    Removing stm32h7xx_hal_ltdc.o(i.HAL_LTDC_DisableColorKeying), (60 bytes).
    Removing stm32h7xx_hal_ltdc.o(i.HAL_LTDC_DisableColorKeying_NoReload), (54 bytes).
    Removing stm32h7xx_hal_ltdc.o(i.HAL_LTDC_DisableDither), (52 bytes).
    Removing stm32h7xx_hal_ltdc.o(i.HAL_LTDC_EnableCLUT), (60 bytes).
    Removing stm32h7xx_hal_ltdc.o(i.HAL_LTDC_EnableCLUT_NoReload), (54 bytes).
    Removing stm32h7xx_hal_ltdc.o(i.HAL_LTDC_EnableColorKeying), (60 bytes).
    Removing stm32h7xx_hal_ltdc.o(i.HAL_LTDC_EnableColorKeying_NoReload), (54 bytes).
    Removing stm32h7xx_hal_ltdc.o(i.HAL_LTDC_EnableDither), (52 bytes).
    Removing stm32h7xx_hal_ltdc.o(i.HAL_LTDC_ErrorCallback), (2 bytes).
    Removing stm32h7xx_hal_ltdc.o(i.HAL_LTDC_GetError), (6 bytes).
    Removing stm32h7xx_hal_ltdc.o(i.HAL_LTDC_GetState), (6 bytes).
    Removing stm32h7xx_hal_ltdc.o(i.HAL_LTDC_IRQHandler), (206 bytes).
    Removing stm32h7xx_hal_ltdc.o(i.HAL_LTDC_Init), (244 bytes).
    Removing stm32h7xx_hal_ltdc.o(i.HAL_LTDC_LineEventCallback), (2 bytes).
    Removing stm32h7xx_hal_ltdc.o(i.HAL_LTDC_MspDeInit), (2 bytes).
    Removing stm32h7xx_hal_ltdc.o(i.HAL_LTDC_MspInit), (2 bytes).
    Removing stm32h7xx_hal_ltdc.o(i.HAL_LTDC_ProgramLineEvent), (68 bytes).
    Removing stm32h7xx_hal_ltdc.o(i.HAL_LTDC_Reload), (54 bytes).
    Removing stm32h7xx_hal_ltdc.o(i.HAL_LTDC_ReloadEventCallback), (2 bytes).
    Removing stm32h7xx_hal_ltdc.o(i.HAL_LTDC_SetAddress), (68 bytes).
    Removing stm32h7xx_hal_ltdc.o(i.HAL_LTDC_SetAddress_NoReload), (64 bytes).
    Removing stm32h7xx_hal_ltdc.o(i.HAL_LTDC_SetAlpha), (68 bytes).
    Removing stm32h7xx_hal_ltdc.o(i.HAL_LTDC_SetAlpha_NoReload), (64 bytes).
    Removing stm32h7xx_hal_ltdc.o(i.HAL_LTDC_SetPitch), (144 bytes).
    Removing stm32h7xx_hal_ltdc.o(i.HAL_LTDC_SetPitch_NoReload), (124 bytes).
    Removing stm32h7xx_hal_ltdc.o(i.HAL_LTDC_SetPixelFormat), (68 bytes).
    Removing stm32h7xx_hal_ltdc.o(i.HAL_LTDC_SetPixelFormat_NoReload), (64 bytes).
    Removing stm32h7xx_hal_ltdc.o(i.HAL_LTDC_SetWindowPosition), (84 bytes).
    Removing stm32h7xx_hal_ltdc.o(i.HAL_LTDC_SetWindowPosition_NoReload), (80 bytes).
    Removing stm32h7xx_hal_ltdc.o(i.HAL_LTDC_SetWindowSize), (84 bytes).
    Removing stm32h7xx_hal_ltdc.o(i.HAL_LTDC_SetWindowSize_NoReload), (80 bytes).
    Removing stm32h7xx_hal_ltdc.o(i.LTDC_SetConfig), (354 bytes).
    Removing stm32h7xx_hal_sdram.o(.rev16_text), (4 bytes).
    Removing stm32h7xx_hal_sdram.o(.revsh_text), (4 bytes).
    Removing stm32h7xx_hal_sdram.o(.rrx_text), (6 bytes).
    Removing stm32h7xx_hal_sdram.o(i.HAL_SDRAM_DMA_XferCpltCallback), (2 bytes).
    Removing stm32h7xx_hal_sdram.o(i.HAL_SDRAM_DMA_XferErrorCallback), (2 bytes).
    Removing stm32h7xx_hal_sdram.o(i.HAL_SDRAM_DeInit), (28 bytes).
    Removing stm32h7xx_hal_sdram.o(i.HAL_SDRAM_GetModeStatus), (8 bytes).
    Removing stm32h7xx_hal_sdram.o(i.HAL_SDRAM_GetState), (6 bytes).
    Removing stm32h7xx_hal_sdram.o(i.HAL_SDRAM_IRQHandler), (30 bytes).
    Removing stm32h7xx_hal_sdram.o(i.HAL_SDRAM_Init), (80 bytes).
    Removing stm32h7xx_hal_sdram.o(i.HAL_SDRAM_MspDeInit), (2 bytes).
    Removing stm32h7xx_hal_sdram.o(i.HAL_SDRAM_MspInit), (2 bytes).
    Removing stm32h7xx_hal_sdram.o(i.HAL_SDRAM_ProgramRefreshRate), (34 bytes).
    Removing stm32h7xx_hal_sdram.o(i.HAL_SDRAM_Read_16b), (66 bytes).
    Removing stm32h7xx_hal_sdram.o(i.HAL_SDRAM_Read_32b), (62 bytes).
    Removing stm32h7xx_hal_sdram.o(i.HAL_SDRAM_Read_8b), (66 bytes).
    Removing stm32h7xx_hal_sdram.o(i.HAL_SDRAM_Read_DMA), (76 bytes).
    Removing stm32h7xx_hal_sdram.o(i.HAL_SDRAM_RefreshErrorCallback), (2 bytes).
    Removing stm32h7xx_hal_sdram.o(i.HAL_SDRAM_SendCommand), (46 bytes).
    Removing stm32h7xx_hal_sdram.o(i.HAL_SDRAM_SetAutoRefreshNumber), (34 bytes).
    Removing stm32h7xx_hal_sdram.o(i.HAL_SDRAM_WriteProtection_Disable), (36 bytes).
    Removing stm32h7xx_hal_sdram.o(i.HAL_SDRAM_WriteProtection_Enable), (36 bytes).
    Removing stm32h7xx_hal_sdram.o(i.HAL_SDRAM_Write_16b), (66 bytes).
    Removing stm32h7xx_hal_sdram.o(i.HAL_SDRAM_Write_32b), (62 bytes).
    Removing stm32h7xx_hal_sdram.o(i.HAL_SDRAM_Write_8b), (66 bytes).
    Removing stm32h7xx_hal_sdram.o(i.HAL_SDRAM_Write_DMA), (88 bytes).
    Removing stm32h7xx_hal_sram.o(.rev16_text), (4 bytes).
    Removing stm32h7xx_hal_sram.o(.revsh_text), (4 bytes).
    Removing stm32h7xx_hal_sram.o(.rrx_text), (6 bytes).
    Removing stm32h7xx_hal_sram.o(i.HAL_SRAM_DMA_XferCpltCallback), (2 bytes).
    Removing stm32h7xx_hal_sram.o(i.HAL_SRAM_DMA_XferErrorCallback), (2 bytes).
    Removing stm32h7xx_hal_sram.o(i.HAL_SRAM_DeInit), (28 bytes).
    Removing stm32h7xx_hal_sram.o(i.HAL_SRAM_GetState), (6 bytes).
    Removing stm32h7xx_hal_sram.o(i.HAL_SRAM_Init), (100 bytes).
    Removing stm32h7xx_hal_sram.o(i.HAL_SRAM_MspDeInit), (2 bytes).
    Removing stm32h7xx_hal_sram.o(i.HAL_SRAM_MspInit), (2 bytes).
    Removing stm32h7xx_hal_sram.o(i.HAL_SRAM_Read_16b), (54 bytes).
    Removing stm32h7xx_hal_sram.o(i.HAL_SRAM_Read_32b), (50 bytes).
    Removing stm32h7xx_hal_sram.o(i.HAL_SRAM_Read_8b), (54 bytes).
    Removing stm32h7xx_hal_sram.o(i.HAL_SRAM_Read_DMA), (72 bytes).
    Removing stm32h7xx_hal_sram.o(i.HAL_SRAM_WriteOperation_Disable), (48 bytes).
    Removing stm32h7xx_hal_sram.o(i.HAL_SRAM_WriteOperation_Enable), (42 bytes).
    Removing stm32h7xx_hal_sram.o(i.HAL_SRAM_Write_16b), (66 bytes).
    Removing stm32h7xx_hal_sram.o(i.HAL_SRAM_Write_32b), (62 bytes).
    Removing stm32h7xx_hal_sram.o(i.HAL_SRAM_Write_8b), (66 bytes).
    Removing stm32h7xx_hal_sram.o(i.HAL_SRAM_Write_DMA), (88 bytes).
    Removing stm32h7xx_hal_mdma.o(.rev16_text), (4 bytes).
    Removing stm32h7xx_hal_mdma.o(.revsh_text), (4 bytes).
    Removing stm32h7xx_hal_mdma.o(.rrx_text), (6 bytes).
    Removing stm32h7xx_hal_mdma.o(i.HAL_MDMA_Abort), (114 bytes).
    Removing stm32h7xx_hal_mdma.o(i.HAL_MDMA_Abort_IT), (38 bytes).
    Removing stm32h7xx_hal_mdma.o(i.HAL_MDMA_ConfigPostRequestMask), (86 bytes).
    Removing stm32h7xx_hal_mdma.o(i.HAL_MDMA_DeInit), (100 bytes).
    Removing stm32h7xx_hal_mdma.o(i.HAL_MDMA_GenerateSWRequest), (48 bytes).
    Removing stm32h7xx_hal_mdma.o(i.HAL_MDMA_GetError), (4 bytes).
    Removing stm32h7xx_hal_mdma.o(i.HAL_MDMA_GetState), (6 bytes).
    Removing stm32h7xx_hal_mdma.o(i.HAL_MDMA_IRQHandler), (372 bytes).
    Removing stm32h7xx_hal_mdma.o(i.HAL_MDMA_Init), (94 bytes).
    Removing stm32h7xx_hal_mdma.o(i.HAL_MDMA_LinkedList_AddNode), (204 bytes).
    Removing stm32h7xx_hal_mdma.o(i.HAL_MDMA_LinkedList_CreateNode), (292 bytes).
    Removing stm32h7xx_hal_mdma.o(i.HAL_MDMA_LinkedList_DisableCircularMode), (76 bytes).
    Removing stm32h7xx_hal_mdma.o(i.HAL_MDMA_LinkedList_EnableCircularMode), (76 bytes).
    Removing stm32h7xx_hal_mdma.o(i.HAL_MDMA_LinkedList_RemoveNode), (186 bytes).
    Removing stm32h7xx_hal_mdma.o(i.HAL_MDMA_PollForTransfer), (238 bytes).
    Removing stm32h7xx_hal_mdma.o(i.HAL_MDMA_RegisterCallback), (86 bytes).
    Removing stm32h7xx_hal_mdma.o(i.HAL_MDMA_Start), (102 bytes).
    Removing stm32h7xx_hal_mdma.o(i.HAL_MDMA_Start_IT), (154 bytes).
    Removing stm32h7xx_hal_mdma.o(i.HAL_MDMA_UnRegisterCallback), (102 bytes).
    Removing stm32h7xx_hal_mdma.o(i.MDMA_Init), (212 bytes).
    Removing stm32h7xx_hal_mdma.o(i.MDMA_SetConfig), (128 bytes).
    Removing stm32h7xx_hal_spi.o(.rev16_text), (4 bytes).
    Removing stm32h7xx_hal_spi.o(.revsh_text), (4 bytes).
    Removing stm32h7xx_hal_spi.o(.rrx_text), (6 bytes).
    Removing stm32h7xx_hal_spi.o(i.HAL_SPI_Abort), (220 bytes).
    Removing stm32h7xx_hal_spi.o(i.HAL_SPI_AbortCpltCallback), (2 bytes).
    Removing stm32h7xx_hal_spi.o(i.HAL_SPI_Abort_IT), (256 bytes).
    Removing stm32h7xx_hal_spi.o(i.HAL_SPI_DMAPause), (16 bytes).
    Removing stm32h7xx_hal_spi.o(i.HAL_SPI_DMAResume), (16 bytes).
    Removing stm32h7xx_hal_spi.o(i.HAL_SPI_DMAStop), (16 bytes).
    Removing stm32h7xx_hal_spi.o(i.HAL_SPI_DeInit), (48 bytes).
    Removing stm32h7xx_hal_spi.o(i.HAL_SPI_ErrorCallback), (2 bytes).
    Removing stm32h7xx_hal_spi.o(i.HAL_SPI_GetError), (6 bytes).
    Removing stm32h7xx_hal_spi.o(i.HAL_SPI_GetState), (6 bytes).
    Removing stm32h7xx_hal_spi.o(i.HAL_SPI_IRQHandler), (508 bytes).
    Removing stm32h7xx_hal_spi.o(i.HAL_SPI_Init), (480 bytes).
    Removing stm32h7xx_hal_spi.o(i.HAL_SPI_MspDeInit), (2 bytes).
    Removing stm32h7xx_hal_spi.o(i.HAL_SPI_MspInit), (2 bytes).
    Removing stm32h7xx_hal_spi.o(i.HAL_SPI_Receive), (572 bytes).
    Removing stm32h7xx_hal_spi.o(i.HAL_SPI_Receive_DMA), (372 bytes).
    Removing stm32h7xx_hal_spi.o(i.HAL_SPI_Receive_IT), (216 bytes).
    Removing stm32h7xx_hal_spi.o(i.HAL_SPI_RxCpltCallback), (2 bytes).
    Removing stm32h7xx_hal_spi.o(i.HAL_SPI_RxHalfCpltCallback), (2 bytes).
    Removing stm32h7xx_hal_spi.o(i.HAL_SPI_Transmit), (544 bytes).
    Removing stm32h7xx_hal_spi.o(i.HAL_SPI_TransmitReceive), (792 bytes).
    Removing stm32h7xx_hal_spi.o(i.HAL_SPI_TransmitReceive_DMA), (480 bytes).
    Removing stm32h7xx_hal_spi.o(i.HAL_SPI_TransmitReceive_IT), (228 bytes).
    Removing stm32h7xx_hal_spi.o(i.HAL_SPI_Transmit_DMA), (340 bytes).
    Removing stm32h7xx_hal_spi.o(i.HAL_SPI_Transmit_IT), (192 bytes).
    Removing stm32h7xx_hal_spi.o(i.HAL_SPI_TxCpltCallback), (2 bytes).
    Removing stm32h7xx_hal_spi.o(i.HAL_SPI_TxHalfCpltCallback), (2 bytes).
    Removing stm32h7xx_hal_spi.o(i.HAL_SPI_TxRxCpltCallback), (2 bytes).
    Removing stm32h7xx_hal_spi.o(i.HAL_SPI_TxRxHalfCpltCallback), (2 bytes).
    Removing stm32h7xx_hal_spi.o(i.SPI_2linesRxISR_16BIT), (44 bytes).
    Removing stm32h7xx_hal_spi.o(i.SPI_2linesRxISR_32BIT), (44 bytes).
    Removing stm32h7xx_hal_spi.o(i.SPI_2linesRxISR_8BIT), (46 bytes).
    Removing stm32h7xx_hal_spi.o(i.SPI_2linesTxISR_16BIT), (44 bytes).
    Removing stm32h7xx_hal_spi.o(i.SPI_2linesTxISR_32BIT), (44 bytes).
    Removing stm32h7xx_hal_spi.o(i.SPI_2linesTxISR_8BIT), (46 bytes).
    Removing stm32h7xx_hal_spi.o(i.SPI_AbortTransfer), (124 bytes).
    Removing stm32h7xx_hal_spi.o(i.SPI_CloseTransfer), (222 bytes).
    Removing stm32h7xx_hal_spi.o(i.SPI_DMAAbortOnError), (26 bytes).
    Removing stm32h7xx_hal_spi.o(i.SPI_DMAError), (44 bytes).
    Removing stm32h7xx_hal_spi.o(i.SPI_DMAHalfReceiveCplt), (10 bytes).
    Removing stm32h7xx_hal_spi.o(i.SPI_DMAHalfTransmitCplt), (10 bytes).
    Removing stm32h7xx_hal_spi.o(i.SPI_DMAHalfTransmitReceiveCplt), (10 bytes).
    Removing stm32h7xx_hal_spi.o(i.SPI_DMAReceiveCplt), (40 bytes).
    Removing stm32h7xx_hal_spi.o(i.SPI_DMARxAbortCallback), (40 bytes).
    Removing stm32h7xx_hal_spi.o(i.SPI_DMATransmitCplt), (40 bytes).
    Removing stm32h7xx_hal_spi.o(i.SPI_DMATransmitReceiveCplt), (40 bytes).
    Removing stm32h7xx_hal_spi.o(i.SPI_DMATxAbortCallback), (40 bytes).
    Removing stm32h7xx_hal_spi.o(i.SPI_RxISR_16BIT), (44 bytes).
    Removing stm32h7xx_hal_spi.o(i.SPI_RxISR_32BIT), (44 bytes).
    Removing stm32h7xx_hal_spi.o(i.SPI_RxISR_8BIT), (46 bytes).
    Removing stm32h7xx_hal_spi.o(i.SPI_TxISR_16BIT), (44 bytes).
    Removing stm32h7xx_hal_spi.o(i.SPI_TxISR_32BIT), (44 bytes).
    Removing stm32h7xx_hal_spi.o(i.SPI_TxISR_8BIT), (46 bytes).
    Removing stm32h7xx_hal_spi.o(i.SPI_WaitOnFlagUntilTimeout), (64 bytes).
    Removing led.o(.rev16_text), (4 bytes).
    Removing led.o(.revsh_text), (4 bytes).
    Removing led.o(.rrx_text), (6 bytes).
    Removing key.o(.rev16_text), (4 bytes).
    Removing key.o(.revsh_text), (4 bytes).
    Removing key.o(.rrx_text), (6 bytes).
    Removing key.o(i.KEY_Init), (96 bytes).
    Removing key.o(i.KEY_Scan), (132 bytes).
    Removing key.o(.data), (1 bytes).
    Removing spi.o(.rev16_text), (4 bytes).
    Removing spi.o(.revsh_text), (4 bytes).
    Removing spi.o(.rrx_text), (6 bytes).
    Removing spi.o(i.HAL_SPI_MspInit), (100 bytes).
    Removing spi.o(i.SPI2_Init), (92 bytes).
    Removing spi.o(i.SPI2_ReadWriteByte), (32 bytes).
    Removing spi.o(i.SPI2_SetSpeed), (48 bytes).
    Removing spi.o(.bss), (136 bytes).
    Removing gui.o(.rev16_text), (4 bytes).
    Removing gui.o(.revsh_text), (4 bytes).
    Removing gui.o(.rrx_text), (6 bytes).
    Removing gui.o(i.DisplayButtonDown), (118 bytes).
    Removing gui.o(i.Gui_DrawFont_GBK24), (384 bytes).
    Removing gui.o(i.Gui_box), (120 bytes).
    Removing gui.o(i.Gui_box2), (216 bytes).
    Removing gui.o(.constdata), (40960 bytes).
    Removing lcd_driver.o(.rev16_text), (4 bytes).
    Removing lcd_driver.o(.revsh_text), (4 bytes).
    Removing lcd_driver.o(.rrx_text), (6 bytes).
    Removing lcd_driver.o(i.LCD_WriteData_16Bit), (60 bytes).

544 unused section(s) (total 78719 bytes) removed from the image.

==============================================================================

Image Symbol Table

    Local Symbols

    Symbol Name                              Value     Ov Type        Size  Object(Section)

    ../clib/microlib/division.c              0x00000000   Number         0  uldiv.o ABSOLUTE
    ../clib/microlib/init/entry.s            0x00000000   Number         0  entry10a.o ABSOLUTE
    ../clib/microlib/init/entry.s            0x00000000   Number         0  entry7a.o ABSOLUTE
    ../clib/microlib/init/entry.s            0x00000000   Number         0  entry7b.o ABSOLUTE
    ../clib/microlib/init/entry.s            0x00000000   Number         0  entry5.o ABSOLUTE
    ../clib/microlib/init/entry.s            0x00000000   Number         0  entry2.o ABSOLUTE
    ../clib/microlib/init/entry.s            0x00000000   Number         0  entry11b.o ABSOLUTE
    ../clib/microlib/init/entry.s            0x00000000   Number         0  entry11a.o ABSOLUTE
    ../clib/microlib/init/entry.s            0x00000000   Number         0  entry10b.o ABSOLUTE
    ../clib/microlib/init/entry.s            0x00000000   Number         0  entry.o ABSOLUTE
    ../clib/microlib/init/entry.s            0x00000000   Number         0  entry9b.o ABSOLUTE
    ../clib/microlib/init/entry.s            0x00000000   Number         0  entry9a.o ABSOLUTE
    ../clib/microlib/init/entry.s            0x00000000   Number         0  entry8b.o ABSOLUTE
    ../clib/microlib/init/entry.s            0x00000000   Number         0  entry8a.o ABSOLUTE
    ../clib/microlib/longlong.c              0x00000000   Number         0  llushr.o ABSOLUTE
    ../clib/microlib/longlong.c              0x00000000   Number         0  llshl.o ABSOLUTE
    ../clib/microlib/string/memcpy.c         0x00000000   Number         0  memcpya.o ABSOLUTE
    ../clib/microlib/string/memcpy.c         0x00000000   Number         0  memcpyb.o ABSOLUTE
    ../clib/microlib/stubs.s                 0x00000000   Number         0  useno.o ABSOLUTE
    ..\CORE\startup_stm32h750xx.s            0x00000000   Number         0  startup_stm32h750xx.o ABSOLUTE
    ..\HALLIB\STM32H7xx_HAL_Driver\Src\stm32h7xx_hal.c 0x00000000   Number         0  stm32h7xx_hal.o ABSOLUTE
    ..\HALLIB\STM32H7xx_HAL_Driver\Src\stm32h7xx_hal_cortex.c 0x00000000   Number         0  stm32h7xx_hal_cortex.o ABSOLUTE
    ..\HALLIB\STM32H7xx_HAL_Driver\Src\stm32h7xx_hal_dma.c 0x00000000   Number         0  stm32h7xx_hal_dma.o ABSOLUTE
    ..\HALLIB\STM32H7xx_HAL_Driver\Src\stm32h7xx_hal_gpio.c 0x00000000   Number         0  stm32h7xx_hal_gpio.o ABSOLUTE
    ..\HALLIB\STM32H7xx_HAL_Driver\Src\stm32h7xx_hal_ltdc.c 0x00000000   Number         0  stm32h7xx_hal_ltdc.o ABSOLUTE
    ..\HALLIB\STM32H7xx_HAL_Driver\Src\stm32h7xx_hal_mdma.c 0x00000000   Number         0  stm32h7xx_hal_mdma.o ABSOLUTE
    ..\HALLIB\STM32H7xx_HAL_Driver\Src\stm32h7xx_hal_pwr.c 0x00000000   Number         0  stm32h7xx_hal_pwr.o ABSOLUTE
    ..\HALLIB\STM32H7xx_HAL_Driver\Src\stm32h7xx_hal_pwr_ex.c 0x00000000   Number         0  stm32h7xx_hal_pwr_ex.o ABSOLUTE
    ..\HALLIB\STM32H7xx_HAL_Driver\Src\stm32h7xx_hal_rcc.c 0x00000000   Number         0  stm32h7xx_hal_rcc.o ABSOLUTE
    ..\HALLIB\STM32H7xx_HAL_Driver\Src\stm32h7xx_hal_rcc_ex.c 0x00000000   Number         0  stm32h7xx_hal_rcc_ex.o ABSOLUTE
    ..\HALLIB\STM32H7xx_HAL_Driver\Src\stm32h7xx_hal_sdram.c 0x00000000   Number         0  stm32h7xx_hal_sdram.o ABSOLUTE
    ..\HALLIB\STM32H7xx_HAL_Driver\Src\stm32h7xx_hal_spi.c 0x00000000   Number         0  stm32h7xx_hal_spi.o ABSOLUTE
    ..\HALLIB\STM32H7xx_HAL_Driver\Src\stm32h7xx_hal_sram.c 0x00000000   Number         0  stm32h7xx_hal_sram.o ABSOLUTE
    ..\HALLIB\STM32H7xx_HAL_Driver\Src\stm32h7xx_hal_uart.c 0x00000000   Number         0  stm32h7xx_hal_uart.o ABSOLUTE
    ..\HALLIB\STM32H7xx_HAL_Driver\Src\stm32h7xx_hal_uart_ex.c 0x00000000   Number         0  stm32h7xx_hal_uart_ex.o ABSOLUTE
    ..\HALLIB\STM32H7xx_HAL_Driver\Src\stm32h7xx_hal_usart.c 0x00000000   Number         0  stm32h7xx_hal_usart.o ABSOLUTE
    ..\HALLIB\STM32H7xx_HAL_Driver\Src\stm32h7xx_ll_fmc.c 0x00000000   Number         0  stm32h7xx_ll_fmc.o ABSOLUTE
    ..\HARDWARE\KEY\key.c                    0x00000000   Number         0  key.o ABSOLUTE
    ..\HARDWARE\LED\led.c                    0x00000000   Number         0  led.o ABSOLUTE
    ..\HARDWARE\SPI\spi.c                    0x00000000   Number         0  spi.o ABSOLUTE
    ..\HARDWARE\TFT180\GUI.c                 0x00000000   Number         0  gui.o ABSOLUTE
    ..\HARDWARE\TFT180\Lcd_Driver.c          0x00000000   Number         0  lcd_driver.o ABSOLUTE
    ..\SYSTEM\delay\delay.c                  0x00000000   Number         0  delay.o ABSOLUTE
    ..\SYSTEM\sys\sys.c                      0x00000000   Number         0  sys.o ABSOLUTE
    ..\SYSTEM\usart\usart.c                  0x00000000   Number         0  usart.o ABSOLUTE
    ..\\HALLIB\\STM32H7xx_HAL_Driver\\Src\\stm32h7xx_hal.c 0x00000000   Number         0  stm32h7xx_hal.o ABSOLUTE
    ..\\HALLIB\\STM32H7xx_HAL_Driver\\Src\\stm32h7xx_hal_cortex.c 0x00000000   Number         0  stm32h7xx_hal_cortex.o ABSOLUTE
    ..\\HALLIB\\STM32H7xx_HAL_Driver\\Src\\stm32h7xx_hal_dma.c 0x00000000   Number         0  stm32h7xx_hal_dma.o ABSOLUTE
    ..\\HALLIB\\STM32H7xx_HAL_Driver\\Src\\stm32h7xx_hal_gpio.c 0x00000000   Number         0  stm32h7xx_hal_gpio.o ABSOLUTE
    ..\\HALLIB\\STM32H7xx_HAL_Driver\\Src\\stm32h7xx_hal_ltdc.c 0x00000000   Number         0  stm32h7xx_hal_ltdc.o ABSOLUTE
    ..\\HALLIB\\STM32H7xx_HAL_Driver\\Src\\stm32h7xx_hal_mdma.c 0x00000000   Number         0  stm32h7xx_hal_mdma.o ABSOLUTE
    ..\\HALLIB\\STM32H7xx_HAL_Driver\\Src\\stm32h7xx_hal_pwr.c 0x00000000   Number         0  stm32h7xx_hal_pwr.o ABSOLUTE
    ..\\HALLIB\\STM32H7xx_HAL_Driver\\Src\\stm32h7xx_hal_pwr_ex.c 0x00000000   Number         0  stm32h7xx_hal_pwr_ex.o ABSOLUTE
    ..\\HALLIB\\STM32H7xx_HAL_Driver\\Src\\stm32h7xx_hal_rcc.c 0x00000000   Number         0  stm32h7xx_hal_rcc.o ABSOLUTE
    ..\\HALLIB\\STM32H7xx_HAL_Driver\\Src\\stm32h7xx_hal_rcc_ex.c 0x00000000   Number         0  stm32h7xx_hal_rcc_ex.o ABSOLUTE
    ..\\HALLIB\\STM32H7xx_HAL_Driver\\Src\\stm32h7xx_hal_sdram.c 0x00000000   Number         0  stm32h7xx_hal_sdram.o ABSOLUTE
    ..\\HALLIB\\STM32H7xx_HAL_Driver\\Src\\stm32h7xx_hal_spi.c 0x00000000   Number         0  stm32h7xx_hal_spi.o ABSOLUTE
    ..\\HALLIB\\STM32H7xx_HAL_Driver\\Src\\stm32h7xx_hal_sram.c 0x00000000   Number         0  stm32h7xx_hal_sram.o ABSOLUTE
    ..\\HALLIB\\STM32H7xx_HAL_Driver\\Src\\stm32h7xx_hal_uart.c 0x00000000   Number         0  stm32h7xx_hal_uart.o ABSOLUTE
    ..\\HALLIB\\STM32H7xx_HAL_Driver\\Src\\stm32h7xx_hal_uart_ex.c 0x00000000   Number         0  stm32h7xx_hal_uart_ex.o ABSOLUTE
    ..\\HALLIB\\STM32H7xx_HAL_Driver\\Src\\stm32h7xx_hal_usart.c 0x00000000   Number         0  stm32h7xx_hal_usart.o ABSOLUTE
    ..\\HALLIB\\STM32H7xx_HAL_Driver\\Src\\stm32h7xx_ll_fmc.c 0x00000000   Number         0  stm32h7xx_ll_fmc.o ABSOLUTE
    ..\\HARDWARE\\KEY\\key.c                 0x00000000   Number         0  key.o ABSOLUTE
    ..\\HARDWARE\\LED\\led.c                 0x00000000   Number         0  led.o ABSOLUTE
    ..\\HARDWARE\\SPI\\spi.c                 0x00000000   Number         0  spi.o ABSOLUTE
    ..\\HARDWARE\\TFT180\\GUI.c              0x00000000   Number         0  gui.o ABSOLUTE
    ..\\HARDWARE\\TFT180\\Lcd_Driver.c       0x00000000   Number         0  lcd_driver.o ABSOLUTE
    ..\\SYSTEM\\delay\\delay.c               0x00000000   Number         0  delay.o ABSOLUTE
    ..\\SYSTEM\\sys\\sys.c                   0x00000000   Number         0  sys.o ABSOLUTE
    ..\\SYSTEM\\usart\\usart.c               0x00000000   Number         0  usart.o ABSOLUTE
    dc.s                                     0x00000000   Number         0  dc.o ABSOLUTE
    handlers.s                               0x00000000   Number         0  handlers.o ABSOLUTE
    init.s                                   0x00000000   Number         0  init.o ABSOLUTE
    main.c                                   0x00000000   Number         0  main.o ABSOLUTE
    main.c                                   0x00000000   Number         0  main.o ABSOLUTE
    stm32h7xx_hal_msp.c                      0x00000000   Number         0  stm32h7xx_hal_msp.o ABSOLUTE
    stm32h7xx_hal_msp.c                      0x00000000   Number         0  stm32h7xx_hal_msp.o ABSOLUTE
    stm32h7xx_it.c                           0x00000000   Number         0  stm32h7xx_it.o ABSOLUTE
    stm32h7xx_it.c                           0x00000000   Number         0  stm32h7xx_it.o ABSOLUTE
    system_stm32h7xx.c                       0x00000000   Number         0  system_stm32h7xx.o ABSOLUTE
    system_stm32h7xx.c                       0x00000000   Number         0  system_stm32h7xx.o ABSOLUTE
    RESET                                    0x08000000   Section      664  startup_stm32h750xx.o(RESET)
    .ARM.Collect$$$$00000000                 0x08000298   Section        0  entry.o(.ARM.Collect$$$$00000000)
    .ARM.Collect$$$$00000001                 0x08000298   Section        4  entry2.o(.ARM.Collect$$$$00000001)
    .ARM.Collect$$$$00000004                 0x0800029c   Section        4  entry5.o(.ARM.Collect$$$$00000004)
    .ARM.Collect$$$$00000008                 0x080002a0   Section        0  entry7b.o(.ARM.Collect$$$$00000008)
    .ARM.Collect$$$$0000000A                 0x080002a0   Section        0  entry8b.o(.ARM.Collect$$$$0000000A)
    .ARM.Collect$$$$0000000B                 0x080002a0   Section        8  entry9a.o(.ARM.Collect$$$$0000000B)
    .ARM.Collect$$$$0000000D                 0x080002a8   Section        0  entry10a.o(.ARM.Collect$$$$0000000D)
    .ARM.Collect$$$$0000000F                 0x080002a8   Section        0  entry11a.o(.ARM.Collect$$$$0000000F)
    .ARM.Collect$$$$00002712                 0x080002a8   Section        4  entry2.o(.ARM.Collect$$$$00002712)
    __lit__00000000                          0x080002a8   Data           4  entry2.o(.ARM.Collect$$$$00002712)
    .text                                    0x080002ac   Section       36  startup_stm32h750xx.o(.text)
    $v0                                      0x080002ac   Number         0  startup_stm32h750xx.o(.text)
    .text                                    0x080002d0   Section        0  uldiv.o(.text)
    .text                                    0x08000332   Section        0  llshl.o(.text)
    .text                                    0x08000350   Section        0  llushr.o(.text)
    .text                                    0x08000370   Section       36  init.o(.text)
    i.BusFault_Handler                       0x08000394   Section        0  stm32h7xx_it.o(i.BusFault_Handler)
    i.Cache_Enable                           0x08000398   Section        0  sys.o(i.Cache_Enable)
    i.Color_Test                             0x08000420   Section        0  gui.o(i.Color_Test)
    i.DebugMon_Handler                       0x08000484   Section        0  stm32h7xx_it.o(i.DebugMon_Handler)
    i.DisplayButtonUp                        0x08000486   Section        0  gui.o(i.DisplayButtonUp)
    i.Font_Test                              0x08000504   Section        0  gui.o(i.Font_Test)
    i.Gui_Circle                             0x080005ec   Section        0  gui.o(i.Gui_Circle)
    i.Gui_DrawFont_GBK16                     0x08000748   Section        0  gui.o(i.Gui_DrawFont_GBK16)
    i.Gui_DrawFont_Num32                     0x080008a0   Section        0  gui.o(i.Gui_DrawFont_Num32)
    i.Gui_DrawLine                           0x08000920   Section        0  gui.o(i.Gui_DrawLine)
    i.Gui_DrawPoint                          0x080009cc   Section        0  lcd_driver.o(i.Gui_DrawPoint)
    i.HAL_DMA_Abort_IT                       0x080009f4   Section        0  stm32h7xx_hal_dma.o(i.HAL_DMA_Abort_IT)
    i.HAL_EnableCompensationCell             0x08000a88   Section        0  stm32h7xx_hal.o(i.HAL_EnableCompensationCell)
    i.HAL_GPIO_Init                          0x08000a98   Section        0  stm32h7xx_hal_gpio.o(i.HAL_GPIO_Init)
    i.HAL_GPIO_TogglePin                     0x08000c80   Section        0  stm32h7xx_hal_gpio.o(i.HAL_GPIO_TogglePin)
    i.HAL_GPIO_WritePin                      0x08000c88   Section        0  stm32h7xx_hal_gpio.o(i.HAL_GPIO_WritePin)
    i.HAL_GetTick                            0x08000c94   Section        0  stm32h7xx_hal.o(i.HAL_GetTick)
    i.HAL_IncTick                            0x08000ca0   Section        0  stm32h7xx_hal.o(i.HAL_IncTick)
    i.HAL_Init                               0x08000cb0   Section        0  stm32h7xx_hal.o(i.HAL_Init)
    i.HAL_InitTick                           0x08000ccc   Section        0  stm32h7xx_hal.o(i.HAL_InitTick)
    i.HAL_MspInit                            0x08000d0c   Section        0  stm32h7xx_hal_msp.o(i.HAL_MspInit)
    i.HAL_NVIC_EnableIRQ                     0x08000d0e   Section        0  stm32h7xx_hal_cortex.o(i.HAL_NVIC_EnableIRQ)
    i.HAL_NVIC_SetPriority                   0x08000d28   Section        0  stm32h7xx_hal_cortex.o(i.HAL_NVIC_SetPriority)
    i.HAL_NVIC_SetPriorityGrouping           0x08000d68   Section        0  stm32h7xx_hal_cortex.o(i.HAL_NVIC_SetPriorityGrouping)
    i.HAL_RCCEx_GetD1SysClockFreq            0x08000d8c   Section        0  stm32h7xx_hal_rcc_ex.o(i.HAL_RCCEx_GetD1SysClockFreq)
    i.HAL_RCCEx_GetD3PCLK1Freq               0x08000dc0   Section        0  stm32h7xx_hal_rcc_ex.o(i.HAL_RCCEx_GetD3PCLK1Freq)
    i.HAL_RCCEx_GetPLL2ClockFreq             0x08000dec   Section        0  stm32h7xx_hal_rcc_ex.o(i.HAL_RCCEx_GetPLL2ClockFreq)
    i.HAL_RCCEx_GetPLL3ClockFreq             0x08000ee8   Section        0  stm32h7xx_hal_rcc_ex.o(i.HAL_RCCEx_GetPLL3ClockFreq)
    i.HAL_RCC_ClockConfig                    0x08000fe4   Section        0  stm32h7xx_hal_rcc.o(i.HAL_RCC_ClockConfig)
    i.HAL_RCC_GetHCLKFreq                    0x080011bc   Section        0  stm32h7xx_hal_rcc.o(i.HAL_RCC_GetHCLKFreq)
    i.HAL_RCC_GetPCLK1Freq                   0x080011f0   Section        0  stm32h7xx_hal_rcc.o(i.HAL_RCC_GetPCLK1Freq)
    i.HAL_RCC_GetPCLK2Freq                   0x0800121c   Section        0  stm32h7xx_hal_rcc.o(i.HAL_RCC_GetPCLK2Freq)
    i.HAL_RCC_GetSysClockFreq                0x08001248   Section        0  stm32h7xx_hal_rcc.o(i.HAL_RCC_GetSysClockFreq)
    i.HAL_RCC_OscConfig                      0x08001340   Section        0  stm32h7xx_hal_rcc.o(i.HAL_RCC_OscConfig)
    i.HAL_SYSTICK_CLKSourceConfig            0x080017dc   Section        0  stm32h7xx_hal_cortex.o(i.HAL_SYSTICK_CLKSourceConfig)
    i.HAL_SYSTICK_Config                     0x080017f4   Section        0  stm32h7xx_hal_cortex.o(i.HAL_SYSTICK_Config)
    i.HAL_UARTEx_WakeupCallback              0x0800181c   Section        0  stm32h7xx_hal_uart_ex.o(i.HAL_UARTEx_WakeupCallback)
    i.HAL_UART_ErrorCallback                 0x0800181e   Section        0  stm32h7xx_hal_uart.o(i.HAL_UART_ErrorCallback)
    i.HAL_UART_GetState                      0x08001820   Section        0  stm32h7xx_hal_uart.o(i.HAL_UART_GetState)
    i.HAL_UART_IRQHandler                    0x0800182c   Section        0  stm32h7xx_hal_uart.o(i.HAL_UART_IRQHandler)
    i.HAL_UART_Init                          0x080019ac   Section        0  stm32h7xx_hal_uart.o(i.HAL_UART_Init)
    i.HAL_UART_MspInit                       0x08001a18   Section        0  usart.o(i.HAL_UART_MspInit)
    i.HAL_UART_Receive_IT                    0x08001a98   Section        0  stm32h7xx_hal_uart.o(i.HAL_UART_Receive_IT)
    i.HAL_UART_RxCpltCallback                0x08001b40   Section        0  usart.o(i.HAL_UART_RxCpltCallback)
    i.HAL_UART_TxCpltCallback                0x08001b98   Section        0  stm32h7xx_hal_uart.o(i.HAL_UART_TxCpltCallback)
    i.HardFault_Handler                      0x08001b9a   Section        0  stm32h7xx_it.o(i.HardFault_Handler)
    i.LCD_GPIO_Init                          0x08001b9c   Section        0  lcd_driver.o(i.LCD_GPIO_Init)
    i.LCD_SetParam                           0x08001c34   Section        0  lcd_driver.o(i.LCD_SetParam)
    i.LED_Init                               0x08001c5c   Section        0  led.o(i.LED_Init)
    i.Lcd_Clear                              0x08001ca0   Section        0  lcd_driver.o(i.Lcd_Clear)
    i.Lcd_Init                               0x08001cda   Section        0  lcd_driver.o(i.Lcd_Init)
    i.Lcd_Reset                              0x08001eb0   Section        0  lcd_driver.o(i.Lcd_Reset)
    i.Lcd_SetRegion                          0x08001ee0   Section        0  lcd_driver.o(i.Lcd_SetRegion)
    i.Lcd_SetXY                              0x08001f32   Section        0  lcd_driver.o(i.Lcd_SetXY)
    i.Lcd_WriteData                          0x08001f44   Section        0  lcd_driver.o(i.Lcd_WriteData)
    i.Lcd_WriteIndex                         0x08001f7c   Section        0  lcd_driver.o(i.Lcd_WriteIndex)
    i.Lcd_WriteReg                           0x08001fb4   Section        0  lcd_driver.o(i.Lcd_WriteReg)
    i.NMI_Handler                            0x08001fc6   Section        0  stm32h7xx_it.o(i.NMI_Handler)
    i.Num_Test                               0x08001fc8   Section        0  gui.o(i.Num_Test)
    i.PendSV_Handler                         0x0800204c   Section        0  stm32h7xx_it.o(i.PendSV_Handler)
    i.Redraw_Mainmenu                        0x08002050   Section        0  gui.o(i.Redraw_Mainmenu)
    i.SPI_WriteData                          0x080021ac   Section        0  lcd_driver.o(i.SPI_WriteData)
    i.SVC_Handler                            0x080021f8   Section        0  stm32h7xx_it.o(i.SVC_Handler)
    i.Stm32_Clock_Init                       0x080021fc   Section        0  sys.o(i.Stm32_Clock_Init)
    i.SysTick_Handler                        0x080022a8   Section        0  stm32h7xx_it.o(i.SysTick_Handler)
    i.SystemInit                             0x080022ac   Section        0  system_stm32h7xx.o(i.SystemInit)
    i.Test_Demo                              0x08002330   Section        0  gui.o(i.Test_Demo)
    i.UART_AdvFeatureConfig                  0x0800235e   Section        0  stm32h7xx_hal_uart.o(i.UART_AdvFeatureConfig)
    i.UART_CheckIdleState                    0x08002426   Section        0  stm32h7xx_hal_uart.o(i.UART_CheckIdleState)
    i.UART_DMAAbortOnError                   0x08002482   Section        0  stm32h7xx_hal_uart.o(i.UART_DMAAbortOnError)
    UART_DMAAbortOnError                     0x08002483   Thumb Code    20  stm32h7xx_hal_uart.o(i.UART_DMAAbortOnError)
    i.UART_EndRxTransfer                     0x08002496   Section        0  stm32h7xx_hal_uart.o(i.UART_EndRxTransfer)
    UART_EndRxTransfer                       0x08002497   Thumb Code    28  stm32h7xx_hal_uart.o(i.UART_EndRxTransfer)
    i.UART_Receive_IT                        0x080024b2   Section        0  stm32h7xx_hal_uart.o(i.UART_Receive_IT)
    UART_Receive_IT                          0x080024b3   Thumb Code   118  stm32h7xx_hal_uart.o(i.UART_Receive_IT)
    i.UART_SetConfig                         0x08002528   Section        0  stm32h7xx_hal_uart.o(i.UART_SetConfig)
    i.UART_Transmit_IT                       0x080029d0   Section        0  stm32h7xx_hal_uart.o(i.UART_Transmit_IT)
    UART_Transmit_IT                         0x080029d1   Thumb Code   116  stm32h7xx_hal_uart.o(i.UART_Transmit_IT)
    i.UART_WaitOnFlagUntilTimeout            0x08002a44   Section        0  stm32h7xx_hal_uart.o(i.UART_WaitOnFlagUntilTimeout)
    i.USART1_IRQHandler                      0x08002aa8   Section        0  usart.o(i.USART1_IRQHandler)
    i.UsageFault_Handler                     0x08002aec   Section        0  stm32h7xx_it.o(i.UsageFault_Handler)
    i.__NVIC_SetPriority                     0x08002aee   Section        0  stm32h7xx_hal_cortex.o(i.__NVIC_SetPriority)
    __NVIC_SetPriority                       0x08002aef   Thumb Code    32  stm32h7xx_hal_cortex.o(i.__NVIC_SetPriority)
    i.__scatterload_copy                     0x08002b0e   Section       14  handlers.o(i.__scatterload_copy)
    i.__scatterload_null                     0x08002b1c   Section        2  handlers.o(i.__scatterload_null)
    i.__scatterload_zeroinit                 0x08002b1e   Section       14  handlers.o(i.__scatterload_zeroinit)
    i.delay_init                             0x08002b2c   Section        0  delay.o(i.delay_init)
    i.delay_ms                               0x08002b40   Section        0  delay.o(i.delay_ms)
    i.delay_us                               0x08002b5c   Section        0  delay.o(i.delay_us)
    i.main                                   0x08002b90   Section        0  main.o(i.main)
    i.show_Circle                            0x08002be4   Section        0  gui.o(i.show_Circle)
    i.show_pic                               0x08002ce8   Section        0  gui.o(i.show_pic)
    i.uart_init                              0x08002d58   Section        0  usart.o(i.uart_init)
    .constdata                               0x08002d90   Section       16  system_stm32h7xx.o(.constdata)
    .constdata                               0x08002da0   Section       24  stm32h7xx_hal_uart.o(.constdata)
    UARTPrescTable                           0x08002da0   Data          24  stm32h7xx_hal_uart.o(.constdata)
    .constdata                               0x08002db8   Section    47882  gui.o(.constdata)
    .data                                    0x24000000   Section        4  system_stm32h7xx.o(.data)
    .data                                    0x24000004   Section        4  system_stm32h7xx.o(.data)
    .data                                    0x24000008   Section        4  delay.o(.data)
    fac_us                                   0x24000008   Data           4  delay.o(.data)
    .data                                    0x2400000c   Section        4  usart.o(.data)
    .data                                    0x24000010   Section       12  stm32h7xx_hal.o(.data)
    uwTickFreq                               0x24000010   Data           1  stm32h7xx_hal.o(.data)
    uwTickPrio                               0x24000014   Data           4  stm32h7xx_hal.o(.data)
    uwTick                                   0x24000018   Data           4  stm32h7xx_hal.o(.data)
    .data                                    0x2400001c   Section       10  gui.o(.data)
    .bss                                     0x24000028   Section      328  usart.o(.bss)
    .bss                                     0x24000170   Section       14  lcd_driver.o(.bss)
    STACK                                    0x24000180   Section     2560  startup_stm32h750xx.o(STACK)

    Global Symbols

    Symbol Name                              Value     Ov Type        Size  Object(Section)

    BuildAttributes$$THM_ISAv4$E$P$D$K$B$S$7EM$VFPv5_D16$PE$PLD8$A:L22UL41UL21$X:L11$S22US41US21$IEEE1$IW$USESV6$~STKCKD$USESV7$~SHL$OSPACE$EBA8$MICROLIB$REQ8$PRES8$EABIv2 0x00000000   Number         0  anon$$obj.o ABSOLUTE
    __ARM_use_no_argv                        0x00000000   Number         0  main.o ABSOLUTE
    __use_no_errno                           0x00000000   Number         0  useno.o ABSOLUTE
    __use_no_exception_handling              0x00000000   Number         0  useno.o ABSOLUTE
    __use_no_fp                              0x00000000   Number         0  useno.o ABSOLUTE
    __use_no_heap                            0x00000000   Number         0  useno.o ABSOLUTE
    __use_no_heap_region                     0x00000000   Number         0  useno.o ABSOLUTE
    __use_no_semihosting                     0x00000000   Number         0  useno.o ABSOLUTE
    __use_no_semihosting_swi                 0x00000000   Number         0  useno.o ABSOLUTE
    __use_no_signal_handling                 0x00000000   Number         0  useno.o ABSOLUTE
    __cpp_initialize__aeabi_                  - Undefined Weak Reference
    __cxa_finalize                            - Undefined Weak Reference
    __decompress                              - Undefined Weak Reference
    _clock_init                               - Undefined Weak Reference
    _microlib_exit                            - Undefined Weak Reference
    __Vectors_Size                           0x00000298   Number         0  startup_stm32h750xx.o ABSOLUTE
    __Vectors                                0x08000000   Data           4  startup_stm32h750xx.o(RESET)
    __Vectors_End                            0x08000298   Data           0  startup_stm32h750xx.o(RESET)
    __main                                   0x08000299   Thumb Code     0  entry.o(.ARM.Collect$$$$00000000)
    _main_stk                                0x08000299   Thumb Code     0  entry2.o(.ARM.Collect$$$$00000001)
    _main_scatterload                        0x0800029d   Thumb Code     0  entry5.o(.ARM.Collect$$$$00000004)
    __main_after_scatterload                 0x080002a1   Thumb Code     0  entry5.o(.ARM.Collect$$$$00000004)
    _main_clock                              0x080002a1   Thumb Code     0  entry7b.o(.ARM.Collect$$$$00000008)
    _main_cpp_init                           0x080002a1   Thumb Code     0  entry8b.o(.ARM.Collect$$$$0000000A)
    _main_init                               0x080002a1   Thumb Code     0  entry9a.o(.ARM.Collect$$$$0000000B)
    __rt_final_cpp                           0x080002a9   Thumb Code     0  entry10a.o(.ARM.Collect$$$$0000000D)
    __rt_final_exit                          0x080002a9   Thumb Code     0  entry11a.o(.ARM.Collect$$$$0000000F)
    Reset_Handler                            0x080002ad   Thumb Code     8  startup_stm32h750xx.o(.text)
    MemManage_Handler                        0x080002b9   Thumb Code     2  startup_stm32h750xx.o(.text)
    ADC3_IRQHandler                          0x080002c7   Thumb Code     0  startup_stm32h750xx.o(.text)
    ADC_IRQHandler                           0x080002c7   Thumb Code     0  startup_stm32h750xx.o(.text)
    BDMA_Channel0_IRQHandler                 0x080002c7   Thumb Code     0  startup_stm32h750xx.o(.text)
    BDMA_Channel1_IRQHandler                 0x080002c7   Thumb Code     0  startup_stm32h750xx.o(.text)
    BDMA_Channel2_IRQHandler                 0x080002c7   Thumb Code     0  startup_stm32h750xx.o(.text)
    BDMA_Channel3_IRQHandler                 0x080002c7   Thumb Code     0  startup_stm32h750xx.o(.text)
    BDMA_Channel4_IRQHandler                 0x080002c7   Thumb Code     0  startup_stm32h750xx.o(.text)
    BDMA_Channel5_IRQHandler                 0x080002c7   Thumb Code     0  startup_stm32h750xx.o(.text)
    BDMA_Channel6_IRQHandler                 0x080002c7   Thumb Code     0  startup_stm32h750xx.o(.text)
    BDMA_Channel7_IRQHandler                 0x080002c7   Thumb Code     0  startup_stm32h750xx.o(.text)
    CEC_IRQHandler                           0x080002c7   Thumb Code     0  startup_stm32h750xx.o(.text)
    COMP1_IRQHandler                         0x080002c7   Thumb Code     0  startup_stm32h750xx.o(.text)
    CRS_IRQHandler                           0x080002c7   Thumb Code     0  startup_stm32h750xx.o(.text)
    CRYP_IRQHandler                          0x080002c7   Thumb Code     0  startup_stm32h750xx.o(.text)
    DCMI_IRQHandler                          0x080002c7   Thumb Code     0  startup_stm32h750xx.o(.text)
    DFSDM1_FLT0_IRQHandler                   0x080002c7   Thumb Code     0  startup_stm32h750xx.o(.text)
    DFSDM1_FLT1_IRQHandler                   0x080002c7   Thumb Code     0  startup_stm32h750xx.o(.text)
    DFSDM1_FLT2_IRQHandler                   0x080002c7   Thumb Code     0  startup_stm32h750xx.o(.text)
    DFSDM1_FLT3_IRQHandler                   0x080002c7   Thumb Code     0  startup_stm32h750xx.o(.text)
    DMA1_Stream0_IRQHandler                  0x080002c7   Thumb Code     0  startup_stm32h750xx.o(.text)
    DMA1_Stream1_IRQHandler                  0x080002c7   Thumb Code     0  startup_stm32h750xx.o(.text)
    DMA1_Stream2_IRQHandler                  0x080002c7   Thumb Code     0  startup_stm32h750xx.o(.text)
    DMA1_Stream3_IRQHandler                  0x080002c7   Thumb Code     0  startup_stm32h750xx.o(.text)
    DMA1_Stream4_IRQHandler                  0x080002c7   Thumb Code     0  startup_stm32h750xx.o(.text)
    DMA1_Stream5_IRQHandler                  0x080002c7   Thumb Code     0  startup_stm32h750xx.o(.text)
    DMA1_Stream6_IRQHandler                  0x080002c7   Thumb Code     0  startup_stm32h750xx.o(.text)
    DMA1_Stream7_IRQHandler                  0x080002c7   Thumb Code     0  startup_stm32h750xx.o(.text)
    DMA2D_IRQHandler                         0x080002c7   Thumb Code     0  startup_stm32h750xx.o(.text)
    DMA2_Stream0_IRQHandler                  0x080002c7   Thumb Code     0  startup_stm32h750xx.o(.text)
    DMA2_Stream1_IRQHandler                  0x080002c7   Thumb Code     0  startup_stm32h750xx.o(.text)
    DMA2_Stream2_IRQHandler                  0x080002c7   Thumb Code     0  startup_stm32h750xx.o(.text)
    DMA2_Stream3_IRQHandler                  0x080002c7   Thumb Code     0  startup_stm32h750xx.o(.text)
    DMA2_Stream4_IRQHandler                  0x080002c7   Thumb Code     0  startup_stm32h750xx.o(.text)
    DMA2_Stream5_IRQHandler                  0x080002c7   Thumb Code     0  startup_stm32h750xx.o(.text)
    DMA2_Stream6_IRQHandler                  0x080002c7   Thumb Code     0  startup_stm32h750xx.o(.text)
    DMA2_Stream7_IRQHandler                  0x080002c7   Thumb Code     0  startup_stm32h750xx.o(.text)
    DMAMUX1_OVR_IRQHandler                   0x080002c7   Thumb Code     0  startup_stm32h750xx.o(.text)
    DMAMUX2_OVR_IRQHandler                   0x080002c7   Thumb Code     0  startup_stm32h750xx.o(.text)
    ETH_IRQHandler                           0x080002c7   Thumb Code     0  startup_stm32h750xx.o(.text)
    ETH_WKUP_IRQHandler                      0x080002c7   Thumb Code     0  startup_stm32h750xx.o(.text)
    EXTI0_IRQHandler                         0x080002c7   Thumb Code     0  startup_stm32h750xx.o(.text)
    EXTI15_10_IRQHandler                     0x080002c7   Thumb Code     0  startup_stm32h750xx.o(.text)
    EXTI1_IRQHandler                         0x080002c7   Thumb Code     0  startup_stm32h750xx.o(.text)
    EXTI2_IRQHandler                         0x080002c7   Thumb Code     0  startup_stm32h750xx.o(.text)
    EXTI3_IRQHandler                         0x080002c7   Thumb Code     0  startup_stm32h750xx.o(.text)
    EXTI4_IRQHandler                         0x080002c7   Thumb Code     0  startup_stm32h750xx.o(.text)
    EXTI9_5_IRQHandler                       0x080002c7   Thumb Code     0  startup_stm32h750xx.o(.text)
    FDCAN1_IT0_IRQHandler                    0x080002c7   Thumb Code     0  startup_stm32h750xx.o(.text)
    FDCAN1_IT1_IRQHandler                    0x080002c7   Thumb Code     0  startup_stm32h750xx.o(.text)
    FDCAN2_IT0_IRQHandler                    0x080002c7   Thumb Code     0  startup_stm32h750xx.o(.text)
    FDCAN2_IT1_IRQHandler                    0x080002c7   Thumb Code     0  startup_stm32h750xx.o(.text)
    FDCAN_CAL_IRQHandler                     0x080002c7   Thumb Code     0  startup_stm32h750xx.o(.text)
    FLASH_IRQHandler                         0x080002c7   Thumb Code     0  startup_stm32h750xx.o(.text)
    FMC_IRQHandler                           0x080002c7   Thumb Code     0  startup_stm32h750xx.o(.text)
    FPU_IRQHandler                           0x080002c7   Thumb Code     0  startup_stm32h750xx.o(.text)
    HASH_RNG_IRQHandler                      0x080002c7   Thumb Code     0  startup_stm32h750xx.o(.text)
    HRTIM1_FLT_IRQHandler                    0x080002c7   Thumb Code     0  startup_stm32h750xx.o(.text)
    HRTIM1_Master_IRQHandler                 0x080002c7   Thumb Code     0  startup_stm32h750xx.o(.text)
    HRTIM1_TIMA_IRQHandler                   0x080002c7   Thumb Code     0  startup_stm32h750xx.o(.text)
    HRTIM1_TIMB_IRQHandler                   0x080002c7   Thumb Code     0  startup_stm32h750xx.o(.text)
    HRTIM1_TIMC_IRQHandler                   0x080002c7   Thumb Code     0  startup_stm32h750xx.o(.text)
    HRTIM1_TIMD_IRQHandler                   0x080002c7   Thumb Code     0  startup_stm32h750xx.o(.text)
    HRTIM1_TIME_IRQHandler                   0x080002c7   Thumb Code     0  startup_stm32h750xx.o(.text)
    HSEM1_IRQHandler                         0x080002c7   Thumb Code     0  startup_stm32h750xx.o(.text)
    I2C1_ER_IRQHandler                       0x080002c7   Thumb Code     0  startup_stm32h750xx.o(.text)
    I2C1_EV_IRQHandler                       0x080002c7   Thumb Code     0  startup_stm32h750xx.o(.text)
    I2C2_ER_IRQHandler                       0x080002c7   Thumb Code     0  startup_stm32h750xx.o(.text)
    I2C2_EV_IRQHandler                       0x080002c7   Thumb Code     0  startup_stm32h750xx.o(.text)
    I2C3_ER_IRQHandler                       0x080002c7   Thumb Code     0  startup_stm32h750xx.o(.text)
    I2C3_EV_IRQHandler                       0x080002c7   Thumb Code     0  startup_stm32h750xx.o(.text)
    I2C4_ER_IRQHandler                       0x080002c7   Thumb Code     0  startup_stm32h750xx.o(.text)
    I2C4_EV_IRQHandler                       0x080002c7   Thumb Code     0  startup_stm32h750xx.o(.text)
    JPEG_IRQHandler                          0x080002c7   Thumb Code     0  startup_stm32h750xx.o(.text)
    LPTIM1_IRQHandler                        0x080002c7   Thumb Code     0  startup_stm32h750xx.o(.text)
    LPTIM2_IRQHandler                        0x080002c7   Thumb Code     0  startup_stm32h750xx.o(.text)
    LPTIM3_IRQHandler                        0x080002c7   Thumb Code     0  startup_stm32h750xx.o(.text)
    LPTIM4_IRQHandler                        0x080002c7   Thumb Code     0  startup_stm32h750xx.o(.text)
    LPTIM5_IRQHandler                        0x080002c7   Thumb Code     0  startup_stm32h750xx.o(.text)
    LPUART1_IRQHandler                       0x080002c7   Thumb Code     0  startup_stm32h750xx.o(.text)
    LTDC_ER_IRQHandler                       0x080002c7   Thumb Code     0  startup_stm32h750xx.o(.text)
    LTDC_IRQHandler                          0x080002c7   Thumb Code     0  startup_stm32h750xx.o(.text)
    MDIOS_IRQHandler                         0x080002c7   Thumb Code     0  startup_stm32h750xx.o(.text)
    MDIOS_WKUP_IRQHandler                    0x080002c7   Thumb Code     0  startup_stm32h750xx.o(.text)
    MDMA_IRQHandler                          0x080002c7   Thumb Code     0  startup_stm32h750xx.o(.text)
    OTG_FS_EP1_IN_IRQHandler                 0x080002c7   Thumb Code     0  startup_stm32h750xx.o(.text)
    OTG_FS_EP1_OUT_IRQHandler                0x080002c7   Thumb Code     0  startup_stm32h750xx.o(.text)
    OTG_FS_IRQHandler                        0x080002c7   Thumb Code     0  startup_stm32h750xx.o(.text)
    OTG_FS_WKUP_IRQHandler                   0x080002c7   Thumb Code     0  startup_stm32h750xx.o(.text)
    OTG_HS_EP1_IN_IRQHandler                 0x080002c7   Thumb Code     0  startup_stm32h750xx.o(.text)
    OTG_HS_EP1_OUT_IRQHandler                0x080002c7   Thumb Code     0  startup_stm32h750xx.o(.text)
    OTG_HS_IRQHandler                        0x080002c7   Thumb Code     0  startup_stm32h750xx.o(.text)
    OTG_HS_WKUP_IRQHandler                   0x080002c7   Thumb Code     0  startup_stm32h750xx.o(.text)
    PVD_AVD_IRQHandler                       0x080002c7   Thumb Code     0  startup_stm32h750xx.o(.text)
    QUADSPI_IRQHandler                       0x080002c7   Thumb Code     0  startup_stm32h750xx.o(.text)
    RCC_IRQHandler                           0x080002c7   Thumb Code     0  startup_stm32h750xx.o(.text)
    RTC_Alarm_IRQHandler                     0x080002c7   Thumb Code     0  startup_stm32h750xx.o(.text)
    RTC_WKUP_IRQHandler                      0x080002c7   Thumb Code     0  startup_stm32h750xx.o(.text)
    SAI1_IRQHandler                          0x080002c7   Thumb Code     0  startup_stm32h750xx.o(.text)
    SAI2_IRQHandler                          0x080002c7   Thumb Code     0  startup_stm32h750xx.o(.text)
    SAI3_IRQHandler                          0x080002c7   Thumb Code     0  startup_stm32h750xx.o(.text)
    SAI4_IRQHandler                          0x080002c7   Thumb Code     0  startup_stm32h750xx.o(.text)
    SDMMC1_IRQHandler                        0x080002c7   Thumb Code     0  startup_stm32h750xx.o(.text)
    SDMMC2_IRQHandler                        0x080002c7   Thumb Code     0  startup_stm32h750xx.o(.text)
    SPDIF_RX_IRQHandler                      0x080002c7   Thumb Code     0  startup_stm32h750xx.o(.text)
    SPI1_IRQHandler                          0x080002c7   Thumb Code     0  startup_stm32h750xx.o(.text)
    SPI2_IRQHandler                          0x080002c7   Thumb Code     0  startup_stm32h750xx.o(.text)
    SPI3_IRQHandler                          0x080002c7   Thumb Code     0  startup_stm32h750xx.o(.text)
    SPI4_IRQHandler                          0x080002c7   Thumb Code     0  startup_stm32h750xx.o(.text)
    SPI5_IRQHandler                          0x080002c7   Thumb Code     0  startup_stm32h750xx.o(.text)
    SPI6_IRQHandler                          0x080002c7   Thumb Code     0  startup_stm32h750xx.o(.text)
    SWPMI1_IRQHandler                        0x080002c7   Thumb Code     0  startup_stm32h750xx.o(.text)
    TAMP_STAMP_IRQHandler                    0x080002c7   Thumb Code     0  startup_stm32h750xx.o(.text)
    TIM15_IRQHandler                         0x080002c7   Thumb Code     0  startup_stm32h750xx.o(.text)
    TIM16_IRQHandler                         0x080002c7   Thumb Code     0  startup_stm32h750xx.o(.text)
    TIM17_IRQHandler                         0x080002c7   Thumb Code     0  startup_stm32h750xx.o(.text)
    TIM1_BRK_IRQHandler                      0x080002c7   Thumb Code     0  startup_stm32h750xx.o(.text)
    TIM1_CC_IRQHandler                       0x080002c7   Thumb Code     0  startup_stm32h750xx.o(.text)
    TIM1_TRG_COM_IRQHandler                  0x080002c7   Thumb Code     0  startup_stm32h750xx.o(.text)
    TIM1_UP_IRQHandler                       0x080002c7   Thumb Code     0  startup_stm32h750xx.o(.text)
    TIM2_IRQHandler                          0x080002c7   Thumb Code     0  startup_stm32h750xx.o(.text)
    TIM3_IRQHandler                          0x080002c7   Thumb Code     0  startup_stm32h750xx.o(.text)
    TIM4_IRQHandler                          0x080002c7   Thumb Code     0  startup_stm32h750xx.o(.text)
    TIM5_IRQHandler                          0x080002c7   Thumb Code     0  startup_stm32h750xx.o(.text)
    TIM6_DAC_IRQHandler                      0x080002c7   Thumb Code     0  startup_stm32h750xx.o(.text)
    TIM7_IRQHandler                          0x080002c7   Thumb Code     0  startup_stm32h750xx.o(.text)
    TIM8_BRK_TIM12_IRQHandler                0x080002c7   Thumb Code     0  startup_stm32h750xx.o(.text)
    TIM8_CC_IRQHandler                       0x080002c7   Thumb Code     0  startup_stm32h750xx.o(.text)
    TIM8_TRG_COM_TIM14_IRQHandler            0x080002c7   Thumb Code     0  startup_stm32h750xx.o(.text)
    TIM8_UP_TIM13_IRQHandler                 0x080002c7   Thumb Code     0  startup_stm32h750xx.o(.text)
    UART4_IRQHandler                         0x080002c7   Thumb Code     0  startup_stm32h750xx.o(.text)
    UART5_IRQHandler                         0x080002c7   Thumb Code     0  startup_stm32h750xx.o(.text)
    UART7_IRQHandler                         0x080002c7   Thumb Code     0  startup_stm32h750xx.o(.text)
    UART8_IRQHandler                         0x080002c7   Thumb Code     0  startup_stm32h750xx.o(.text)
    USART2_IRQHandler                        0x080002c7   Thumb Code     0  startup_stm32h750xx.o(.text)
    USART3_IRQHandler                        0x080002c7   Thumb Code     0  startup_stm32h750xx.o(.text)
    USART6_IRQHandler                        0x080002c7   Thumb Code     0  startup_stm32h750xx.o(.text)
    WAKEUP_PIN_IRQHandler                    0x080002c7   Thumb Code     0  startup_stm32h750xx.o(.text)
    WWDG_IRQHandler                          0x080002c7   Thumb Code     0  startup_stm32h750xx.o(.text)
    __aeabi_uldivmod                         0x080002d1   Thumb Code    98  uldiv.o(.text)
    __aeabi_llsl                             0x08000333   Thumb Code    30  llshl.o(.text)
    _ll_shift_l                              0x08000333   Thumb Code     0  llshl.o(.text)
    __aeabi_llsr                             0x08000351   Thumb Code    32  llushr.o(.text)
    _ll_ushift_r                             0x08000351   Thumb Code     0  llushr.o(.text)
    __scatterload                            0x08000371   Thumb Code    28  init.o(.text)
    __scatterload_rt2                        0x08000371   Thumb Code     0  init.o(.text)
    BusFault_Handler                         0x08000395   Thumb Code     2  stm32h7xx_it.o(i.BusFault_Handler)
    Cache_Enable                             0x08000399   Thumb Code   126  sys.o(i.Cache_Enable)
    Color_Test                               0x08000421   Thumb Code    88  gui.o(i.Color_Test)
    DebugMon_Handler                         0x08000485   Thumb Code     2  stm32h7xx_it.o(i.DebugMon_Handler)
    DisplayButtonUp                          0x08000487   Thumb Code   126  gui.o(i.DisplayButtonUp)
    Font_Test                                0x08000505   Thumb Code   138  gui.o(i.Font_Test)
    Gui_Circle                               0x080005ed   Thumb Code   346  gui.o(i.Gui_Circle)
    Gui_DrawFont_GBK16                       0x08000749   Thumb Code   334  gui.o(i.Gui_DrawFont_GBK16)
    Gui_DrawFont_Num32                       0x080008a1   Thumb Code   122  gui.o(i.Gui_DrawFont_Num32)
    Gui_DrawLine                             0x08000921   Thumb Code   172  gui.o(i.Gui_DrawLine)
    Gui_DrawPoint                            0x080009cd   Thumb Code    40  lcd_driver.o(i.Gui_DrawPoint)
    HAL_DMA_Abort_IT                         0x080009f5   Thumb Code   138  stm32h7xx_hal_dma.o(i.HAL_DMA_Abort_IT)
    HAL_EnableCompensationCell               0x08000a89   Thumb Code    12  stm32h7xx_hal.o(i.HAL_EnableCompensationCell)
    HAL_GPIO_Init                            0x08000a99   Thumb Code   438  stm32h7xx_hal_gpio.o(i.HAL_GPIO_Init)
    HAL_GPIO_TogglePin                       0x08000c81   Thumb Code     8  stm32h7xx_hal_gpio.o(i.HAL_GPIO_TogglePin)
    HAL_GPIO_WritePin                        0x08000c89   Thumb Code    10  stm32h7xx_hal_gpio.o(i.HAL_GPIO_WritePin)
    HAL_GetTick                              0x08000c95   Thumb Code     6  stm32h7xx_hal.o(i.HAL_GetTick)
    HAL_IncTick                              0x08000ca1   Thumb Code    12  stm32h7xx_hal.o(i.HAL_IncTick)
    HAL_Init                                 0x08000cb1   Thumb Code    28  stm32h7xx_hal.o(i.HAL_Init)
    HAL_InitTick                             0x08000ccd   Thumb Code    54  stm32h7xx_hal.o(i.HAL_InitTick)
    HAL_MspInit                              0x08000d0d   Thumb Code     2  stm32h7xx_hal_msp.o(i.HAL_MspInit)
    HAL_NVIC_EnableIRQ                       0x08000d0f   Thumb Code    26  stm32h7xx_hal_cortex.o(i.HAL_NVIC_EnableIRQ)
    HAL_NVIC_SetPriority                     0x08000d29   Thumb Code    60  stm32h7xx_hal_cortex.o(i.HAL_NVIC_SetPriority)
    HAL_NVIC_SetPriorityGrouping             0x08000d69   Thumb Code    26  stm32h7xx_hal_cortex.o(i.HAL_NVIC_SetPriorityGrouping)
    HAL_RCCEx_GetD1SysClockFreq              0x08000d8d   Thumb Code    40  stm32h7xx_hal_rcc_ex.o(i.HAL_RCCEx_GetD1SysClockFreq)
    HAL_RCCEx_GetD3PCLK1Freq                 0x08000dc1   Thumb Code    34  stm32h7xx_hal_rcc_ex.o(i.HAL_RCCEx_GetD3PCLK1Freq)
    HAL_RCCEx_GetPLL2ClockFreq               0x08000ded   Thumb Code   220  stm32h7xx_hal_rcc_ex.o(i.HAL_RCCEx_GetPLL2ClockFreq)
    HAL_RCCEx_GetPLL3ClockFreq               0x08000ee9   Thumb Code   220  stm32h7xx_hal_rcc_ex.o(i.HAL_RCCEx_GetPLL3ClockFreq)
    HAL_RCC_ClockConfig                      0x08000fe5   Thumb Code   450  stm32h7xx_hal_rcc.o(i.HAL_RCC_ClockConfig)
    HAL_RCC_GetHCLKFreq                      0x080011bd   Thumb Code    38  stm32h7xx_hal_rcc.o(i.HAL_RCC_GetHCLKFreq)
    HAL_RCC_GetPCLK1Freq                     0x080011f1   Thumb Code    34  stm32h7xx_hal_rcc.o(i.HAL_RCC_GetPCLK1Freq)
    HAL_RCC_GetPCLK2Freq                     0x0800121d   Thumb Code    36  stm32h7xx_hal_rcc.o(i.HAL_RCC_GetPCLK2Freq)
    HAL_RCC_GetSysClockFreq                  0x08001249   Thumb Code   214  stm32h7xx_hal_rcc.o(i.HAL_RCC_GetSysClockFreq)
    HAL_RCC_OscConfig                        0x08001341   Thumb Code  1180  stm32h7xx_hal_rcc.o(i.HAL_RCC_OscConfig)
    HAL_SYSTICK_CLKSourceConfig              0x080017dd   Thumb Code    24  stm32h7xx_hal_cortex.o(i.HAL_SYSTICK_CLKSourceConfig)
    HAL_SYSTICK_Config                       0x080017f5   Thumb Code    40  stm32h7xx_hal_cortex.o(i.HAL_SYSTICK_Config)
    HAL_UARTEx_WakeupCallback                0x0800181d   Thumb Code     2  stm32h7xx_hal_uart_ex.o(i.HAL_UARTEx_WakeupCallback)
    HAL_UART_ErrorCallback                   0x0800181f   Thumb Code     2  stm32h7xx_hal_uart.o(i.HAL_UART_ErrorCallback)
    HAL_UART_GetState                        0x08001821   Thumb Code    12  stm32h7xx_hal_uart.o(i.HAL_UART_GetState)
    HAL_UART_IRQHandler                      0x0800182d   Thumb Code   374  stm32h7xx_hal_uart.o(i.HAL_UART_IRQHandler)
    HAL_UART_Init                            0x080019ad   Thumb Code   106  stm32h7xx_hal_uart.o(i.HAL_UART_Init)
    HAL_UART_MspInit                         0x08001a19   Thumb Code   114  usart.o(i.HAL_UART_MspInit)
    HAL_UART_Receive_IT                      0x08001a99   Thumb Code   166  stm32h7xx_hal_uart.o(i.HAL_UART_Receive_IT)
    HAL_UART_RxCpltCallback                  0x08001b41   Thumb Code    76  usart.o(i.HAL_UART_RxCpltCallback)
    HAL_UART_TxCpltCallback                  0x08001b99   Thumb Code     2  stm32h7xx_hal_uart.o(i.HAL_UART_TxCpltCallback)
    HardFault_Handler                        0x08001b9b   Thumb Code     2  stm32h7xx_it.o(i.HardFault_Handler)
    LCD_GPIO_Init                            0x08001b9d   Thumb Code   142  lcd_driver.o(i.LCD_GPIO_Init)
    LCD_SetParam                             0x08001c35   Thumb Code    34  lcd_driver.o(i.LCD_SetParam)
    LED_Init                                 0x08001c5d   Thumb Code    60  led.o(i.LED_Init)
    Lcd_Clear                                0x08001ca1   Thumb Code    58  lcd_driver.o(i.Lcd_Clear)
    Lcd_Init                                 0x08001cdb   Thumb Code   468  lcd_driver.o(i.Lcd_Init)
    Lcd_Reset                                0x08001eb1   Thumb Code    44  lcd_driver.o(i.Lcd_Reset)
    Lcd_SetRegion                            0x08001ee1   Thumb Code    82  lcd_driver.o(i.Lcd_SetRegion)
    Lcd_SetXY                                0x08001f33   Thumb Code    16  lcd_driver.o(i.Lcd_SetXY)
    Lcd_WriteData                            0x08001f45   Thumb Code    50  lcd_driver.o(i.Lcd_WriteData)
    Lcd_WriteIndex                           0x08001f7d   Thumb Code    50  lcd_driver.o(i.Lcd_WriteIndex)
    Lcd_WriteReg                             0x08001fb5   Thumb Code    18  lcd_driver.o(i.Lcd_WriteReg)
    NMI_Handler                              0x08001fc7   Thumb Code     2  stm32h7xx_it.o(i.NMI_Handler)
    Num_Test                                 0x08001fc9   Thumb Code   114  gui.o(i.Num_Test)
    PendSV_Handler                           0x0800204d   Thumb Code     2  stm32h7xx_it.o(i.PendSV_Handler)
    Redraw_Mainmenu                          0x08002051   Thumb Code   268  gui.o(i.Redraw_Mainmenu)
    SPI_WriteData                            0x080021ad   Thumb Code    70  lcd_driver.o(i.SPI_WriteData)
    SVC_Handler                              0x080021f9   Thumb Code     2  stm32h7xx_it.o(i.SVC_Handler)
    Stm32_Clock_Init                         0x080021fd   Thumb Code   162  sys.o(i.Stm32_Clock_Init)
    SysTick_Handler                          0x080022a9   Thumb Code     4  stm32h7xx_it.o(i.SysTick_Handler)
    SystemInit                               0x080022ad   Thumb Code   116  system_stm32h7xx.o(i.SystemInit)
    Test_Demo                                0x08002331   Thumb Code    46  gui.o(i.Test_Demo)
    UART_AdvFeatureConfig                    0x0800235f   Thumb Code   200  stm32h7xx_hal_uart.o(i.UART_AdvFeatureConfig)
    UART_CheckIdleState                      0x08002427   Thumb Code    92  stm32h7xx_hal_uart.o(i.UART_CheckIdleState)
    UART_SetConfig                           0x08002529   Thumb Code  1186  stm32h7xx_hal_uart.o(i.UART_SetConfig)
    UART_WaitOnFlagUntilTimeout              0x08002a45   Thumb Code    98  stm32h7xx_hal_uart.o(i.UART_WaitOnFlagUntilTimeout)
    USART1_IRQHandler                        0x08002aa9   Thumb Code    56  usart.o(i.USART1_IRQHandler)
    UsageFault_Handler                       0x08002aed   Thumb Code     2  stm32h7xx_it.o(i.UsageFault_Handler)
    __scatterload_copy                       0x08002b0f   Thumb Code    14  handlers.o(i.__scatterload_copy)
    __scatterload_null                       0x08002b1d   Thumb Code     2  handlers.o(i.__scatterload_null)
    __scatterload_zeroinit                   0x08002b1f   Thumb Code    14  handlers.o(i.__scatterload_zeroinit)
    delay_init                               0x08002b2d   Thumb Code    16  delay.o(i.delay_init)
    delay_ms                                 0x08002b41   Thumb Code    26  delay.o(i.delay_ms)
    delay_us                                 0x08002b5d   Thumb Code    48  delay.o(i.delay_us)
    main                                     0x08002b91   Thumb Code    78  main.o(i.main)
    show_Circle                              0x08002be5   Thumb Code   242  gui.o(i.show_Circle)
    show_pic                                 0x08002ce9   Thumb Code    92  gui.o(i.show_pic)
    uart_init                                0x08002d59   Thumb Code    44  usart.o(i.uart_init)
    D1CorePrescTable                         0x08002d90   Data          16  system_stm32h7xx.o(.constdata)
    asc16                                    0x08002db8   Data        1521  gui.o(.constdata)
    sz32                                     0x080033a9   Data        1921  gui.o(.constdata)
    hz16                                     0x08003b2a   Data        2074  gui.o(.constdata)
    hz24                                     0x08004344   Data        1406  gui.o(.constdata)
    gImage_123                               0x080048c2   Data       40960  gui.o(.constdata)
    Region$$Table$$Base                      0x0800e8c4   Number         0  anon$$obj.o(Region$$Table)
    Region$$Table$$Limit                     0x0800e8e4   Number         0  anon$$obj.o(Region$$Table)
    SystemCoreClock                          0x24000000   Data           4  system_stm32h7xx.o(.data)
    SystemD2Clock                            0x24000004   Data           4  system_stm32h7xx.o(.data)
    aRxBuffer                                0x2400000c   Data           1  usart.o(.data)
    USART_RX_STA                             0x2400000e   Data           2  usart.o(.data)
    Num                                      0x2400001c   Data          10  gui.o(.data)
    USART_RX_BUF                             0x24000028   Data         200  usart.o(.bss)
    UART1_Handler                            0x240000f0   Data         128  usart.o(.bss)
    lcddev                                   0x24000170   Data          14  lcd_driver.o(.bss)
    __initial_sp                             0x24000b80   Data           0  startup_stm32h750xx.o(STACK)



==============================================================================

Memory Map of the image

  Image Entry point : 0x08000299

  Load Region LR_IROM1 (Base: 0x08000000, Size: 0x0000e90c, Max: 0x00020000, ABSOLUTE)

    Execution Region ER_IROM1 (Base: 0x08000000, Size: 0x0000e8e4, Max: 0x00020000, ABSOLUTE)

    Base Addr    Size         Type   Attr      Idx    E Section Name        Object

    0x08000000   0x00000298   Data   RO          626    RESET               startup_stm32h750xx.o
    0x08000298   0x00000000   Code   RO         4201  * .ARM.Collect$$$$00000000  mc_w.l(entry.o)
    0x08000298   0x00000004   Code   RO         4210    .ARM.Collect$$$$00000001  mc_w.l(entry2.o)
    0x0800029c   0x00000004   Code   RO         4213    .ARM.Collect$$$$00000004  mc_w.l(entry5.o)
    0x080002a0   0x00000000   Code   RO         4215    .ARM.Collect$$$$00000008  mc_w.l(entry7b.o)
    0x080002a0   0x00000000   Code   RO         4217    .ARM.Collect$$$$0000000A  mc_w.l(entry8b.o)
    0x080002a0   0x00000008   Code   RO         4218    .ARM.Collect$$$$0000000B  mc_w.l(entry9a.o)
    0x080002a8   0x00000000   Code   RO         4220    .ARM.Collect$$$$0000000D  mc_w.l(entry10a.o)
    0x080002a8   0x00000000   Code   RO         4222    .ARM.Collect$$$$0000000F  mc_w.l(entry11a.o)
    0x080002a8   0x00000004   Code   RO         4211    .ARM.Collect$$$$00002712  mc_w.l(entry2.o)
    0x080002ac   0x00000024   Code   RO          627    .text               startup_stm32h750xx.o
    0x080002d0   0x00000062   Code   RO         4204    .text               mc_w.l(uldiv.o)
    0x08000332   0x0000001e   Code   RO         4224    .text               mc_w.l(llshl.o)
    0x08000350   0x00000020   Code   RO         4226    .text               mc_w.l(llushr.o)
    0x08000370   0x00000024   Code   RO         4228    .text               mc_w.l(init.o)
    0x08000394   0x00000002   Code   RO          333    i.BusFault_Handler  stm32h7xx_it.o
    0x08000396   0x00000002   PAD
    0x08000398   0x00000088   Code   RO          673    i.Cache_Enable      sys.o
    0x08000420   0x00000064   Code   RO         3982    i.Color_Test        gui.o
    0x08000484   0x00000002   Code   RO          334    i.DebugMon_Handler  stm32h7xx_it.o
    0x08000486   0x0000007e   Code   RO         3984    i.DisplayButtonUp   gui.o
    0x08000504   0x000000e8   Code   RO         3985    i.Font_Test         gui.o
    0x080005ec   0x0000015a   Code   RO         3986    i.Gui_Circle        gui.o
    0x08000746   0x00000002   PAD
    0x08000748   0x00000158   Code   RO         3987    i.Gui_DrawFont_GBK16  gui.o
    0x080008a0   0x00000080   Code   RO         3989    i.Gui_DrawFont_Num32  gui.o
    0x08000920   0x000000ac   Code   RO         3990    i.Gui_DrawLine      gui.o
    0x080009cc   0x00000028   Code   RO         4105    i.Gui_DrawPoint     lcd_driver.o
    0x080009f4   0x00000094   Code   RO         1261    i.HAL_DMA_Abort_IT  stm32h7xx_hal_dma.o
    0x08000a88   0x00000010   Code   RO          816    i.HAL_EnableCompensationCell  stm32h7xx_hal.o
    0x08000a98   0x000001e8   Code   RO         1374    i.HAL_GPIO_Init     stm32h7xx_hal_gpio.o
    0x08000c80   0x00000008   Code   RO         1377    i.HAL_GPIO_TogglePin  stm32h7xx_hal_gpio.o
    0x08000c88   0x0000000a   Code   RO         1378    i.HAL_GPIO_WritePin  stm32h7xx_hal_gpio.o
    0x08000c92   0x00000002   PAD
    0x08000c94   0x0000000c   Code   RO          823    i.HAL_GetTick       stm32h7xx_hal.o
    0x08000ca0   0x00000010   Code   RO          826    i.HAL_IncTick       stm32h7xx_hal.o
    0x08000cb0   0x0000001c   Code   RO          827    i.HAL_Init          stm32h7xx_hal.o
    0x08000ccc   0x00000040   Code   RO          828    i.HAL_InitTick      stm32h7xx_hal.o
    0x08000d0c   0x00000002   Code   RO          598    i.HAL_MspInit       stm32h7xx_hal_msp.o
    0x08000d0e   0x0000001a   Code   RO         1120    i.HAL_NVIC_EnableIRQ  stm32h7xx_hal_cortex.o
    0x08000d28   0x00000040   Code   RO         1126    i.HAL_NVIC_SetPriority  stm32h7xx_hal_cortex.o
    0x08000d68   0x00000024   Code   RO         1127    i.HAL_NVIC_SetPriorityGrouping  stm32h7xx_hal_cortex.o
    0x08000d8c   0x00000034   Code   RO         1917    i.HAL_RCCEx_GetD1SysClockFreq  stm32h7xx_hal_rcc_ex.o
    0x08000dc0   0x0000002c   Code   RO         1918    i.HAL_RCCEx_GetD3PCLK1Freq  stm32h7xx_hal_rcc_ex.o
    0x08000dec   0x000000fc   Code   RO         1920    i.HAL_RCCEx_GetPLL2ClockFreq  stm32h7xx_hal_rcc_ex.o
    0x08000ee8   0x000000fc   Code   RO         1921    i.HAL_RCCEx_GetPLL3ClockFreq  stm32h7xx_hal_rcc_ex.o
    0x08000fe4   0x000001d8   Code   RO         1810    i.HAL_RCC_ClockConfig  stm32h7xx_hal_rcc.o
    0x080011bc   0x00000034   Code   RO         1814    i.HAL_RCC_GetHCLKFreq  stm32h7xx_hal_rcc.o
    0x080011f0   0x0000002c   Code   RO         1816    i.HAL_RCC_GetPCLK1Freq  stm32h7xx_hal_rcc.o
    0x0800121c   0x0000002c   Code   RO         1817    i.HAL_RCC_GetPCLK2Freq  stm32h7xx_hal_rcc.o
    0x08001248   0x000000f8   Code   RO         1818    i.HAL_RCC_GetSysClockFreq  stm32h7xx_hal_rcc.o
    0x08001340   0x0000049c   Code   RO         1821    i.HAL_RCC_OscConfig  stm32h7xx_hal_rcc.o
    0x080017dc   0x00000018   Code   RO         1129    i.HAL_SYSTICK_CLKSourceConfig  stm32h7xx_hal_cortex.o
    0x080017f4   0x00000028   Code   RO         1131    i.HAL_SYSTICK_Config  stm32h7xx_hal_cortex.o
    0x0800181c   0x00000002   Code   RO         2427    i.HAL_UARTEx_WakeupCallback  stm32h7xx_hal_uart_ex.o
    0x0800181e   0x00000002   Code   RO         2093    i.HAL_UART_ErrorCallback  stm32h7xx_hal_uart.o
    0x08001820   0x0000000c   Code   RO         2095    i.HAL_UART_GetState  stm32h7xx_hal_uart.o
    0x0800182c   0x00000180   Code   RO         2096    i.HAL_UART_IRQHandler  stm32h7xx_hal_uart.o
    0x080019ac   0x0000006a   Code   RO         2097    i.HAL_UART_Init     stm32h7xx_hal_uart.o
    0x08001a16   0x00000002   PAD
    0x08001a18   0x00000080   Code   RO          728    i.HAL_UART_MspInit  usart.o
    0x08001a98   0x000000a6   Code   RO         2102    i.HAL_UART_Receive_IT  stm32h7xx_hal_uart.o
    0x08001b3e   0x00000002   PAD
    0x08001b40   0x00000058   Code   RO          729    i.HAL_UART_RxCpltCallback  usart.o
    0x08001b98   0x00000002   Code   RO         2108    i.HAL_UART_TxCpltCallback  stm32h7xx_hal_uart.o
    0x08001b9a   0x00000002   Code   RO          335    i.HardFault_Handler  stm32h7xx_it.o
    0x08001b9c   0x00000098   Code   RO         4106    i.LCD_GPIO_Init     lcd_driver.o
    0x08001c34   0x00000028   Code   RO         4107    i.LCD_SetParam      lcd_driver.o
    0x08001c5c   0x00000044   Code   RO         3879    i.LED_Init          led.o
    0x08001ca0   0x0000003a   Code   RO         4109    i.Lcd_Clear         lcd_driver.o
    0x08001cda   0x000001d4   Code   RO         4110    i.Lcd_Init          lcd_driver.o
    0x08001eae   0x00000002   PAD
    0x08001eb0   0x00000030   Code   RO         4111    i.Lcd_Reset         lcd_driver.o
    0x08001ee0   0x00000052   Code   RO         4112    i.Lcd_SetRegion     lcd_driver.o
    0x08001f32   0x00000010   Code   RO         4113    i.Lcd_SetXY         lcd_driver.o
    0x08001f42   0x00000002   PAD
    0x08001f44   0x00000038   Code   RO         4114    i.Lcd_WriteData     lcd_driver.o
    0x08001f7c   0x00000038   Code   RO         4115    i.Lcd_WriteIndex    lcd_driver.o
    0x08001fb4   0x00000012   Code   RO         4116    i.Lcd_WriteReg      lcd_driver.o
    0x08001fc6   0x00000002   Code   RO          336    i.NMI_Handler       stm32h7xx_it.o
    0x08001fc8   0x00000084   Code   RO         3993    i.Num_Test          gui.o
    0x0800204c   0x00000002   Code   RO          337    i.PendSV_Handler    stm32h7xx_it.o
    0x0800204e   0x00000002   PAD
    0x08002050   0x0000015c   Code   RO         3994    i.Redraw_Mainmenu   gui.o
    0x080021ac   0x0000004c   Code   RO         4117    i.SPI_WriteData     lcd_driver.o
    0x080021f8   0x00000002   Code   RO          338    i.SVC_Handler       stm32h7xx_it.o
    0x080021fa   0x00000002   PAD
    0x080021fc   0x000000ac   Code   RO          677    i.Stm32_Clock_Init  sys.o
    0x080022a8   0x00000004   Code   RO          339    i.SysTick_Handler   stm32h7xx_it.o
    0x080022ac   0x00000084   Code   RO          406    i.SystemInit        system_stm32h7xx.o
    0x08002330   0x0000002e   Code   RO         3995    i.Test_Demo         gui.o
    0x0800235e   0x000000c8   Code   RO         2110    i.UART_AdvFeatureConfig  stm32h7xx_hal_uart.o
    0x08002426   0x0000005c   Code   RO         2111    i.UART_CheckIdleState  stm32h7xx_hal_uart.o
    0x08002482   0x00000014   Code   RO         2112    i.UART_DMAAbortOnError  stm32h7xx_hal_uart.o
    0x08002496   0x0000001c   Code   RO         2122    i.UART_EndRxTransfer  stm32h7xx_hal_uart.o
    0x080024b2   0x00000076   Code   RO         2124    i.UART_Receive_IT   stm32h7xx_hal_uart.o
    0x08002528   0x000004a8   Code   RO         2125    i.UART_SetConfig    stm32h7xx_hal_uart.o
    0x080029d0   0x00000074   Code   RO         2126    i.UART_Transmit_IT  stm32h7xx_hal_uart.o
    0x08002a44   0x00000062   Code   RO         2127    i.UART_WaitOnFlagUntilTimeout  stm32h7xx_hal_uart.o
    0x08002aa6   0x00000002   PAD
    0x08002aa8   0x00000044   Code   RO          730    i.USART1_IRQHandler  usart.o
    0x08002aec   0x00000002   Code   RO          340    i.UsageFault_Handler  stm32h7xx_it.o
    0x08002aee   0x00000020   Code   RO         1133    i.__NVIC_SetPriority  stm32h7xx_hal_cortex.o
    0x08002b0e   0x0000000e   Code   RO         4232    i.__scatterload_copy  mc_w.l(handlers.o)
    0x08002b1c   0x00000002   Code   RO         4233    i.__scatterload_null  mc_w.l(handlers.o)
    0x08002b1e   0x0000000e   Code   RO         4234    i.__scatterload_zeroinit  mc_w.l(handlers.o)
    0x08002b2c   0x00000014   Code   RO          634    i.delay_init        delay.o
    0x08002b40   0x0000001a   Code   RO          635    i.delay_ms          delay.o
    0x08002b5a   0x00000002   PAD
    0x08002b5c   0x00000034   Code   RO          636    i.delay_us          delay.o
    0x08002b90   0x00000054   Code   RO            4    i.main              main.o
    0x08002be4   0x00000104   Code   RO         3996    i.show_Circle       gui.o
    0x08002ce8   0x00000070   Code   RO         3997    i.show_pic          gui.o
    0x08002d58   0x00000038   Code   RO          734    i.uart_init         usart.o
    0x08002d90   0x00000010   Data   RO          407    .constdata          system_stm32h7xx.o
    0x08002da0   0x00000018   Data   RO         2128    .constdata          stm32h7xx_hal_uart.o
    0x08002db8   0x0000bb0a   Data   RO         3998    .constdata          gui.o
    0x0800e8c2   0x00000002   PAD
    0x0800e8c4   0x00000020   Data   RO         4230    Region$$Table       anon$$obj.o


    Execution Region RW_IRAM1 (Base: 0x20000000, Size: 0x00000000, Max: 0x00020000, ABSOLUTE)

    **** No section assigned to this execution region ****


    Execution Region RW_IRAM2 (Base: 0x24000000, Size: 0x00000b80, Max: 0x00080000, ABSOLUTE)

    Base Addr    Size         Type   Attr      Idx    E Section Name        Object

    0x24000000   0x00000004   Data   RW          408    .data               system_stm32h7xx.o
    0x24000004   0x00000004   Data   RW          409    .data               system_stm32h7xx.o
    0x24000008   0x00000004   Data   RW          637    .data               delay.o
    0x2400000c   0x00000004   Data   RW          736    .data               usart.o
    0x24000010   0x0000000c   Data   RW          849    .data               stm32h7xx_hal.o
    0x2400001c   0x0000000a   Data   RW         4000    .data               gui.o
    0x24000026   0x00000002   PAD
    0x24000028   0x00000148   Zero   RW          735    .bss                usart.o
    0x24000170   0x0000000e   Zero   RW         4118    .bss                lcd_driver.o
    0x2400017e   0x00000002   PAD
    0x24000180   0x00000a00   Zero   RW          624    STACK               startup_stm32h750xx.o


==============================================================================

Image component sizes


      Code (inc. data)   RO Data    RW Data    ZI Data      Debug   Object Name

        98          8          0          4          0       2031   delay.o
      2346        258      47882         10          0      11245   gui.o
      1110         38          0          0         14       9933   lcd_driver.o
        68          8          0          0          0        907   led.o
        84          6          0          0          0    1172455   main.o
        36          8        664          0       2560        840   startup_stm32h750xx.o
       136         24          0         12          0       4051   stm32h7xx_hal.o
       222         14          0          0          0      39017   stm32h7xx_hal_cortex.o
       148         10          0          0          0       2151   stm32h7xx_hal_dma.o
       506         50          0          0          0       3433   stm32h7xx_hal_gpio.o
         2          0          0          0          0        466   stm32h7xx_hal_msp.o
      2040        108          0          0          0       6636   stm32h7xx_hal_rcc.o
       600         86          0          0          0       3875   stm32h7xx_hal_rcc_ex.o
      2536        122         24          0          0      33828   stm32h7xx_hal_uart.o
         2          0          0          0          0       1072   stm32h7xx_hal_uart_ex.o
        18          0          0          0          0       3706   stm32h7xx_it.o
       308         20          0          0          0      36589   sys.o
       132         16         16          8          0       1194   system_stm32h7xx.o
       340         50          0          4        328       4629   usart.o

    ----------------------------------------------------------------------
     10754        826      48620         40       2904    1338058   Object Totals
         0          0         32          0          0          0   (incl. Generated)
        22          0          2          2          2          0   (incl. Padding)

    ----------------------------------------------------------------------

      Code (inc. data)   RO Data    RW Data    ZI Data      Debug   Library Member Name

         0          0          0          0          0          0   entry.o
         0          0          0          0          0          0   entry10a.o
         0          0          0          0          0          0   entry11a.o
         8          4          0          0          0          0   entry2.o
         4          0          0          0          0          0   entry5.o
         0          0          0          0          0          0   entry7b.o
         0          0          0          0          0          0   entry8b.o
         8          4          0          0          0          0   entry9a.o
        30          0          0          0          0          0   handlers.o
        36          8          0          0          0         68   init.o
        30          0          0          0          0         68   llshl.o
        32          0          0          0          0         68   llushr.o
        98          0          0          0          0         92   uldiv.o

    ----------------------------------------------------------------------
       246         16          0          0          0        296   Library Totals
         0          0          0          0          0          0   (incl. Padding)

    ----------------------------------------------------------------------

      Code (inc. data)   RO Data    RW Data    ZI Data      Debug   Library Name

       246         16          0          0          0        296   mc_w.l

    ----------------------------------------------------------------------
       246         16          0          0          0        296   Library Totals

    ----------------------------------------------------------------------

==============================================================================


      Code (inc. data)   RO Data    RW Data    ZI Data      Debug   

     11000        842      48620         40       2904    1330706   Grand Totals
     11000        842      48620         40       2904    1330706   ELF Image Totals
     11000        842      48620         40          0          0   ROM Totals

==============================================================================

    Total RO  Size (Code + RO Data)                59620 (  58.22kB)
    Total RW  Size (RW Data + ZI Data)              2944 (   2.88kB)
    Total ROM Size (Code + RO Data + RW Data)      59660 (  58.26kB)

==============================================================================

